jWrite.c:62:6:jwOpen	24	static
jWrite.c:83:5:jwClose	16	static
jWrite.c:103:5:jwEnd	16	static
jWrite.c:122:5:jwErrorPos	4	static
jWrite.c:135:6:jwObj_raw	16	static
jWrite.c:143:6:jwObj_string	16	static
jWrite.c:149:6:jwObj_int	16	static
jWrite.c:155:6:jwObj_double	24	static
jWrite.c:161:6:jwObj_bool	16	static
jWrite.c:166:6:jwObj_null	16	static
jWrite.c:173:6:jwObj_object	16	static
jWrite.c:184:6:jwObj_array	16	static
jWrite.c:200:6:jwArr_raw	16	static
jWrite.c:208:6:jwArr_string	16	static
jWrite.c:214:6:jwArr_int	16	static
jWrite.c:220:6:jwArr_double	16	static
jWrite.c:226:6:jwArr_bool	16	static
jWrite.c:231:6:jwArr_null	8	static
jWrite.c:236:6:jwArr_object	8	static
jWrite.c:245:6:jwArr_array	8	static
jWrite.c:259:7:jwErrorToString	16	static
jWrite.c:277:6:jwPretty	16	static
jWrite.c:290:6:jwPush	16	static
jWrite.c:301:17:jwPop	16	static
jWrite.c:311:6:jwPutch	16	static
jWrite.c:323:6:jwPutstr	16	static
jWrite.c:333:6:jwPutraw	16	static
jWrite.c:346:5:_jwObj	24	static
jWrite.c:369:5:_jwArr	16	static
jWrite.c:400:13:strreverse	24	static
jWrite.c:412:6:modp_itoa10	24	static
jWrite.c:448:6:modp_dtoa2	80	static
