Archive member included to satisfy reference by file (symbol)

c:/st/stm32cubeide_1.3.0/stm32cubeide/plugins/com.st.stm32cube.ide.mcu.externaltools.gnu-tools-for-stm32.7-2018-q2-update.win32_1.0.0.201904181610/tools/bin/../lib/gcc/arm-none-eabi/7.3.1/../../../../arm-none-eabi/lib/thumb/v7-m\libc_nano.a(lib_a-errno.o)
                              Core/Src/syscalls.o (__errno)
c:/st/stm32cubeide_1.3.0/stm32cubeide/plugins/com.st.stm32cube.ide.mcu.externaltools.gnu-tools-for-stm32.7-2018-q2-update.win32_1.0.0.201904181610/tools/bin/../lib/gcc/arm-none-eabi/7.3.1/../../../../arm-none-eabi/lib/thumb/v7-m\libc_nano.a(lib_a-exit.o)
                              c:/st/stm32cubeide_1.3.0/stm32cubeide/plugins/com.st.stm32cube.ide.mcu.externaltools.gnu-tools-for-stm32.7-2018-q2-update.win32_1.0.0.201904181610/tools/bin/../lib/gcc/arm-none-eabi/7.3.1/../../../../arm-none-eabi/lib/thumb/v7-m/crt0.o (exit)
c:/st/stm32cubeide_1.3.0/stm32cubeide/plugins/com.st.stm32cube.ide.mcu.externaltools.gnu-tools-for-stm32.7-2018-q2-update.win32_1.0.0.201904181610/tools/bin/../lib/gcc/arm-none-eabi/7.3.1/../../../../arm-none-eabi/lib/thumb/v7-m\libc_nano.a(lib_a-impure.o)
                              c:/st/stm32cubeide_1.3.0/stm32cubeide/plugins/com.st.stm32cube.ide.mcu.externaltools.gnu-tools-for-stm32.7-2018-q2-update.win32_1.0.0.201904181610/tools/bin/../lib/gcc/arm-none-eabi/7.3.1/../../../../arm-none-eabi/lib/thumb/v7-m\libc_nano.a(lib_a-exit.o) (_global_impure_ptr)
c:/st/stm32cubeide_1.3.0/stm32cubeide/plugins/com.st.stm32cube.ide.mcu.externaltools.gnu-tools-for-stm32.7-2018-q2-update.win32_1.0.0.201904181610/tools/bin/../lib/gcc/arm-none-eabi/7.3.1/../../../../arm-none-eabi/lib/thumb/v7-m\libc_nano.a(lib_a-init.o)
                              c:/st/stm32cubeide_1.3.0/stm32cubeide/plugins/com.st.stm32cube.ide.mcu.externaltools.gnu-tools-for-stm32.7-2018-q2-update.win32_1.0.0.201904181610/tools/bin/../lib/gcc/arm-none-eabi/7.3.1/../../../../arm-none-eabi/lib/thumb/v7-m/crt0.o (__libc_init_array)
c:/st/stm32cubeide_1.3.0/stm32cubeide/plugins/com.st.stm32cube.ide.mcu.externaltools.gnu-tools-for-stm32.7-2018-q2-update.win32_1.0.0.201904181610/tools/bin/../lib/gcc/arm-none-eabi/7.3.1/../../../../arm-none-eabi/lib/thumb/v7-m\libc_nano.a(lib_a-memset.o)
                              c:/st/stm32cubeide_1.3.0/stm32cubeide/plugins/com.st.stm32cube.ide.mcu.externaltools.gnu-tools-for-stm32.7-2018-q2-update.win32_1.0.0.201904181610/tools/bin/../lib/gcc/arm-none-eabi/7.3.1/../../../../arm-none-eabi/lib/thumb/v7-m/crt0.o (memset)

Allocating common symbols
Common symbol       size              file

hUsbDeviceFS        0x2c4             USB_DEVICE/App/usb_device.o
hspi2               0x58              Core/Src/main.o
huart3              0x40              Core/Src/main.o
hcrc                0x8               Core/Src/main.o
uwTick              0x4               Drivers/STM32F1xx_HAL_Driver/Src/stm32f1xx_hal.o
pFlash              0x20              Drivers/STM32F1xx_HAL_Driver/Src/stm32f1xx_hal_flash.o
huart1              0x40              Core/Src/main.o
hspi1               0x58              Core/Src/main.o
huart2              0x40              Core/Src/main.o
hpcd_USB_FS         0x26c             USB_DEVICE/Target/usbd_conf.o
USBD_StrDesc        0x200             USB_DEVICE/App/usbd_desc.o

Discarded input sections

 .text          0x0000000000000000        0x0 c:/st/stm32cubeide_1.3.0/stm32cubeide/plugins/com.st.stm32cube.ide.mcu.externaltools.gnu-tools-for-stm32.7-2018-q2-update.win32_1.0.0.201904181610/tools/bin/../lib/gcc/arm-none-eabi/7.3.1/thumb/v7-m/crti.o
 .data          0x0000000000000000        0x0 c:/st/stm32cubeide_1.3.0/stm32cubeide/plugins/com.st.stm32cube.ide.mcu.externaltools.gnu-tools-for-stm32.7-2018-q2-update.win32_1.0.0.201904181610/tools/bin/../lib/gcc/arm-none-eabi/7.3.1/thumb/v7-m/crti.o
 .bss           0x0000000000000000        0x0 c:/st/stm32cubeide_1.3.0/stm32cubeide/plugins/com.st.stm32cube.ide.mcu.externaltools.gnu-tools-for-stm32.7-2018-q2-update.win32_1.0.0.201904181610/tools/bin/../lib/gcc/arm-none-eabi/7.3.1/thumb/v7-m/crti.o
 .data          0x0000000000000000        0x4 c:/st/stm32cubeide_1.3.0/stm32cubeide/plugins/com.st.stm32cube.ide.mcu.externaltools.gnu-tools-for-stm32.7-2018-q2-update.win32_1.0.0.201904181610/tools/bin/../lib/gcc/arm-none-eabi/7.3.1/thumb/v7-m/crtbegin.o
 .text          0x0000000000000000       0x74 c:/st/stm32cubeide_1.3.0/stm32cubeide/plugins/com.st.stm32cube.ide.mcu.externaltools.gnu-tools-for-stm32.7-2018-q2-update.win32_1.0.0.201904181610/tools/bin/../lib/gcc/arm-none-eabi/7.3.1/../../../../arm-none-eabi/lib/thumb/v7-m/crt0.o
 .data          0x0000000000000000        0x0 c:/st/stm32cubeide_1.3.0/stm32cubeide/plugins/com.st.stm32cube.ide.mcu.externaltools.gnu-tools-for-stm32.7-2018-q2-update.win32_1.0.0.201904181610/tools/bin/../lib/gcc/arm-none-eabi/7.3.1/../../../../arm-none-eabi/lib/thumb/v7-m/crt0.o
[...]
Memory Configuration

Name             Origin             Length             Attributes
RAM              0x0000000020000000 0x0000000000005000 xrw
FLASH            0x0000000008000000 0x0000000000010000 xr
*default*        0x0000000000000000 0xffffffffffffffff

Linker script and memory map

LOAD c:/st/stm32cubeide_1.3.0/stm32cubeide/plugins/com.st.stm32cube.ide.mcu.externaltools.gnu-tools-for-stm32.7-2018-q2-update.win32_1.0.0.201904181610/tools/bin/../lib/gcc/arm-none-eabi/7.3.1/thumb/v7-m/crti.o
LOAD c:/st/stm32cubeide_1.3.0/stm32cubeide/plugins/com.st.stm32cube.ide.mcu.externaltools.gnu-tools-for-stm32.7-2018-q2-update.win32_1.0.0.201904181610/tools/bin/../lib/gcc/arm-none-eabi/7.3.1/thumb/v7-m/crtbegin.o
LOAD c:/st/stm32cubeide_1.3.0/stm32cubeide/plugins/com.st.stm32cube.ide.mcu.externaltools.gnu-tools-for-stm32.7-2018-q2-update.win32_1.0.0.201904181610/tools/bin/../lib/gcc/arm-none-eabi/7.3.1/../../../../arm-none-eabi/lib/thumb/v7-m/crt0.o
LOAD Core/Src/main.o
LOAD Core/Src/stm32f1xx_hal_msp.o
LOAD Core/Src/stm32f1xx_it.o
LOAD Core/Src/syscalls.o
LOAD Core/Src/sysmem.o
LOAD Core/Src/system_stm32f1xx.o
LOAD Core/Startup/startup_stm32f103c8tx.o
LOAD Drivers/STM32F1xx_HAL_Driver/Src/stm32f1xx_hal.o
LOAD Drivers/STM32F1xx_HAL_Driver/Src/stm32f1xx_hal_cortex.o
LOAD Drivers/STM32F1xx_HAL_Driver/Src/stm32f1xx_hal_crc.o
LOAD Drivers/STM32F1xx_HAL_Driver/Src/stm32f1xx_hal_dma.o
LOAD Drivers/STM32F1xx_HAL_Driver/Src/stm32f1xx_hal_exti.o
LOAD Drivers/STM32F1xx_HAL_Driver/Src/stm32f1xx_hal_flash.o
LOAD Drivers/STM32F1xx_HAL_Driver/Src/stm32f1xx_hal_flash_ex.o
LOAD Drivers/STM32F1xx_HAL_Driver/Src/stm32f1xx_hal_gpio.o
LOAD Drivers/STM32F1xx_HAL_Driver/Src/stm32f1xx_hal_gpio_ex.o
LOAD Drivers/STM32F1xx_HAL_Driver/Src/stm32f1xx_hal_pcd.o
LOAD Drivers/STM32F1xx_HAL_Driver/Src/stm32f1xx_hal_pcd_ex.o
LOAD Drivers/STM32F1xx_HAL_Driver/Src/stm32f1xx_hal_pwr.o
LOAD Drivers/STM32F1xx_HAL_Driver/Src/stm32f1xx_hal_rcc.o
LOAD Drivers/STM32F1xx_HAL_Driver/Src/stm32f1xx_hal_rcc_ex.o
LOAD Drivers/STM32F1xx_HAL_Driver/Src/stm32f1xx_hal_spi.o
LOAD Drivers/STM32F1xx_HAL_Driver/Src/stm32f1xx_hal_tim.o
LOAD Drivers/STM32F1xx_HAL_Driver/Src/stm32f1xx_hal_tim_ex.o
LOAD Drivers/STM32F1xx_HAL_Driver/Src/stm32f1xx_hal_uart.o
LOAD Drivers/STM32F1xx_HAL_Driver/Src/stm32f1xx_ll_usb.o
LOAD Middlewares/ST/STM32_USB_Device_Library/Class/CustomHID/Src/usbd_customhid.o
LOAD Middlewares/ST/STM32_USB_Device_Library/Core/Src/usbd_core.o
LOAD Middlewares/ST/STM32_USB_Device_Library/Core/Src/usbd_ctlreq.o
LOAD Middlewares/ST/STM32_USB_Device_Library/Core/Src/usbd_ioreq.o
LOAD USB_DEVICE/App/usb_device.o
LOAD USB_DEVICE/App/usbd_custom_hid_if.o
LOAD USB_DEVICE/App/usbd_desc.o
LOAD USB_DEVICE/Target/usbd_conf.o
START GROUP
LOAD c:/st/stm32cubeide_1.3.0/stm32cubeide/plugins/com.st.stm32cube.ide.mcu.externaltools.gnu-tools-for-stm32.7-2018-q2-update.win32_1.0.0.201904181610/tools/bin/../lib/gcc/arm-none-eabi/7.3.1/../../../../arm-none-eabi/lib/thumb/v7-m\libc_nano.a
LOAD c:/st/stm32cubeide_1.3.0/stm32cubeide/plugins/com.st.stm32cube.ide.mcu.externaltools.gnu-tools-for-stm32.7-2018-q2-update.win32_1.0.0.201904181610/tools/bin/../lib/gcc/arm-none-eabi/7.3.1/../../../../arm-none-eabi/lib/thumb/v7-m\libm.a
END GROUP
START GROUP
LOAD c:/st/stm32cubeide_1.3.0/stm32cubeide/plugins/com.st.stm32cube.ide.mcu.externaltools.gnu-tools-for-stm32.7-2018-q2-update.win32_1.0.0.201904181610/tools/bin/../lib/gcc/arm-none-eabi/7.3.1/thumb/v7-m\libgcc.a
LOAD c:/st/stm32cubeide_1.3.0/stm32cubeide/plugins/com.st.stm32cube.ide.mcu.externaltools.gnu-tools-for-stm32.7-2018-q2-update.win32_1.0.0.201904181610/tools/bin/../lib/gcc/arm-none-eabi/7.3.1/../../../../arm-none-eabi/lib/thumb/v7-m\libc_nano.a
END GROUP
START GROUP
LOAD c:/st/stm32cubeide_1.3.0/stm32cubeide/plugins/com.st.stm32cube.ide.mcu.externaltools.gnu-tools-for-stm32.7-2018-q2-update.win32_1.0.0.201904181610/tools/bin/../lib/gcc/arm-none-eabi/7.3.1/thumb/v7-m\libgcc.a
LOAD c:/st/stm32cubeide_1.3.0/stm32cubeide/plugins/com.st.stm32cube.ide.mcu.externaltools.gnu-tools-for-stm32.7-2018-q2-update.win32_1.0.0.201904181610/tools/bin/../lib/gcc/arm-none-eabi/7.3.1/../../../../arm-none-eabi/lib/thumb/v7-m\libc_nano.a
LOAD c:/st/stm32cubeide_1.3.0/stm32cubeide/plugins/com.st.stm32cube.ide.mcu.externaltools.gnu-tools-for-stm32.7-2018-q2-update.win32_1.0.0.201904181610/tools/bin/../lib/gcc/arm-none-eabi/7.3.1/../../../../arm-none-eabi/lib/thumb/v7-m\libnosys.a
END GROUP
START GROUP
LOAD c:/st/stm32cubeide_1.3.0/stm32cubeide/plugins/com.st.stm32cube.ide.mcu.externaltools.gnu-tools-for-stm32.7-2018-q2-update.win32_1.0.0.201904181610/tools/bin/../lib/gcc/arm-none-eabi/7.3.1/thumb/v7-m\libgcc.a
LOAD c:/st/stm32cubeide_1.3.0/stm32cubeide/plugins/com.st.stm32cube.ide.mcu.externaltools.gnu-tools-for-stm32.7-2018-q2-update.win32_1.0.0.201904181610/tools/bin/../lib/gcc/arm-none-eabi/7.3.1/../../../../arm-none-eabi/lib/thumb/v7-m\libc_nano.a
LOAD c:/st/stm32cubeide_1.3.0/stm32cubeide/plugins/com.st.stm32cube.ide.mcu.externaltools.gnu-tools-for-stm32.7-2018-q2-update.win32_1.0.0.201904181610/tools/bin/../lib/gcc/arm-none-eabi/7.3.1/../../../../arm-none-eabi/lib/thumb/v7-m\libnosys.a
END GROUP
LOAD c:/st/stm32cubeide_1.3.0/stm32cubeide/plugins/com.st.stm32cube.ide.mcu.externaltools.gnu-tools-for-stm32.7-2018-q2-update.win32_1.0.0.201904181610/tools/bin/../lib/gcc/arm-none-eabi/7.3.1/thumb/v7-m/crtend.o
LOAD c:/st/stm32cubeide_1.3.0/stm32cubeide/plugins/com.st.stm32cube.ide.mcu.externaltools.gnu-tools-for-stm32.7-2018-q2-update.win32_1.0.0.201904181610/tools/bin/../lib/gcc/arm-none-eabi/7.3.1/thumb/v7-m/crtn.o
                0x0000000020005000                _estack = (ORIGIN (RAM) + LENGTH (RAM))
                0x0000000000000400                _Min_Heap_Size = 0x400
                0x0000000000000400                _Min_Stack_Size = 0x400

.isr_vector     0x0000000008000000      0x10c
                0x0000000008000000                . = ALIGN (0x4)
 *(.isr_vector)
 .isr_vector    0x0000000008000000      0x10c Core/Startup/startup_stm32f103c8tx.o
                0x0000000008000000                g_pfnVectors
                0x000000000800010c                . = ALIGN (0x4)

.text           0x000000000800010c     0x5918
                0x000000000800010c                . = ALIGN (0x4)
 *(.text)
 .text          0x000000000800010c       0x40 c:/st/stm32cubeide_1.3.0/stm32cubeide/plugins/com.st.stm32cube.ide.mcu.externaltools.gnu-tools-for-stm32.7-2018-q2-update.win32_1.0.0.201904181610/tools/bin/../lib/gcc/arm-none-eabi/7.3.1/thumb/v7-m/crtbegin.o
 *(.text*)
 .text.main     0x000000000800014c       0x2e Core/Src/main.o
                0x000000000800014c                main
 .text.SystemClock_Config
                0x000000000800017a       0xb4 Core/Src/main.o
                0x000000000800017a                SystemClock_Config
 *fill*         0x000000000800022e        0x2 
 .text.MX_CRC_Init
                0x0000000008000230       0x28 Core/Src/main.o
 .text.MX_SPI1_Init
                0x0000000008000258       0x6c Core/Src/main.o
 .text.MX_SPI2_Init
                0x00000000080002c4       0x6c Core/Src/main.o
 .text.MX_USART1_UART_Init
                0x0000000008000330       0x54 Core/Src/main.o
 .text.MX_USART2_UART_Init
                0x0000000008000384       0x54 Core/Src/main.o
 .text.MX_USART3_UART_Init
                0x00000000080003d8       0x54 Core/Src/main.o
 .text.MX_GPIO_Init
                0x000000000800042c      0x140 Core/Src/main.o
 .text.Error_Handler
                0x000000000800056c        0xc Core/Src/main.o
                0x000000000800056c                Error_Handler
 .text.HAL_MspInit
                0x0000000008000578       0x64 Core/Src/stm32f1xx_hal_msp.o
                0x0000000008000578                HAL_MspInit
 .text.HAL_CRC_MspInit
                0x00000000080005dc       0x3c Core/Src/stm32f1xx_hal_msp.o
                0x00000000080005dc                HAL_CRC_MspInit
 .text.HAL_SPI_MspInit
                0x0000000008000618      0x10c Core/Src/stm32f1xx_hal_msp.o
                0x0000000008000618                HAL_SPI_MspInit
 .text.HAL_UART_MspInit
                0x0000000008000724      0x180 Core/Src/stm32f1xx_hal_msp.o
                0x0000000008000724                HAL_UART_MspInit
 .text.NMI_Handler
                0x00000000080008a4        0xc Core/Src/stm32f1xx_it.o
                0x00000000080008a4                NMI_Handler
 .text.HardFault_Handler
                0x00000000080008b0        0x6 Core/Src/stm32f1xx_it.o
                0x00000000080008b0                HardFault_Handler
 .text.MemManage_Handler
                0x00000000080008b6        0x6 Core/Src/stm32f1xx_it.o
                0x00000000080008b6                MemManage_Handler
 .text.BusFault_Handler
                0x00000000080008bc        0x6 Core/Src/stm32f1xx_it.o
                0x00000000080008bc                BusFault_Handler
 .text.UsageFault_Handler
                0x00000000080008c2        0x6 Core/Src/stm32f1xx_it.o
                0x00000000080008c2                UsageFault_Handler
 .text.SVC_Handler
                0x00000000080008c8        0xc Core/Src/stm32f1xx_it.o
                0x00000000080008c8                SVC_Handler
 .text.DebugMon_Handler
                0x00000000080008d4        0xc Core/Src/stm32f1xx_it.o
                0x00000000080008d4                DebugMon_Handler
 .text.PendSV_Handler
                0x00000000080008e0        0xc Core/Src/stm32f1xx_it.o
                0x00000000080008e0                PendSV_Handler
 .text.SysTick_Handler
                0x00000000080008ec        0xc Core/Src/stm32f1xx_it.o
                0x00000000080008ec                SysTick_Handler
 .text.USB_LP_CAN1_RX0_IRQHandler
                0x00000000080008f8       0x14 Core/Src/stm32f1xx_it.o
                0x00000000080008f8                USB_LP_CAN1_RX0_IRQHandler
 .text.SystemInit
                0x000000000800090c       0x68 Core/Src/system_stm32f1xx.o
                0x000000000800090c                SystemInit
 .text.Reset_Handler
                0x0000000008000974       0x48 Core/Startup/startup_stm32f103c8tx.o
                0x0000000008000974                Reset_Handler
 .text.Default_Handler
                0x00000000080009bc        0x2 Core/Startup/startup_stm32f103c8tx.o
                0x00000000080009bc                RTC_Alarm_IRQHandler
                0x00000000080009bc                EXTI2_IRQHandler
                0x00000000080009bc                TIM1_CC_IRQHandler
                0x00000000080009bc                PVD_IRQHandler
                0x00000000080009bc                EXTI3_IRQHandler
                0x00000000080009bc                EXTI0_IRQHandler
                0x00000000080009bc                I2C2_EV_IRQHandler
                0x00000000080009bc                ADC1_2_IRQHandler
                0x00000000080009bc                SPI1_IRQHandler
                0x00000000080009bc                TAMPER_IRQHandler
                0x00000000080009bc                DMA1_Channel4_IRQHandler
                0x00000000080009bc                USART3_IRQHandler
                0x00000000080009bc                RTC_IRQHandler
                0x00000000080009bc                DMA1_Channel7_IRQHandler
                0x00000000080009bc                CAN1_RX1_IRQHandler
                0x00000000080009bc                TIM4_IRQHandler
                0x00000000080009bc                I2C1_EV_IRQHandler
                0x00000000080009bc                DMA1_Channel6_IRQHandler
                0x00000000080009bc                TIM3_IRQHandler
                0x00000000080009bc                RCC_IRQHandler
                0x00000000080009bc                TIM1_TRG_COM_IRQHandler
                0x00000000080009bc                DMA1_Channel1_IRQHandler
                0x00000000080009bc                Default_Handler
                0x00000000080009bc                EXTI15_10_IRQHandler
                0x00000000080009bc                EXTI9_5_IRQHandler
                0x00000000080009bc                SPI2_IRQHandler
                0x00000000080009bc                DMA1_Channel5_IRQHandler
                0x00000000080009bc                EXTI4_IRQHandler
                0x00000000080009bc                USB_HP_CAN1_TX_IRQHandler
                0x00000000080009bc                DMA1_Channel3_IRQHandler
                0x00000000080009bc                TIM1_UP_IRQHandler
                0x00000000080009bc                WWDG_IRQHandler
                0x00000000080009bc                TIM2_IRQHandler
                0x00000000080009bc                TIM1_BRK_IRQHandler
                0x00000000080009bc                EXTI1_IRQHandler
                0x00000000080009bc                USART2_IRQHandler
                0x00000000080009bc                I2C2_ER_IRQHandler
                0x00000000080009bc                DMA1_Channel2_IRQHandler
                0x00000000080009bc                CAN1_SCE_IRQHandler
                0x00000000080009bc                FLASH_IRQHandler
                0x00000000080009bc                USART1_IRQHandler
                0x00000000080009bc                I2C1_ER_IRQHandler
                0x00000000080009bc                USBWakeUp_IRQHandler
 *fill*         0x00000000080009be        0x2 
 .text.HAL_Init
                0x00000000080009c0       0x2c Drivers/STM32F1xx_HAL_Driver/Src/stm32f1xx_hal.o
                0x00000000080009c0                HAL_Init
 .text.HAL_InitTick
                0x00000000080009ec       0x60 Drivers/STM32F1xx_HAL_Driver/Src/stm32f1xx_hal.o
                0x00000000080009ec                HAL_InitTick
 .text.HAL_IncTick
                0x0000000008000a4c       0x24 Drivers/STM32F1xx_HAL_Driver/Src/stm32f1xx_hal.o
                0x0000000008000a4c                HAL_IncTick
 .text.HAL_GetTick
                0x0000000008000a70       0x14 Drivers/STM32F1xx_HAL_Driver/Src/stm32f1xx_hal.o
                0x0000000008000a70                HAL_GetTick
 .text.__NVIC_SetPriorityGrouping
                0x0000000008000a84       0x48 Drivers/STM32F1xx_HAL_Driver/Src/stm32f1xx_hal_cortex.o
 .text.__NVIC_GetPriorityGrouping
                0x0000000008000acc       0x1c Drivers/STM32F1xx_HAL_Driver/Src/stm32f1xx_hal_cortex.o
 .text.__NVIC_EnableIRQ
                0x0000000008000ae8       0x38 Drivers/STM32F1xx_HAL_Driver/Src/stm32f1xx_hal_cortex.o
 .text.__NVIC_SetPriority
                0x0000000008000b20       0x54 Drivers/STM32F1xx_HAL_Driver/Src/stm32f1xx_hal_cortex.o
 .text.NVIC_EncodePriority
                0x0000000008000b74       0x64 Drivers/STM32F1xx_HAL_Driver/Src/stm32f1xx_hal_cortex.o
 .text.SysTick_Config
                0x0000000008000bd8       0x44 Drivers/STM32F1xx_HAL_Driver/Src/stm32f1xx_hal_cortex.o
 .text.HAL_NVIC_SetPriorityGrouping
                0x0000000008000c1c       0x16 Drivers/STM32F1xx_HAL_Driver/Src/stm32f1xx_hal_cortex.o
                0x0000000008000c1c                HAL_NVIC_SetPriorityGrouping
 .text.HAL_NVIC_SetPriority
                0x0000000008000c32       0x38 Drivers/STM32F1xx_HAL_Driver/Src/stm32f1xx_hal_cortex.o
                0x0000000008000c32                HAL_NVIC_SetPriority
 .text.HAL_NVIC_EnableIRQ
                0x0000000008000c6a       0x1c Drivers/STM32F1xx_HAL_Driver/Src/stm32f1xx_hal_cortex.o
                0x0000000008000c6a                HAL_NVIC_EnableIRQ
 .text.HAL_SYSTICK_Config
                0x0000000008000c86       0x18 Drivers/STM32F1xx_HAL_Driver/Src/stm32f1xx_hal_cortex.o
                0x0000000008000c86                HAL_SYSTICK_Config
 .text.HAL_CRC_Init
                0x0000000008000c9e       0x38 Drivers/STM32F1xx_HAL_Driver/Src/stm32f1xx_hal_crc.o
                0x0000000008000c9e                HAL_CRC_Init
 *fill*         0x0000000008000cd6        0x2 
 .text.HAL_GPIO_Init
                0x0000000008000cd8      0x2b4 Drivers/STM32F1xx_HAL_Driver/Src/stm32f1xx_hal_gpio.o
                0x0000000008000cd8                HAL_GPIO_Init
 .text.HAL_GPIO_WritePin
                0x0000000008000f8c       0x30 Drivers/STM32F1xx_HAL_Driver/Src/stm32f1xx_hal_gpio.o
                0x0000000008000f8c                HAL_GPIO_WritePin
 .text.HAL_PCD_Init
                0x0000000008000fbc      0x1c2 Drivers/STM32F1xx_HAL_Driver/Src/stm32f1xx_hal_pcd.o
                0x0000000008000fbc                HAL_PCD_Init
 .text.HAL_PCD_Start
                0x000000000800117e       0x4c Drivers/STM32F1xx_HAL_Driver/Src/stm32f1xx_hal_pcd.o
                0x000000000800117e                HAL_PCD_Start
 .text.HAL_PCD_IRQHandler
                0x00000000080011ca      0x21c Drivers/STM32F1xx_HAL_Driver/Src/stm32f1xx_hal_pcd.o
                0x00000000080011ca                HAL_PCD_IRQHandler
 .text.HAL_PCD_SetAddress
                0x00000000080013e6       0x4a Drivers/STM32F1xx_HAL_Driver/Src/stm32f1xx_hal_pcd.o
                0x00000000080013e6                HAL_PCD_SetAddress
 .text.HAL_PCD_EP_Open
                0x0000000008001430       0xc0 Drivers/STM32F1xx_HAL_Driver/Src/stm32f1xx_hal_pcd.o
                0x0000000008001430                HAL_PCD_EP_Open
 .text.HAL_PCD_EP_Close
                0x00000000080014f0       0x84 Drivers/STM32F1xx_HAL_Driver/Src/stm32f1xx_hal_pcd.o
                0x00000000080014f0                HAL_PCD_EP_Close
 .text.HAL_PCD_EP_Receive
                0x0000000008001574       0x74 Drivers/STM32F1xx_HAL_Driver/Src/stm32f1xx_hal_pcd.o
                0x0000000008001574                HAL_PCD_EP_Receive
 .text.HAL_PCD_EP_Transmit
                0x00000000080015e8       0x72 Drivers/STM32F1xx_HAL_Driver/Src/stm32f1xx_hal_pcd.o
                0x00000000080015e8                HAL_PCD_EP_Transmit
 .text.HAL_PCD_EP_SetStall
                0x000000000800165a       0xb4 Drivers/STM32F1xx_HAL_Driver/Src/stm32f1xx_hal_pcd.o
                0x000000000800165a                HAL_PCD_EP_SetStall
 .text.HAL_PCD_EP_ClrStall
                0x000000000800170e       0x9c Drivers/STM32F1xx_HAL_Driver/Src/stm32f1xx_hal_pcd.o
                0x000000000800170e                HAL_PCD_EP_ClrStall
 *fill*         0x00000000080017aa        0x2 
 .text.PCD_EP_ISR_Handler
                0x00000000080017ac      0x534 Drivers/STM32F1xx_HAL_Driver/Src/stm32f1xx_hal_pcd.o
 .text.HAL_PCDEx_PMAConfig
                0x0000000008001ce0       0x78 Drivers/STM32F1xx_HAL_Driver/Src/stm32f1xx_hal_pcd_ex.o
                0x0000000008001ce0                HAL_PCDEx_PMAConfig
 .text.HAL_RCC_OscConfig
                0x0000000008001d58      0x500 Drivers/STM32F1xx_HAL_Driver/Src/stm32f1xx_hal_rcc.o
                0x0000000008001d58                HAL_RCC_OscConfig
 .text.HAL_RCC_ClockConfig
                0x0000000008002258      0x1d4 Drivers/STM32F1xx_HAL_Driver/Src/stm32f1xx_hal_rcc.o
                0x0000000008002258                HAL_RCC_ClockConfig
 .text.HAL_RCC_GetSysClockFreq
                0x000000000800242c       0xc4 Drivers/STM32F1xx_HAL_Driver/Src/stm32f1xx_hal_rcc.o
                0x000000000800242c                HAL_RCC_GetSysClockFreq
 .text.HAL_RCC_GetHCLKFreq
                0x00000000080024f0       0x14 Drivers/STM32F1xx_HAL_Driver/Src/stm32f1xx_hal_rcc.o
                0x00000000080024f0                HAL_RCC_GetHCLKFreq
 .text.HAL_RCC_GetPCLK1Freq
                0x0000000008002504       0x28 Drivers/STM32F1xx_HAL_Driver/Src/stm32f1xx_hal_rcc.o
                0x0000000008002504                HAL_RCC_GetPCLK1Freq
 .text.HAL_RCC_GetPCLK2Freq
                0x000000000800252c       0x28 Drivers/STM32F1xx_HAL_Driver/Src/stm32f1xx_hal_rcc.o
                0x000000000800252c                HAL_RCC_GetPCLK2Freq
 .text.RCC_Delay
                0x0000000008002554       0x3c Drivers/STM32F1xx_HAL_Driver/Src/stm32f1xx_hal_rcc.o
 .text.HAL_RCCEx_PeriphCLKConfig
                0x0000000008002590      0x16c Drivers/STM32F1xx_HAL_Driver/Src/stm32f1xx_hal_rcc_ex.o
                0x0000000008002590                HAL_RCCEx_PeriphCLKConfig
 .text.HAL_SPI_Init
                0x00000000080026fc       0xc2 Drivers/STM32F1xx_HAL_Driver/Src/stm32f1xx_hal_spi.o
                0x00000000080026fc                HAL_SPI_Init
 .text.HAL_UART_Init
                0x00000000080027be       0x9a Drivers/STM32F1xx_HAL_Driver/Src/stm32f1xx_hal_uart.o
                0x00000000080027be                HAL_UART_Init
 .text.UART_SetConfig
                0x0000000008002858      0x1b4 Drivers/STM32F1xx_HAL_Driver/Src/stm32f1xx_hal_uart.o
 .text.USB_CoreInit
                0x0000000008002a0c       0x20 Drivers/STM32F1xx_HAL_Driver/Src/stm32f1xx_ll_usb.o
                0x0000000008002a0c                USB_CoreInit
 .text.USB_EnableGlobalInt
                0x0000000008002a2c       0x2e Drivers/STM32F1xx_HAL_Driver/Src/stm32f1xx_ll_usb.o
                0x0000000008002a2c                USB_EnableGlobalInt
 .text.USB_DisableGlobalInt
                0x0000000008002a5a       0x38 Drivers/STM32F1xx_HAL_Driver/Src/stm32f1xx_ll_usb.o
                0x0000000008002a5a                USB_DisableGlobalInt
 .text.USB_SetCurrentMode
                0x0000000008002a92       0x18 Drivers/STM32F1xx_HAL_Driver/Src/stm32f1xx_ll_usb.o
                0x0000000008002a92                USB_SetCurrentMode
 .text.USB_DevInit
                0x0000000008002aaa       0x48 Drivers/STM32F1xx_HAL_Driver/Src/stm32f1xx_ll_usb.o
                0x0000000008002aaa                USB_DevInit
 *fill*         0x0000000008002af2        0x2 
 .text.USB_ActivateEndpoint
                0x0000000008002af4      0x5dc Drivers/STM32F1xx_HAL_Driver/Src/stm32f1xx_ll_usb.o
                0x0000000008002af4                USB_ActivateEndpoint
 .text.USB_DeactivateEndpoint
                0x00000000080030d0      0x32c Drivers/STM32F1xx_HAL_Driver/Src/stm32f1xx_ll_usb.o
                0x00000000080030d0                USB_DeactivateEndpoint
 .text.USB_EPStartXfer
                0x00000000080033fc      0x570 Drivers/STM32F1xx_HAL_Driver/Src/stm32f1xx_ll_usb.o
                0x00000000080033fc                USB_EPStartXfer
 .text.USB_EPSetStall
                0x000000000800396c       0x84 Drivers/STM32F1xx_HAL_Driver/Src/stm32f1xx_ll_usb.o
                0x000000000800396c                USB_EPSetStall
 .text.USB_EPClearStall
                0x00000000080039f0      0x128 Drivers/STM32F1xx_HAL_Driver/Src/stm32f1xx_ll_usb.o
                0x00000000080039f0                USB_EPClearStall
 .text.USB_SetDevAddress
                0x0000000008003b18       0x26 Drivers/STM32F1xx_HAL_Driver/Src/stm32f1xx_ll_usb.o
                0x0000000008003b18                USB_SetDevAddress
 .text.USB_DevConnect
                0x0000000008003b3e       0x14 Drivers/STM32F1xx_HAL_Driver/Src/stm32f1xx_ll_usb.o
                0x0000000008003b3e                USB_DevConnect
 .text.USB_DevDisconnect
                0x0000000008003b52       0x14 Drivers/STM32F1xx_HAL_Driver/Src/stm32f1xx_ll_usb.o
                0x0000000008003b52                USB_DevDisconnect
 .text.USB_ReadInterrupts
                0x0000000008003b66       0x1e Drivers/STM32F1xx_HAL_Driver/Src/stm32f1xx_ll_usb.o
                0x0000000008003b66                USB_ReadInterrupts
 .text.USB_EP0_OutStart
                0x0000000008003b84       0x16 Drivers/STM32F1xx_HAL_Driver/Src/stm32f1xx_ll_usb.o
                0x0000000008003b84                USB_EP0_OutStart
 .text.USB_WritePMA
                0x0000000008003b9a       0x88 Drivers/STM32F1xx_HAL_Driver/Src/stm32f1xx_ll_usb.o
                0x0000000008003b9a                USB_WritePMA
 .text.USB_ReadPMA
                0x0000000008003c22       0x9e Drivers/STM32F1xx_HAL_Driver/Src/stm32f1xx_ll_usb.o
                0x0000000008003c22                USB_ReadPMA
 .text.USBD_CUSTOM_HID_Init
                0x0000000008003cc0       0x82 Middlewares/ST/STM32_USB_Device_Library/Class/CustomHID/Src/usbd_customhid.o
 .text.USBD_CUSTOM_HID_DeInit
                0x0000000008003d42       0x5c Middlewares/ST/STM32_USB_Device_Library/Class/CustomHID/Src/usbd_customhid.o
 *fill*         0x0000000008003d9e        0x2 
 .text.USBD_CUSTOM_HID_Setup
                0x0000000008003da0      0x200 Middlewares/ST/STM32_USB_Device_Library/Class/CustomHID/Src/usbd_customhid.o
 .text.USBD_CUSTOM_HID_GetFSCfgDesc
                0x0000000008003fa0       0x20 Middlewares/ST/STM32_USB_Device_Library/Class/CustomHID/Src/usbd_customhid.o
 .text.USBD_CUSTOM_HID_GetHSCfgDesc
                0x0000000008003fc0       0x20 Middlewares/ST/STM32_USB_Device_Library/Class/CustomHID/Src/usbd_customhid.o
 .text.USBD_CUSTOM_HID_GetOtherSpeedCfgDesc
                0x0000000008003fe0       0x20 Middlewares/ST/STM32_USB_Device_Library/Class/CustomHID/Src/usbd_customhid.o
 .text.USBD_CUSTOM_HID_DataIn
                0x0000000008004000       0x22 Middlewares/ST/STM32_USB_Device_Library/Class/CustomHID/Src/usbd_customhid.o
 .text.USBD_CUSTOM_HID_DataOut
                0x0000000008004022       0x3e Middlewares/ST/STM32_USB_Device_Library/Class/CustomHID/Src/usbd_customhid.o
 .text.USBD_CUSTOM_HID_EP0_RxReady
                0x0000000008004060       0x3c Middlewares/ST/STM32_USB_Device_Library/Class/CustomHID/Src/usbd_customhid.o
 .text.USBD_CUSTOM_HID_GetDeviceQualifierDesc
                0x000000000800409c       0x20 Middlewares/ST/STM32_USB_Device_Library/Class/CustomHID/Src/usbd_customhid.o
 .text.USBD_CUSTOM_HID_RegisterInterface
                0x00000000080040bc       0x2c Middlewares/ST/STM32_USB_Device_Library/Class/CustomHID/Src/usbd_customhid.o
                0x00000000080040bc                USBD_CUSTOM_HID_RegisterInterface
 .text.USBD_Init
                0x00000000080040e8       0x56 Middlewares/ST/STM32_USB_Device_Library/Core/Src/usbd_core.o
                0x00000000080040e8                USBD_Init
 .text.USBD_RegisterClass
                0x000000000800413e       0x32 Middlewares/ST/STM32_USB_Device_Library/Core/Src/usbd_core.o
                0x000000000800413e                USBD_RegisterClass
 .text.USBD_Start
                0x0000000008004170       0x18 Middlewares/ST/STM32_USB_Device_Library/Core/Src/usbd_core.o
                0x0000000008004170                USBD_Start
 .text.USBD_RunTestMode
                0x0000000008004188       0x14 Middlewares/ST/STM32_USB_Device_Library/Core/Src/usbd_core.o
                0x0000000008004188                USBD_RunTestMode
 .text.USBD_SetClassConfig
                0x000000000800419c       0x3e Middlewares/ST/STM32_USB_Device_Library/Core/Src/usbd_core.o
                0x000000000800419c                USBD_SetClassConfig
 .text.USBD_ClrClassConfig
                0x00000000080041da       0x26 Middlewares/ST/STM32_USB_Device_Library/Core/Src/usbd_core.o
                0x00000000080041da                USBD_ClrClassConfig
 .text.USBD_LL_SetupStage
                0x0000000008004200       0x96 Middlewares/ST/STM32_USB_Device_Library/Core/Src/usbd_core.o
                0x0000000008004200                USBD_LL_SetupStage
 .text.USBD_LL_DataOutStage
                0x0000000008004296       0xe2 Middlewares/ST/STM32_USB_Device_Library/Core/Src/usbd_core.o
                0x0000000008004296                USBD_LL_DataOutStage
 .text.USBD_LL_DataInStage
                0x0000000008004378      0x14a Middlewares/ST/STM32_USB_Device_Library/Core/Src/usbd_core.o
                0x0000000008004378                USBD_LL_DataInStage
 .text.USBD_LL_Reset
                0x00000000080044c2       0x82 Middlewares/ST/STM32_USB_Device_Library/Core/Src/usbd_core.o
                0x00000000080044c2                USBD_LL_Reset
 .text.USBD_LL_SetSpeed
                0x0000000008004544       0x1e Middlewares/ST/STM32_USB_Device_Library/Core/Src/usbd_core.o
                0x0000000008004544                USBD_LL_SetSpeed
 .text.USBD_LL_Suspend
                0x0000000008004562       0x28 Middlewares/ST/STM32_USB_Device_Library/Core/Src/usbd_core.o
                0x0000000008004562                USBD_LL_Suspend
 .text.USBD_LL_Resume
                0x000000000800458a       0x2a Middlewares/ST/STM32_USB_Device_Library/Core/Src/usbd_core.o
                0x000000000800458a                USBD_LL_Resume
 .text.USBD_LL_SOF
                0x00000000080045b4       0x34 Middlewares/ST/STM32_USB_Device_Library/Core/Src/usbd_core.o
                0x00000000080045b4                USBD_LL_SOF
 .text.USBD_StdDevReq
                0x00000000080045e8       0xd4 Middlewares/ST/STM32_USB_Device_Library/Core/Src/usbd_ctlreq.o
                0x00000000080045e8                USBD_StdDevReq
 .text.USBD_StdItfReq
                0x00000000080046bc       0x8c Middlewares/ST/STM32_USB_Device_Library/Core/Src/usbd_ctlreq.o
                0x00000000080046bc                USBD_StdItfReq
 .text.USBD_StdEPReq
                0x0000000008004748      0x2ba Middlewares/ST/STM32_USB_Device_Library/Core/Src/usbd_ctlreq.o
                0x0000000008004748                USBD_StdEPReq
 *fill*         0x0000000008004a02        0x2 
 .text.USBD_GetDescriptor
                0x0000000008004a04      0x2d0 Middlewares/ST/STM32_USB_Device_Library/Core/Src/usbd_ctlreq.o
 .text.USBD_SetAddress
                0x0000000008004cd4       0x84 Middlewares/ST/STM32_USB_Device_Library/Core/Src/usbd_ctlreq.o
 .text.USBD_SetConfig
                0x0000000008004d58      0x11c Middlewares/ST/STM32_USB_Device_Library/Core/Src/usbd_ctlreq.o
 .text.USBD_GetConfig
                0x0000000008004e74       0x68 Middlewares/ST/STM32_USB_Device_Library/Core/Src/usbd_ctlreq.o
 .text.USBD_GetStatus
                0x0000000008004edc       0x66 Middlewares/ST/STM32_USB_Device_Library/Core/Src/usbd_ctlreq.o
 .text.USBD_SetFeature
                0x0000000008004f42       0x28 Middlewares/ST/STM32_USB_Device_Library/Core/Src/usbd_ctlreq.o
 .text.USBD_ClrFeature
                0x0000000008004f6a       0x42 Middlewares/ST/STM32_USB_Device_Library/Core/Src/usbd_ctlreq.o
 .text.USBD_ParseSetupRequest
                0x0000000008004fac       0x78 Middlewares/ST/STM32_USB_Device_Library/Core/Src/usbd_ctlreq.o
                0x0000000008004fac                USBD_ParseSetupRequest
 .text.USBD_CtlError
                0x0000000008005024       0x22 Middlewares/ST/STM32_USB_Device_Library/Core/Src/usbd_ctlreq.o
                0x0000000008005024                USBD_CtlError
 .text.USBD_GetString
                0x0000000008005046       0x84 Middlewares/ST/STM32_USB_Device_Library/Core/Src/usbd_ctlreq.o
                0x0000000008005046                USBD_GetString
 .text.USBD_GetLen
                0x00000000080050ca       0x2e Middlewares/ST/STM32_USB_Device_Library/Core/Src/usbd_ctlreq.o
 .text.USBD_CtlSendData
                0x00000000080050f8       0x38 Middlewares/ST/STM32_USB_Device_Library/Core/Src/usbd_ioreq.o
                0x00000000080050f8                USBD_CtlSendData
 .text.USBD_CtlContinueSendData
                0x0000000008005130       0x24 Middlewares/ST/STM32_USB_Device_Library/Core/Src/usbd_ioreq.o
                0x0000000008005130                USBD_CtlContinueSendData
 .text.USBD_CtlPrepareRx
                0x0000000008005154       0x3c Middlewares/ST/STM32_USB_Device_Library/Core/Src/usbd_ioreq.o
                0x0000000008005154                USBD_CtlPrepareRx
 .text.USBD_CtlContinueRx
                0x0000000008005190       0x24 Middlewares/ST/STM32_USB_Device_Library/Core/Src/usbd_ioreq.o
                0x0000000008005190                USBD_CtlContinueRx
 .text.USBD_CtlSendStatus
                0x00000000080051b4       0x26 Middlewares/ST/STM32_USB_Device_Library/Core/Src/usbd_ioreq.o
                0x00000000080051b4                USBD_CtlSendStatus
 .text.USBD_CtlReceiveStatus
                0x00000000080051da       0x26 Middlewares/ST/STM32_USB_Device_Library/Core/Src/usbd_ioreq.o
                0x00000000080051da                USBD_CtlReceiveStatus
 .text.MX_USB_DEVICE_Init
                0x0000000008005200       0x60 USB_DEVICE/App/usb_device.o
                0x0000000008005200                MX_USB_DEVICE_Init
 .text.CUSTOM_HID_Init_FS
                0x0000000008005260        0xe USB_DEVICE/App/usbd_custom_hid_if.o
 .text.CUSTOM_HID_DeInit_FS
                0x000000000800526e        0xe USB_DEVICE/App/usbd_custom_hid_if.o
 .text.CUSTOM_HID_OutEvent_FS
                0x000000000800527c       0x1c USB_DEVICE/App/usbd_custom_hid_if.o
 .text.USBD_FS_DeviceDescriptor
                0x0000000008005298       0x24 USB_DEVICE/App/usbd_desc.o
                0x0000000008005298                USBD_FS_DeviceDescriptor
 .text.USBD_FS_LangIDStrDescriptor
                0x00000000080052bc       0x24 USB_DEVICE/App/usbd_desc.o
                0x00000000080052bc                USBD_FS_LangIDStrDescriptor
 .text.USBD_FS_ProductStrDescriptor
                0x00000000080052e0       0x3c USB_DEVICE/App/usbd_desc.o
                0x00000000080052e0                USBD_FS_ProductStrDescriptor
 .text.USBD_FS_ManufacturerStrDescriptor
                0x000000000800531c       0x28 USB_DEVICE/App/usbd_desc.o
                0x000000000800531c                USBD_FS_ManufacturerStrDescriptor
 .text.USBD_FS_SerialStrDescriptor
                0x0000000008005344       0x24 USB_DEVICE/App/usbd_desc.o
                0x0000000008005344                USBD_FS_SerialStrDescriptor
 .text.USBD_FS_ConfigStrDescriptor
                0x0000000008005368       0x3c USB_DEVICE/App/usbd_desc.o
                0x0000000008005368                USBD_FS_ConfigStrDescriptor
 .text.USBD_FS_InterfaceStrDescriptor
                0x00000000080053a4       0x3c USB_DEVICE/App/usbd_desc.o
                0x00000000080053a4                USBD_FS_InterfaceStrDescriptor
 .text.Get_SerialNum
                0x00000000080053e0       0x58 USB_DEVICE/App/usbd_desc.o
 .text.IntToUnicode
                0x0000000008005438       0x7a USB_DEVICE/App/usbd_desc.o
 *fill*         0x00000000080054b2        0x2 
 .text.HAL_PCD_MspInit
                0x00000000080054b4       0x4c USB_DEVICE/Target/usbd_conf.o
                0x00000000080054b4                HAL_PCD_MspInit
 .text.HAL_PCD_SetupStageCallback
                0x0000000008005500       0x24 USB_DEVICE/Target/usbd_conf.o
                0x0000000008005500                HAL_PCD_SetupStageCallback
 .text.HAL_PCD_DataOutStageCallback
                0x0000000008005524       0x30 USB_DEVICE/Target/usbd_conf.o
                0x0000000008005524                HAL_PCD_DataOutStageCallback
 .text.HAL_PCD_DataInStageCallback
                0x0000000008005554       0x2e USB_DEVICE/Target/usbd_conf.o
                0x0000000008005554                HAL_PCD_DataInStageCallback
 .text.HAL_PCD_SOFCallback
                0x0000000008005582       0x1c USB_DEVICE/Target/usbd_conf.o
                0x0000000008005582                HAL_PCD_SOFCallback
 .text.HAL_PCD_ResetCallback
                0x000000000800559e       0x3c USB_DEVICE/Target/usbd_conf.o
                0x000000000800559e                HAL_PCD_ResetCallback
 *fill*         0x00000000080055da        0x2 
 .text.HAL_PCD_SuspendCallback
                0x00000000080055dc       0x34 USB_DEVICE/Target/usbd_conf.o
                0x00000000080055dc                HAL_PCD_SuspendCallback
 .text.HAL_PCD_ResumeCallback
                0x0000000008005610       0x1c USB_DEVICE/Target/usbd_conf.o
                0x0000000008005610                HAL_PCD_ResumeCallback
 .text.USBD_LL_Init
                0x000000000800562c       0xa0 USB_DEVICE/Target/usbd_conf.o
                0x000000000800562c                USBD_LL_Init
 .text.USBD_LL_Start
                0x00000000080056cc       0x36 USB_DEVICE/Target/usbd_conf.o
                0x00000000080056cc                USBD_LL_Start
 .text.USBD_LL_OpenEP
                0x0000000008005702       0x4c USB_DEVICE/Target/usbd_conf.o
                0x0000000008005702                USBD_LL_OpenEP
 .text.USBD_LL_CloseEP
                0x000000000800574e       0x3e USB_DEVICE/Target/usbd_conf.o
                0x000000000800574e                USBD_LL_CloseEP
 .text.USBD_LL_StallEP
                0x000000000800578c       0x3e USB_DEVICE/Target/usbd_conf.o
                0x000000000800578c                USBD_LL_StallEP
 .text.USBD_LL_ClearStallEP
                0x00000000080057ca       0x3e USB_DEVICE/Target/usbd_conf.o
                0x00000000080057ca                USBD_LL_ClearStallEP
 .text.USBD_LL_IsStallEP
                0x0000000008005808       0x4a USB_DEVICE/Target/usbd_conf.o
                0x0000000008005808                USBD_LL_IsStallEP
 .text.USBD_LL_SetUSBAddress
                0x0000000008005852       0x3e USB_DEVICE/Target/usbd_conf.o
                0x0000000008005852                USBD_LL_SetUSBAddress
 .text.USBD_LL_Transmit
                0x0000000008005890       0x46 USB_DEVICE/Target/usbd_conf.o
                0x0000000008005890                USBD_LL_Transmit
 .text.USBD_LL_PrepareReceive
                0x00000000080058d6       0x46 USB_DEVICE/Target/usbd_conf.o
                0x00000000080058d6                USBD_LL_PrepareReceive
 .text.USBD_static_malloc
                0x000000000800591c       0x18 USB_DEVICE/Target/usbd_conf.o
                0x000000000800591c                USBD_static_malloc
 .text.USBD_static_free
                0x0000000008005934       0x12 USB_DEVICE/Target/usbd_conf.o
                0x0000000008005934                USBD_static_free
 .text.HAL_PCDEx_SetConnectionState
                0x0000000008005946       0x16 USB_DEVICE/Target/usbd_conf.o
                0x0000000008005946                HAL_PCDEx_SetConnectionState
 .text.USBD_Get_USB_Status
                0x000000000800595c       0x58 USB_DEVICE/Target/usbd_conf.o
 .text.__libc_init_array
                0x00000000080059b4       0x48 c:/st/stm32cubeide_1.3.0/stm32cubeide/plugins/com.st.stm32cube.ide.mcu.externaltools.gnu-tools-for-stm32.7-2018-q2-update.win32_1.0.0.201904181610/tools/bin/../lib/gcc/arm-none-eabi/7.3.1/../../../../arm-none-eabi/lib/thumb/v7-m\libc_nano.a(lib_a-init.o)
                0x00000000080059b4                __libc_init_array
 .text.memset   0x00000000080059fc       0x10 c:/st/stm32cubeide_1.3.0/stm32cubeide/plugins/com.st.stm32cube.ide.mcu.externaltools.gnu-tools-for-stm32.7-2018-q2-update.win32_1.0.0.201904181610/tools/bin/../lib/gcc/arm-none-eabi/7.3.1/../../../../arm-none-eabi/lib/thumb/v7-m\libc_nano.a(lib_a-memset.o)
                0x00000000080059fc                memset
 *(.glue_7)
 .glue_7        0x0000000008005a0c        0x0 linker stubs
 *(.glue_7t)
 .glue_7t       0x0000000008005a0c        0x0 linker stubs
 *(.eh_frame)
 .eh_frame      0x0000000008005a0c        0x0 c:/st/stm32cubeide_1.3.0/stm32cubeide/plugins/com.st.stm32cube.ide.mcu.externaltools.gnu-tools-for-stm32.7-2018-q2-update.win32_1.0.0.201904181610/tools/bin/../lib/gcc/arm-none-eabi/7.3.1/thumb/v7-m/crtbegin.o
 *(.init)
 .init          0x0000000008005a0c        0x4 c:/st/stm32cubeide_1.3.0/stm32cubeide/plugins/com.st.stm32cube.ide.mcu.externaltools.gnu-tools-for-stm32.7-2018-q2-update.win32_1.0.0.201904181610/tools/bin/../lib/gcc/arm-none-eabi/7.3.1/thumb/v7-m/crti.o
                0x0000000008005a0c                _init
 .init          0x0000000008005a10        0x8 c:/st/stm32cubeide_1.3.0/stm32cubeide/plugins/com.st.stm32cube.ide.mcu.externaltools.gnu-tools-for-stm32.7-2018-q2-update.win32_1.0.0.201904181610/tools/bin/../lib/gcc/arm-none-eabi/7.3.1/thumb/v7-m/crtn.o
 *(.fini)
 .fini          0x0000000008005a18        0x4 c:/st/stm32cubeide_1.3.0/stm32cubeide/plugins/com.st.stm32cube.ide.mcu.externaltools.gnu-tools-for-stm32.7-2018-q2-update.win32_1.0.0.201904181610/tools/bin/../lib/gcc/arm-none-eabi/7.3.1/thumb/v7-m/crti.o
                0x0000000008005a18                _fini
 .fini          0x0000000008005a1c        0x8 c:/st/stm32cubeide_1.3.0/stm32cubeide/plugins/com.st.stm32cube.ide.mcu.externaltools.gnu-tools-for-stm32.7-2018-q2-update.win32_1.0.0.201904181610/tools/bin/../lib/gcc/arm-none-eabi/7.3.1/thumb/v7-m/crtn.o
                0x0000000008005a24                . = ALIGN (0x4)
                0x0000000008005a24                _etext = .

.vfp11_veneer   0x0000000008005a24        0x0
 .vfp11_veneer  0x0000000008005a24        0x0 linker stubs

.v4_bx          0x0000000008005a24        0x0
 .v4_bx         0x0000000008005a24        0x0 linker stubs

.iplt           0x0000000008005a24        0x0
 .iplt          0x0000000008005a24        0x0 c:/st/stm32cubeide_1.3.0/stm32cubeide/plugins/com.st.stm32cube.ide.mcu.externaltools.gnu-tools-for-stm32.7-2018-q2-update.win32_1.0.0.201904181610/tools/bin/../lib/gcc/arm-none-eabi/7.3.1/thumb/v7-m/crtbegin.o

.rodata         0x0000000008005a24       0x7c
                0x0000000008005a24                . = ALIGN (0x4)
 *(.rodata)
 .rodata        0x0000000008005a24       0x12 Drivers/STM32F1xx_HAL_Driver/Src/stm32f1xx_hal_rcc.o
 *fill*         0x0000000008005a36        0x2 
 .rodata        0x0000000008005a38       0x4d USB_DEVICE/App/usbd_desc.o
 *(.rodata*)
 *fill*         0x0000000008005a85        0x3 
 .rodata.AHBPrescTable
                0x0000000008005a88       0x10 Core/Src/system_stm32f1xx.o
                0x0000000008005a88                AHBPrescTable
 .rodata.APBPrescTable
                0x0000000008005a98        0x8 Core/Src/system_stm32f1xx.o
                0x0000000008005a98                APBPrescTable
                0x0000000008005aa0                . = ALIGN (0x4)

.rel.dyn        0x0000000008005aa0        0x0
 .rel.iplt      0x0000000008005aa0        0x0 c:/st/stm32cubeide_1.3.0/stm32cubeide/plugins/com.st.stm32cube.ide.mcu.externaltools.gnu-tools-for-stm32.7-2018-q2-update.win32_1.0.0.201904181610/tools/bin/../lib/gcc/arm-none-eabi/7.3.1/thumb/v7-m/crtbegin.o

.ARM.extab      0x0000000008005aa0        0x0
                0x0000000008005aa0                . = ALIGN (0x4)
 *(.ARM.extab* .gnu.linkonce.armextab.*)
                0x0000000008005aa0                . = ALIGN (0x4)

.ARM            0x0000000008005aa0        0x0
                0x0000000008005aa0                . = ALIGN (0x4)
                0x0000000008005aa0                __exidx_start = .
 *(.ARM.exidx*)
                0x0000000008005aa0                __exidx_end = .
                0x0000000008005aa0                . = ALIGN (0x4)

.preinit_array  0x0000000008005aa0        0x0
                0x0000000008005aa0                . = ALIGN (0x4)
                0x0000000008005aa0                PROVIDE (__preinit_array_start = .)
 *(.preinit_array*)
                0x0000000008005aa0                PROVIDE (__preinit_array_end = .)
                0x0000000008005aa0                . = ALIGN (0x4)

.init_array     0x0000000008005aa0        0x4
                0x0000000008005aa0                . = ALIGN (0x4)
                0x0000000008005aa0                PROVIDE (__init_array_start = .)
 *(SORT_BY_NAME(.init_array.*))
 *(.init_array*)
 .init_array    0x0000000008005aa0        0x4 c:/st/stm32cubeide_1.3.0/stm32cubeide/plugins/com.st.stm32cube.ide.mcu.externaltools.gnu-tools-for-stm32.7-2018-q2-update.win32_1.0.0.201904181610/tools/bin/../lib/gcc/arm-none-eabi/7.3.1/thumb/v7-m/crtbegin.o
                0x0000000008005aa4                PROVIDE (__init_array_end = .)
                0x0000000008005aa4                . = ALIGN (0x4)

.fini_array     0x0000000008005aa4        0x4
                0x0000000008005aa4                . = ALIGN (0x4)
                [!provide]                        PROVIDE (__fini_array_start = .)
 *(SORT_BY_NAME(.fini_array.*))
 *(.fini_array*)
 .fini_array    0x0000000008005aa4        0x4 c:/st/stm32cubeide_1.3.0/stm32cubeide/plugins/com.st.stm32cube.ide.mcu.externaltools.gnu-tools-for-stm32.7-2018-q2-update.win32_1.0.0.201904181610/tools/bin/../lib/gcc/arm-none-eabi/7.3.1/thumb/v7-m/crtbegin.o
                [!provide]                        PROVIDE (__fini_array_end = .)
                0x0000000008005aa8                . = ALIGN (0x4)
                0x0000000008005aa8                _sidata = LOADADDR (.data)

.data           0x0000000020000000      0x144 load address 0x0000000008005aa8
                0x0000000020000000                . = ALIGN (0x4)
                0x0000000020000000                _sdata = .
 *(.data)
 *(.data*)
 .data.SystemCoreClock
                0x0000000020000000        0x4 Core/Src/system_stm32f1xx.o
                0x0000000020000000                SystemCoreClock
 .data.uwTickPrio
                0x0000000020000004        0x4 Drivers/STM32F1xx_HAL_Driver/Src/stm32f1xx_hal.o
                0x0000000020000004                uwTickPrio
 .data.uwTickFreq
                0x0000000020000008        0x1 Drivers/STM32F1xx_HAL_Driver/Src/stm32f1xx_hal.o
                0x0000000020000008                uwTickFreq
 *fill*         0x0000000020000009        0x3 
 .data.USBD_CUSTOM_HID
                0x000000002000000c       0x38 Middlewares/ST/STM32_USB_Device_Library/Class/CustomHID/Src/usbd_customhid.o
                0x000000002000000c                USBD_CUSTOM_HID
 .data.USBD_CUSTOM_HID_CfgFSDesc
                0x0000000020000044       0x29 Middlewares/ST/STM32_USB_Device_Library/Class/CustomHID/Src/usbd_customhid.o
 *fill*         0x000000002000006d        0x3 
 .data.USBD_CUSTOM_HID_CfgHSDesc
                0x0000000020000070       0x29 Middlewares/ST/STM32_USB_Device_Library/Class/CustomHID/Src/usbd_customhid.o
 *fill*         0x0000000020000099        0x3 
 .data.USBD_CUSTOM_HID_OtherSpeedCfgDesc
                0x000000002000009c       0x29 Middlewares/ST/STM32_USB_Device_Library/Class/CustomHID/Src/usbd_customhid.o
 *fill*         0x00000000200000c5        0x3 
 .data.USBD_CUSTOM_HID_Desc
                0x00000000200000c8        0x9 Middlewares/ST/STM32_USB_Device_Library/Class/CustomHID/Src/usbd_customhid.o
 *fill*         0x00000000200000d1        0x3 
 .data.USBD_CUSTOM_HID_DeviceQualifierDesc
                0x00000000200000d4        0xa Middlewares/ST/STM32_USB_Device_Library/Class/CustomHID/Src/usbd_customhid.o
 *fill*         0x00000000200000de        0x2 
 .data.CUSTOM_HID_ReportDesc_FS
                0x00000000200000e0        0x2 USB_DEVICE/App/usbd_custom_hid_if.o
 *fill*         0x00000000200000e2        0x2 
 .data.USBD_CustomHID_fops_FS
                0x00000000200000e4       0x10 USB_DEVICE/App/usbd_custom_hid_if.o
                0x00000000200000e4                USBD_CustomHID_fops_FS
 .data.FS_Desc  0x00000000200000f4       0x1c USB_DEVICE/App/usbd_desc.o
                0x00000000200000f4                FS_Desc
 .data.USBD_FS_DeviceDesc
                0x0000000020000110       0x12 USB_DEVICE/App/usbd_desc.o
                0x0000000020000110                USBD_FS_DeviceDesc
 *fill*         0x0000000020000122        0x2 
 .data.USBD_LangIDDesc
                0x0000000020000124        0x4 USB_DEVICE/App/usbd_desc.o
                0x0000000020000124                USBD_LangIDDesc
 .data.USBD_StringSerial
                0x0000000020000128       0x1a USB_DEVICE/App/usbd_desc.o
                0x0000000020000128                USBD_StringSerial
                0x0000000020000144                . = ALIGN (0x4)
 *fill*         0x0000000020000142        0x2 
                0x0000000020000144                _edata = .

.igot.plt       0x0000000020000144        0x0 load address 0x0000000008005bec
 .igot.plt      0x0000000020000144        0x0 c:/st/stm32cubeide_1.3.0/stm32cubeide/plugins/com.st.stm32cube.ide.mcu.externaltools.gnu-tools-for-stm32.7-2018-q2-update.win32_1.0.0.201904181610/tools/bin/../lib/gcc/arm-none-eabi/7.3.1/thumb/v7-m/crtbegin.o
                0x0000000020000144                . = ALIGN (0x4)

.bss            0x0000000020000144      0x8e8 load address 0x0000000008005bec
                0x0000000020000144                _sbss = .
                0x0000000020000144                __bss_start__ = _sbss
 *(.bss)
 .bss           0x0000000020000144       0x1c c:/st/stm32cubeide_1.3.0/stm32cubeide/plugins/com.st.stm32cube.ide.mcu.externaltools.gnu-tools-for-stm32.7-2018-q2-update.win32_1.0.0.201904181610/tools/bin/../lib/gcc/arm-none-eabi/7.3.1/thumb/v7-m/crtbegin.o
 *(.bss*)
 .bss.cfgidx.7908
                0x0000000020000160        0x1 Middlewares/ST/STM32_USB_Device_Library/Core/Src/usbd_ctlreq.o
 *fill*         0x0000000020000161        0x3 
 .bss.mem.7958  0x0000000020000164       0x1c USB_DEVICE/Target/usbd_conf.o
 *(COMMON)
 COMMON         0x0000000020000180      0x178 Core/Src/main.o
                0x0000000020000180                hspi2
                0x00000000200001d8                huart3
                0x0000000020000218                hcrc
                0x0000000020000220                huart1
                0x0000000020000260                hspi1
                0x00000000200002b8                huart2
 COMMON         0x00000000200002f8        0x4 Drivers/STM32F1xx_HAL_Driver/Src/stm32f1xx_hal.o
                0x00000000200002f8                uwTick
 COMMON         0x00000000200002fc      0x2c4 USB_DEVICE/App/usb_device.o
                0x00000000200002fc                hUsbDeviceFS
 COMMON         0x00000000200005c0      0x200 USB_DEVICE/App/usbd_desc.o
                0x00000000200005c0                USBD_StrDesc
 COMMON         0x00000000200007c0      0x26c USB_DEVICE/Target/usbd_conf.o
                0x00000000200007c0                hpcd_USB_FS
                0x0000000020000a2c                . = ALIGN (0x4)
                0x0000000020000a2c                _ebss = .
                0x0000000020000a2c                __bss_end__ = _ebss

._user_heap_stack
                0x0000000020000a2c      0x804 load address 0x0000000008005bec
                0x0000000020000a30                . = ALIGN (0x8)
 *fill*         0x0000000020000a2c        0x4 
                0x0000000020000a30                PROVIDE (end = .)
                [!provide]                        PROVIDE (_end = .)
                0x0000000020000e30                . = (. + _Min_Heap_Size)
 *fill*         0x0000000020000a30      0x400 
                0x0000000020001230                . = (. + _Min_Stack_Size)
 *fill*         0x0000000020000e30      0x400 
                0x0000000020001230                . = ALIGN (0x8)

/DISCARD/
 libc.a(*)
 libm.a(*)
 libgcc.a(*)

.ARM.attributes
                0x0000000000000000       0x29
 *(.ARM.attributes)
 .ARM.attributes
                0x0000000000000000       0x1d c:/st/stm32cubeide_1.3.0/stm32cubeide/plugins/com.st.stm32cube.ide.mcu.externaltools.gnu-tools-for-stm32.7-2018-q2-update.win32_1.0.0.201904181610/tools/bin/../lib/gcc/arm-none-eabi/7.3.1/thumb/v7-m/crti.o
 .ARM.attributes
                0x000000000000001d       0x2d c:/st/stm32cubeide_1.3.0/stm32cubeide/plugins/com.st.stm32cube.ide.mcu.externaltools.gnu-tools-for-stm32.7-2018-q2-update.win32_1.0.0.201904181610/tools/bin/../lib/gcc/arm-none-eabi/7.3.1/thumb/v7-m/crtbegin.o
 .ARM.attributes
                0x000000000000004a       0x33 Core/Src/main.o
 .ARM.attributes
                0x000000000000007d       0x33 Core/Src/stm32f1xx_hal_msp.o
 .ARM.attributes
                0x00000000000000b0       0x33 Core/Src/stm32f1xx_it.o
 .ARM.attributes
                0x00000000000000e3       0x33 Core/Src/system_stm32f1xx.o
 .ARM.attributes
                0x0000000000000116       0x21 Core/Startup/startup_stm32f103c8tx.o
 .ARM.attributes
                0x0000000000000137       0x33 Drivers/STM32F1xx_HAL_Driver/Src/stm32f1xx_hal.o
 .ARM.attributes
                0x000000000000016a       0x33 Drivers/STM32F1xx_HAL_Driver/Src/stm32f1xx_hal_cortex.o
 .ARM.attributes
                0x000000000000019d       0x33 Drivers/STM32F1xx_HAL_Driver/Src/stm32f1xx_hal_crc.o
 .ARM.attributes
                0x00000000000001d0       0x33 Drivers/STM32F1xx_HAL_Driver/Src/stm32f1xx_hal_gpio.o
 .ARM.attributes
                0x0000000000000203       0x33 Drivers/STM32F1xx_HAL_Driver/Src/stm32f1xx_hal_pcd.o
 .ARM.attributes
                0x0000000000000236       0x33 Drivers/STM32F1xx_HAL_Driver/Src/stm32f1xx_hal_pcd_ex.o
 .ARM.attributes
                0x0000000000000269       0x33 Drivers/STM32F1xx_HAL_Driver/Src/stm32f1xx_hal_rcc.o
 .ARM.attributes
                0x000000000000029c       0x33 Drivers/STM32F1xx_HAL_Driver/Src/stm32f1xx_hal_rcc_ex.o
 .ARM.attributes
                0x00000000000002cf       0x33 Drivers/STM32F1xx_HAL_Driver/Src/stm32f1xx_hal_spi.o
 .ARM.attributes
                0x0000000000000302       0x33 Drivers/STM32F1xx_HAL_Driver/Src/stm32f1xx_hal_uart.o
 .ARM.attributes
                0x0000000000000335       0x33 Drivers/STM32F1xx_HAL_Driver/Src/stm32f1xx_ll_usb.o
 .ARM.attributes
                0x0000000000000368       0x33 Middlewares/ST/STM32_USB_Device_Library/Class/CustomHID/Src/usbd_customhid.o
 .ARM.attributes
                0x000000000000039b       0x33 Middlewares/ST/STM32_USB_Device_Library/Core/Src/usbd_core.o
 .ARM.attributes
                0x00000000000003ce       0x33 Middlewares/ST/STM32_USB_Device_Library/Core/Src/usbd_ctlreq.o
 .ARM.attributes
                0x0000000000000401       0x33 Middlewares/ST/STM32_USB_Device_Library/Core/Src/usbd_ioreq.o
 .ARM.attributes
                0x0000000000000434       0x33 USB_DEVICE/App/usb_device.o
 .ARM.attributes
                0x0000000000000467       0x33 USB_DEVICE/App/usbd_custom_hid_if.o
 .ARM.attributes
                0x000000000000049a       0x33 USB_DEVICE/App/usbd_desc.o
 .ARM.attributes
                0x00000000000004cd       0x33 USB_DEVICE/Target/usbd_conf.o
 .ARM.attributes
                0x0000000000000500       0x2d c:/st/stm32cubeide_1.3.0/stm32cubeide/plugins/com.st.stm32cube.ide.mcu.externaltools.gnu-tools-for-stm32.7-2018-q2-update.win32_1.0.0.201904181610/tools/bin/../lib/gcc/arm-none-eabi/7.3.1/../../../../arm-none-eabi/lib/thumb/v7-m\libc_nano.a(lib_a-init.o)
 .ARM.attributes
                0x000000000000052d       0x2d c:/st/stm32cubeide_1.3.0/stm32cubeide/plugins/com.st.stm32cube.ide.mcu.externaltools.gnu-tools-for-stm32.7-2018-q2-update.win32_1.0.0.201904181610/tools/bin/../lib/gcc/arm-none-eabi/7.3.1/../../../../arm-none-eabi/lib/thumb/v7-m\libc_nano.a(lib_a-memset.o)
 .ARM.attributes
                0x000000000000055a       0x1d c:/st/stm32cubeide_1.3.0/stm32cubeide/plugins/com.st.stm32cube.ide.mcu.externaltools.gnu-tools-for-stm32.7-2018-q2-update.win32_1.0.0.201904181610/tools/bin/../lib/gcc/arm-none-eabi/7.3.1/thumb/v7-m/crtn.o
OUTPUT(BLE_SCAN_v1.0.elf elf32-littlearm)

.debug_info     0x0000000000000000    0x13408
 .debug_info    0x0000000000000000     0x1559 Core/Src/main.o
 .debug_info    0x0000000000001559      0xcec Core/Src/stm32f1xx_hal_msp.o
 .debug_info    0x0000000000002245      0x681 Core/Src/stm32f1xx_it.o
 .debug_info    0x00000000000028c6      0x433 Core/Src/system_stm32f1xx.o
 .debug_info    0x0000000000002cf9       0x22 Core/Startup/startup_stm32f103c8tx.o
 .debug_info    0x0000000000002d1b      0x6fe Drivers/STM32F1xx_HAL_Driver/Src/stm32f1xx_hal.o
 .debug_info    0x0000000000003419      0xb46 Drivers/STM32F1xx_HAL_Driver/Src/stm32f1xx_hal_cortex.o
 .debug_info    0x0000000000003f5f      0x436 Drivers/STM32F1xx_HAL_Driver/Src/stm32f1xx_hal_crc.o
 .debug_info    0x0000000000004395      0x681 Drivers/STM32F1xx_HAL_Driver/Src/stm32f1xx_hal_gpio.o
 .debug_info    0x0000000000004a16      0xe38 Drivers/STM32F1xx_HAL_Driver/Src/stm32f1xx_hal_pcd.o
 .debug_info    0x000000000000584e      0x760 Drivers/STM32F1xx_HAL_Driver/Src/stm32f1xx_hal_pcd_ex.o
 .debug_info    0x0000000000005fae      0x804 Drivers/STM32F1xx_HAL_Driver/Src/stm32f1xx_hal_rcc.o
 .debug_info    0x00000000000067b2      0x439 Drivers/STM32F1xx_HAL_Driver/Src/stm32f1xx_hal_rcc_ex.o
 .debug_info    0x0000000000006beb     0x153a Drivers/STM32F1xx_HAL_Driver/Src/stm32f1xx_hal_spi.o
 .debug_info    0x0000000000008125     0x11e3 Drivers/STM32F1xx_HAL_Driver/Src/stm32f1xx_hal_uart.o
 .debug_info    0x0000000000009308     0x14f9 Drivers/STM32F1xx_HAL_Driver/Src/stm32f1xx_ll_usb.o
 .debug_info    0x000000000000a801     0x125b Middlewares/ST/STM32_USB_Device_Library/Class/CustomHID/Src/usbd_customhid.o
 .debug_info    0x000000000000ba5c     0x11c2 Middlewares/ST/STM32_USB_Device_Library/Core/Src/usbd_core.o
 .debug_info    0x000000000000cc1e     0x1132 Middlewares/ST/STM32_USB_Device_Library/Core/Src/usbd_ctlreq.o
 .debug_info    0x000000000000dd50      0xf23 Middlewares/ST/STM32_USB_Device_Library/Core/Src/usbd_ioreq.o
 .debug_info    0x000000000000ec73      0xe46 USB_DEVICE/App/usb_device.o
 .debug_info    0x000000000000fab9      0xeb3 USB_DEVICE/App/usbd_custom_hid_if.o
 .debug_info    0x000000000001096c      0xd07 USB_DEVICE/App/usbd_desc.o
 .debug_info    0x0000000000011673     0x1d95 USB_DEVICE/Target/usbd_conf.o

.debug_abbrev   0x0000000000000000     0x2f78
 .debug_abbrev  0x0000000000000000      0x25d Core/Src/main.o
 .debug_abbrev  0x000000000000025d      0x1de Core/Src/stm32f1xx_hal_msp.o
 .debug_abbrev  0x000000000000043b      0x155 Core/Src/stm32f1xx_it.o
 .debug_abbrev  0x0000000000000590      0x134 Core/Src/system_stm32f1xx.o
 .debug_abbrev  0x00000000000006c4       0x12 Core/Startup/startup_stm32f103c8tx.o
 .debug_abbrev  0x00000000000006d6      0x1d8 Drivers/STM32F1xx_HAL_Driver/Src/stm32f1xx_hal.o
 .debug_abbrev  0x00000000000008ae      0x2d5 Drivers/STM32F1xx_HAL_Driver/Src/stm32f1xx_hal_cortex.o
 .debug_abbrev  0x0000000000000b83      0x1b7 Drivers/STM32F1xx_HAL_Driver/Src/stm32f1xx_hal_crc.o
 .debug_abbrev  0x0000000000000d3a      0x1c0 Drivers/STM32F1xx_HAL_Driver/Src/stm32f1xx_hal_gpio.o
 .debug_abbrev  0x0000000000000efa      0x263 Drivers/STM32F1xx_HAL_Driver/Src/stm32f1xx_hal_pcd.o
 .debug_abbrev  0x000000000000115d      0x188 Drivers/STM32F1xx_HAL_Driver/Src/stm32f1xx_hal_pcd_ex.o
 .debug_abbrev  0x00000000000012e5      0x243 Drivers/STM32F1xx_HAL_Driver/Src/stm32f1xx_hal_rcc.o
 .debug_abbrev  0x0000000000001528      0x175 Drivers/STM32F1xx_HAL_Driver/Src/stm32f1xx_hal_rcc_ex.o
 .debug_abbrev  0x000000000000169d      0x240 Drivers/STM32F1xx_HAL_Driver/Src/stm32f1xx_hal_spi.o
 .debug_abbrev  0x00000000000018dd      0x242 Drivers/STM32F1xx_HAL_Driver/Src/stm32f1xx_hal_uart.o
 .debug_abbrev  0x0000000000001b1f      0x1c5 Drivers/STM32F1xx_HAL_Driver/Src/stm32f1xx_ll_usb.o
 .debug_abbrev  0x0000000000001ce4      0x286 Middlewares/ST/STM32_USB_Device_Library/Class/CustomHID/Src/usbd_customhid.o
 .debug_abbrev  0x0000000000001f6a      0x270 Middlewares/ST/STM32_USB_Device_Library/Core/Src/usbd_core.o
 .debug_abbrev  0x00000000000021da      0x2a0 Middlewares/ST/STM32_USB_Device_Library/Core/Src/usbd_ctlreq.o
 .debug_abbrev  0x000000000000247a      0x1e0 Middlewares/ST/STM32_USB_Device_Library/Core/Src/usbd_ioreq.o
 .debug_abbrev  0x000000000000265a      0x1be USB_DEVICE/App/usb_device.o
 .debug_abbrev  0x0000000000002818      0x1f5 USB_DEVICE/App/usbd_custom_hid_if.o
 .debug_abbrev  0x0000000000002a0d      0x290 USB_DEVICE/App/usbd_desc.o
 .debug_abbrev  0x0000000000002c9d      0x2db USB_DEVICE/Target/usbd_conf.o

.debug_aranges  0x0000000000000000      0xe88
 .debug_aranges
                0x0000000000000000       0x68 Core/Src/main.o
 .debug_aranges
                0x0000000000000068       0x50 Core/Src/stm32f1xx_hal_msp.o
 .debug_aranges
                0x00000000000000b8       0x68 Core/Src/stm32f1xx_it.o
 .debug_aranges
                0x0000000000000120       0x28 Core/Src/system_stm32f1xx.o
 .debug_aranges
                0x0000000000000148       0x28 Core/Startup/startup_stm32f103c8tx.o
 .debug_aranges
                0x0000000000000170       0xe0 Drivers/STM32F1xx_HAL_Driver/Src/stm32f1xx_hal.o
 .debug_aranges
                0x0000000000000250      0x100 Drivers/STM32F1xx_HAL_Driver/Src/stm32f1xx_hal_cortex.o
 .debug_aranges
                0x0000000000000350       0x50 Drivers/STM32F1xx_HAL_Driver/Src/stm32f1xx_hal_crc.o
 .debug_aranges
                0x00000000000003a0       0x58 Drivers/STM32F1xx_HAL_Driver/Src/stm32f1xx_hal_gpio.o
 .debug_aranges
                0x00000000000003f8      0x120 Drivers/STM32F1xx_HAL_Driver/Src/stm32f1xx_hal_pcd.o
 .debug_aranges
                0x0000000000000518       0x38 Drivers/STM32F1xx_HAL_Driver/Src/stm32f1xx_hal_pcd_ex.o
 .debug_aranges
                0x0000000000000550       0x90 Drivers/STM32F1xx_HAL_Driver/Src/stm32f1xx_hal_rcc.o
 .debug_aranges
                0x00000000000005e0       0x30 Drivers/STM32F1xx_HAL_Driver/Src/stm32f1xx_hal_rcc_ex.o
 .debug_aranges
                0x0000000000000610      0x1d0 Drivers/STM32F1xx_HAL_Driver/Src/stm32f1xx_hal_spi.o
 .debug_aranges
                0x00000000000007e0      0x1d0 Drivers/STM32F1xx_HAL_Driver/Src/stm32f1xx_hal_uart.o
 .debug_aranges
                0x00000000000009b0      0x108 Drivers/STM32F1xx_HAL_Driver/Src/stm32f1xx_ll_usb.o
 .debug_aranges
                0x0000000000000ab8       0x78 Middlewares/ST/STM32_USB_Device_Library/Class/CustomHID/Src/usbd_customhid.o
 .debug_aranges
                0x0000000000000b30       0xb8 Middlewares/ST/STM32_USB_Device_Library/Core/Src/usbd_core.o
 .debug_aranges
                0x0000000000000be8       0x88 Middlewares/ST/STM32_USB_Device_Library/Core/Src/usbd_ctlreq.o
 .debug_aranges
                0x0000000000000c70       0x50 Middlewares/ST/STM32_USB_Device_Library/Core/Src/usbd_ioreq.o
 .debug_aranges
                0x0000000000000cc0       0x20 USB_DEVICE/App/usb_device.o
 .debug_aranges
                0x0000000000000ce0       0x30 USB_DEVICE/App/usbd_custom_hid_if.o
 .debug_aranges
                0x0000000000000d10       0x60 USB_DEVICE/App/usbd_desc.o
 .debug_aranges
                0x0000000000000d70      0x118 USB_DEVICE/Target/usbd_conf.o

.debug_ranges   0x0000000000000000      0xd10
 .debug_ranges  0x0000000000000000       0x58 Core/Src/main.o
 .debug_ranges  0x0000000000000058       0x40 Core/Src/stm32f1xx_hal_msp.o
 .debug_ranges  0x0000000000000098       0x58 Core/Src/stm32f1xx_it.o
 .debug_ranges  0x00000000000000f0       0x18 Core/Src/system_stm32f1xx.o
 .debug_ranges  0x0000000000000108       0x20 Core/Startup/startup_stm32f103c8tx.o
 .debug_ranges  0x0000000000000128       0xd0 Drivers/STM32F1xx_HAL_Driver/Src/stm32f1xx_hal.o
 .debug_ranges  0x00000000000001f8       0xf0 Drivers/STM32F1xx_HAL_Driver/Src/stm32f1xx_hal_cortex.o
 .debug_ranges  0x00000000000002e8       0x40 Drivers/STM32F1xx_HAL_Driver/Src/stm32f1xx_hal_crc.o
 .debug_ranges  0x0000000000000328       0x48 Drivers/STM32F1xx_HAL_Driver/Src/stm32f1xx_hal_gpio.o
 .debug_ranges  0x0000000000000370      0x110 Drivers/STM32F1xx_HAL_Driver/Src/stm32f1xx_hal_pcd.o
 .debug_ranges  0x0000000000000480       0x28 Drivers/STM32F1xx_HAL_Driver/Src/stm32f1xx_hal_pcd_ex.o
 .debug_ranges  0x00000000000004a8       0x80 Drivers/STM32F1xx_HAL_Driver/Src/stm32f1xx_hal_rcc.o
 .debug_ranges  0x0000000000000528       0x20 Drivers/STM32F1xx_HAL_Driver/Src/stm32f1xx_hal_rcc_ex.o
 .debug_ranges  0x0000000000000548      0x1c0 Drivers/STM32F1xx_HAL_Driver/Src/stm32f1xx_hal_spi.o
 .debug_ranges  0x0000000000000708      0x1c0 Drivers/STM32F1xx_HAL_Driver/Src/stm32f1xx_hal_uart.o
 .debug_ranges  0x00000000000008c8       0xf8 Drivers/STM32F1xx_HAL_Driver/Src/stm32f1xx_ll_usb.o
 .debug_ranges  0x00000000000009c0       0x68 Middlewares/ST/STM32_USB_Device_Library/Class/CustomHID/Src/usbd_customhid.o
 .debug_ranges  0x0000000000000a28       0xa8 Middlewares/ST/STM32_USB_Device_Library/Core/Src/usbd_core.o
 .debug_ranges  0x0000000000000ad0       0x78 Middlewares/ST/STM32_USB_Device_Library/Core/Src/usbd_ctlreq.o
 .debug_ranges  0x0000000000000b48       0x40 Middlewares/ST/STM32_USB_Device_Library/Core/Src/usbd_ioreq.o
 .debug_ranges  0x0000000000000b88       0x10 USB_DEVICE/App/usb_device.o
 .debug_ranges  0x0000000000000b98       0x20 USB_DEVICE/App/usbd_custom_hid_if.o
 .debug_ranges  0x0000000000000bb8       0x50 USB_DEVICE/App/usbd_desc.o
 .debug_ranges  0x0000000000000c08      0x108 USB_DEVICE/Target/usbd_conf.o

.debug_macro    0x0000000000000000    0x16dce
 .debug_macro   0x0000000000000000      0x3ae Core/Src/main.o
 .debug_macro   0x00000000000003ae      0xa5a Core/Src/main.o
 .debug_macro   0x0000000000000e08      0x227 Core/Src/main.o
 .debug_macro   0x000000000000102f       0x2e Core/Src/main.o
 .debug_macro   0x000000000000105d       0x22 Core/Src/main.o
 .debug_macro   0x000000000000107f       0x22 Core/Src/main.o
 .debug_macro   0x00000000000010a1       0x8e Core/Src/main.o
 .debug_macro   0x000000000000112f       0x51 Core/Src/main.o
 .debug_macro   0x0000000000001180       0xef Core/Src/main.o
 .debug_macro   0x000000000000126f       0x6a Core/Src/main.o
 .debug_macro   0x00000000000012d9      0x1df Core/Src/main.o
 .debug_macro   0x00000000000014b8       0x1c Core/Src/main.o
 .debug_macro   0x00000000000014d4       0x22 Core/Src/main.o
 .debug_macro   0x00000000000014f6       0xc3 Core/Src/main.o
 .debug_macro   0x00000000000015b9      0xd23 Core/Src/main.o
 .debug_macro   0x00000000000022dc     0xe09e Core/Src/main.o
 .debug_macro   0x000000000001037a       0x43 Core/Src/main.o
 .debug_macro   0x00000000000103bd      0x174 Core/Src/main.o
 .debug_macro   0x0000000000010531       0x5a Core/Src/main.o
 .debug_macro   0x000000000001058b      0x5be Core/Src/main.o
 .debug_macro   0x0000000000010b49      0x289 Core/Src/main.o
 .debug_macro   0x0000000000010dd2      0x1cb Core/Src/main.o
 .debug_macro   0x0000000000010f9d      0x114 Core/Src/main.o
 .debug_macro   0x00000000000110b1      0x1b2 Core/Src/main.o
 .debug_macro   0x0000000000011263       0x27 Core/Src/main.o
 .debug_macro   0x000000000001128a      0x136 Core/Src/main.o
 .debug_macro   0x00000000000113c0      0x1bc Core/Src/main.o
 .debug_macro   0x000000000001157c       0x34 Core/Src/main.o
 .debug_macro   0x00000000000115b0       0x3c Core/Src/main.o
 .debug_macro   0x00000000000115ec       0x57 Core/Src/main.o
 .debug_macro   0x0000000000011643       0x22 Core/Src/main.o
 .debug_macro   0x0000000000011665       0x88 Core/Src/main.o
 .debug_macro   0x00000000000116ed      0x241 Core/Src/main.o
 .debug_macro   0x000000000001192e      0x141 Core/Src/main.o
 .debug_macro   0x0000000000011a6f      0x217 Core/Src/main.o
 .debug_macro   0x0000000000011c86      0x26b Core/Src/main.o
 .debug_macro   0x0000000000011ef1       0x65 Core/Src/main.o
 .debug_macro   0x0000000000011f56      0x249 Core/Src/main.o
 .debug_macro   0x000000000001219f       0x83 Core/Src/main.o
 .debug_macro   0x0000000000012222       0xac Core/Src/main.o
 .debug_macro   0x00000000000122ce       0x46 Core/Src/main.o
 .debug_macro   0x0000000000012314       0x18 Core/Src/main.o
 .debug_macro   0x000000000001232c       0x3c Core/Src/main.o
 .debug_macro   0x0000000000012368       0x34 Core/Src/main.o
 .debug_macro   0x000000000001239c       0x16 Core/Src/main.o
 .debug_macro   0x00000000000123b2       0x35 Core/Src/main.o
 .debug_macro   0x00000000000123e7      0x32a Core/Src/main.o
 .debug_macro   0x0000000000012711       0x10 Core/Src/main.o
 .debug_macro   0x0000000000012721       0x52 Core/Src/main.o
 .debug_macro   0x0000000000012773       0x1f Core/Src/main.o
 .debug_macro   0x0000000000012792       0x43 Core/Src/main.o
 .debug_macro   0x00000000000127d5       0x20 Core/Src/main.o
 .debug_macro   0x00000000000127f5      0x1a3 Core/Src/main.o
 .debug_macro   0x0000000000012998       0x10 Core/Src/main.o
 .debug_macro   0x00000000000129a8       0x1c Core/Src/main.o
 .debug_macro   0x00000000000129c4       0x52 Core/Src/main.o
 .debug_macro   0x0000000000012a16       0x40 Core/Src/main.o
 .debug_macro   0x0000000000012a56       0x10 Core/Src/main.o
 .debug_macro   0x0000000000012a66       0x40 Core/Src/main.o
 .debug_macro   0x0000000000012aa6       0xd7 Core/Src/main.o
 .debug_macro   0x0000000000012b7d       0x1c Core/Src/main.o
 .debug_macro   0x0000000000012b99       0x3d Core/Src/main.o
 .debug_macro   0x0000000000012bd6       0x16 Core/Src/main.o
 .debug_macro   0x0000000000012bec      0x145 Core/Src/main.o
 .debug_macro   0x0000000000012d31       0x16 Core/Src/main.o
 .debug_macro   0x0000000000012d47       0x16 Core/Src/main.o
 .debug_macro   0x0000000000012d5d       0x29 Core/Src/main.o
 .debug_macro   0x0000000000012d86       0x16 Core/Src/main.o
 .debug_macro   0x0000000000012d9c       0x20 Core/Src/main.o
 .debug_macro   0x0000000000012dbc       0x6c Core/Src/main.o
 .debug_macro   0x0000000000012e28      0x1c8 Core/Src/main.o
 .debug_macro   0x0000000000012ff0      0x1cc Core/Src/stm32f1xx_hal_msp.o
 .debug_macro   0x00000000000131bc      0x1d6 Core/Src/stm32f1xx_it.o
 .debug_macro   0x0000000000013392      0x1c3 Core/Src/system_stm32f1xx.o
 .debug_macro   0x0000000000013555      0x1e1 Drivers/STM32F1xx_HAL_Driver/Src/stm32f1xx_hal.o
 .debug_macro   0x0000000000013736      0x1bd Drivers/STM32F1xx_HAL_Driver/Src/stm32f1xx_hal_cortex.o
 .debug_macro   0x00000000000138f3      0x1bd Drivers/STM32F1xx_HAL_Driver/Src/stm32f1xx_hal_crc.o
 .debug_macro   0x0000000000013ab0      0x228 Drivers/STM32F1xx_HAL_Driver/Src/stm32f1xx_hal_gpio.o
 .debug_macro   0x0000000000013cd8      0x1c9 Drivers/STM32F1xx_HAL_Driver/Src/stm32f1xx_hal_pcd.o
 .debug_macro   0x0000000000013ea1      0x1bd Drivers/STM32F1xx_HAL_Driver/Src/stm32f1xx_hal_pcd_ex.o
 .debug_macro   0x000000000001405e      0x1cf Drivers/STM32F1xx_HAL_Driver/Src/stm32f1xx_hal_rcc.o
 .debug_macro   0x000000000001422d      0x1bd Drivers/STM32F1xx_HAL_Driver/Src/stm32f1xx_hal_rcc_ex.o
 .debug_macro   0x00000000000143ea      0x1c5 Drivers/STM32F1xx_HAL_Driver/Src/stm32f1xx_hal_spi.o
 .debug_macro   0x00000000000145af      0x1be Drivers/STM32F1xx_HAL_Driver/Src/stm32f1xx_hal_uart.o
 .debug_macro   0x000000000001476d      0x1bd Drivers/STM32F1xx_HAL_Driver/Src/stm32f1xx_ll_usb.o
 .debug_macro   0x000000000001492a      0x3d9 Middlewares/ST/STM32_USB_Device_Library/Class/CustomHID/Src/usbd_customhid.o
 .debug_macro   0x0000000000014d03       0x97 Middlewares/ST/STM32_USB_Device_Library/Class/CustomHID/Src/usbd_customhid.o
 .debug_macro   0x0000000000014d9a       0xfd Middlewares/ST/STM32_USB_Device_Library/Class/CustomHID/Src/usbd_customhid.o
 .debug_macro   0x0000000000014e97       0xbd Middlewares/ST/STM32_USB_Device_Library/Class/CustomHID/Src/usbd_customhid.o
 .debug_macro   0x0000000000014f54       0x54 Middlewares/ST/STM32_USB_Device_Library/Class/CustomHID/Src/usbd_customhid.o
 .debug_macro   0x0000000000014fa8       0x65 Middlewares/ST/STM32_USB_Device_Library/Class/CustomHID/Src/usbd_customhid.o
 .debug_macro   0x000000000001500d      0x3c0 Middlewares/ST/STM32_USB_Device_Library/Core/Src/usbd_core.o
 .debug_macro   0x00000000000153cd      0x1ce Middlewares/ST/STM32_USB_Device_Library/Core/Src/usbd_core.o
 .debug_macro   0x000000000001559b      0x3ca Middlewares/ST/STM32_USB_Device_Library/Core/Src/usbd_ctlreq.o
 .debug_macro   0x0000000000015965      0x3c6 Middlewares/ST/STM32_USB_Device_Library/Core/Src/usbd_ioreq.o
 .debug_macro   0x0000000000015d2b      0x3fa USB_DEVICE/App/usb_device.o
 .debug_macro   0x0000000000016125       0xb2 USB_DEVICE/App/usb_device.o
 .debug_macro   0x00000000000161d7       0x22 USB_DEVICE/App/usb_device.o
 .debug_macro   0x00000000000161f9      0x3df USB_DEVICE/App/usbd_custom_hid_if.o
 .debug_macro   0x00000000000165d8      0x3fd USB_DEVICE/App/usbd_desc.o
 .debug_macro   0x00000000000169d5       0x1c USB_DEVICE/App/usbd_desc.o
 .debug_macro   0x00000000000169f1      0x3dd USB_DEVICE/Target/usbd_conf.o

.debug_line     0x0000000000000000     0xe3dd
 .debug_line    0x0000000000000000      0xa45 Core/Src/main.o
 .debug_line    0x0000000000000a45      0x74a Core/Src/stm32f1xx_hal_msp.o
 .debug_line    0x000000000000118f      0x730 Core/Src/stm32f1xx_it.o
 .debug_line    0x00000000000018bf      0x6ab Core/Src/system_stm32f1xx.o
 .debug_line    0x0000000000001f6a       0x84 Core/Startup/startup_stm32f103c8tx.o
 .debug_line    0x0000000000001fee      0x853 Drivers/STM32F1xx_HAL_Driver/Src/stm32f1xx_hal.o
 .debug_line    0x0000000000002841      0x92c Drivers/STM32F1xx_HAL_Driver/Src/stm32f1xx_hal_cortex.o
 .debug_line    0x000000000000316d      0x72e Drivers/STM32F1xx_HAL_Driver/Src/stm32f1xx_hal_crc.o
 .debug_line    0x000000000000389b      0x853 Drivers/STM32F1xx_HAL_Driver/Src/stm32f1xx_hal_gpio.o
 .debug_line    0x00000000000040ee      0xb46 Drivers/STM32F1xx_HAL_Driver/Src/stm32f1xx_hal_pcd.o
 .debug_line    0x0000000000004c34      0x6c6 Drivers/STM32F1xx_HAL_Driver/Src/stm32f1xx_hal_pcd_ex.o
 .debug_line    0x00000000000052fa      0x915 Drivers/STM32F1xx_HAL_Driver/Src/stm32f1xx_hal_rcc.o
 .debug_line    0x0000000000005c0f      0x733 Drivers/STM32F1xx_HAL_Driver/Src/stm32f1xx_hal_rcc_ex.o
 .debug_line    0x0000000000006342     0x1021 Drivers/STM32F1xx_HAL_Driver/Src/stm32f1xx_hal_spi.o
 .debug_line    0x0000000000007363      0xf5e Drivers/STM32F1xx_HAL_Driver/Src/stm32f1xx_hal_uart.o
 .debug_line    0x00000000000082c1      0xb5f Drivers/STM32F1xx_HAL_Driver/Src/stm32f1xx_ll_usb.o
 .debug_line    0x0000000000008e20      0xae7 Middlewares/ST/STM32_USB_Device_Library/Class/CustomHID/Src/usbd_customhid.o
 .debug_line    0x0000000000009907      0xb6c Middlewares/ST/STM32_USB_Device_Library/Core/Src/usbd_core.o
 .debug_line    0x000000000000a473      0xbf5 Middlewares/ST/STM32_USB_Device_Library/Core/Src/usbd_ctlreq.o
 .debug_line    0x000000000000b068      0x9d5 Middlewares/ST/STM32_USB_Device_Library/Core/Src/usbd_ioreq.o
 .debug_line    0x000000000000ba3d      0x9ca USB_DEVICE/App/usb_device.o
 .debug_line    0x000000000000c407      0x9d0 USB_DEVICE/App/usbd_custom_hid_if.o
 .debug_line    0x000000000000cdd7      0xa09 USB_DEVICE/App/usbd_desc.o
 .debug_line    0x000000000000d7e0      0xbfd USB_DEVICE/Target/usbd_conf.o

.debug_str      0x0000000000000000    0x713c5
 .debug_str     0x0000000000000000    0x6dae5 Core/Src/main.o
                                      0x6dec2 (size before relaxing)
 .debug_str     0x000000000006dae5       0xc3 Core/Src/stm32f1xx_hal_msp.o
                                      0x690e1 (size before relaxing)
 .debug_str     0x000000000006dba8      0x38b Core/Src/stm32f1xx_it.o
                                      0x68def (size before relaxing)
 .debug_str     0x000000000006df33       0xc2 Core/Src/system_stm32f1xx.o
                                      0x68851 (size before relaxing)
 .debug_str     0x000000000006dff5       0x36 Core/Startup/startup_stm32f103c8tx.o
                                         0x75 (size before relaxing)
 .debug_str     0x000000000006e02b      0x61f Drivers/STM32F1xx_HAL_Driver/Src/stm32f1xx_hal.o
                                      0x68e62 (size before relaxing)
 .debug_str     0x000000000006e64a      0x2a0 Drivers/STM32F1xx_HAL_Driver/Src/stm32f1xx_hal_cortex.o
                                      0x68e70 (size before relaxing)
 .debug_str     0x000000000006e8ea       0xa4 Drivers/STM32F1xx_HAL_Driver/Src/stm32f1xx_hal_crc.o
                                      0x68945 (size before relaxing)
 .debug_str     0x000000000006e98e      0x31f Drivers/STM32F1xx_HAL_Driver/Src/stm32f1xx_hal_gpio.o
                                      0x68b9b (size before relaxing)
 .debug_str     0x000000000006ecad      0x3af Drivers/STM32F1xx_HAL_Driver/Src/stm32f1xx_hal_pcd.o
                                      0x68e82 (size before relaxing)
 .debug_str     0x000000000006f05c      0x18d Drivers/STM32F1xx_HAL_Driver/Src/stm32f1xx_hal_pcd_ex.o
                                      0x68c5e (size before relaxing)
 .debug_str     0x000000000006f1e9      0x263 Drivers/STM32F1xx_HAL_Driver/Src/stm32f1xx_hal_rcc.o
                                      0x68bd4 (size before relaxing)
 .debug_str     0x000000000006f44c       0xb9 Drivers/STM32F1xx_HAL_Driver/Src/stm32f1xx_hal_rcc_ex.o
                                      0x68961 (size before relaxing)
 .debug_str     0x000000000006f505      0x52e Drivers/STM32F1xx_HAL_Driver/Src/stm32f1xx_hal_spi.o
                                      0x690c2 (size before relaxing)
 .debug_str     0x000000000006fa33      0x50d Drivers/STM32F1xx_HAL_Driver/Src/stm32f1xx_hal_uart.o
                                      0x690c3 (size before relaxing)
 .debug_str     0x000000000006ff40      0x2f8 Drivers/STM32F1xx_HAL_Driver/Src/stm32f1xx_ll_usb.o
                                      0x68cc8 (size before relaxing)
 .debug_str     0x0000000000070238      0x8b4 Middlewares/ST/STM32_USB_Device_Library/Class/CustomHID/Src/usbd_customhid.o
                                      0x6df26 (size before relaxing)
 .debug_str     0x0000000000070aec      0x1b5 Middlewares/ST/STM32_USB_Device_Library/Core/Src/usbd_core.o
                                      0x6dba2 (size before relaxing)
 .debug_str     0x0000000000070ca1      0x12f Middlewares/ST/STM32_USB_Device_Library/Core/Src/usbd_ctlreq.o
                                      0x6db28 (size before relaxing)
 .debug_str     0x0000000000070dd0       0xc9 Middlewares/ST/STM32_USB_Device_Library/Core/Src/usbd_ioreq.o
                                      0x6dab0 (size before relaxing)
 .debug_str     0x0000000000070e99       0xf3 USB_DEVICE/App/usb_device.o
                                      0x6dd2d (size before relaxing)
 .debug_str     0x0000000000070f8c       0x89 USB_DEVICE/App/usbd_custom_hid_if.o
                                      0x6dcf2 (size before relaxing)
 .debug_str     0x0000000000071015      0x25c USB_DEVICE/App/usbd_desc.o
                                      0x6da1f (size before relaxing)
 .debug_str     0x0000000000071271      0x154 USB_DEVICE/Target/usbd_conf.o
                                      0x6e5e0 (size before relaxing)

.comment        0x0000000000000000       0x7b
 .comment       0x0000000000000000       0x7b Core/Src/main.o
                                         0x7c (size before relaxing)
 .comment       0x000000000000007b       0x7c Core/Src/stm32f1xx_hal_msp.o
 .comment       0x000000000000007b       0x7c Core/Src/stm32f1xx_it.o
 .comment       0x000000000000007b       0x7c Core/Src/system_stm32f1xx.o
 .comment       0x000000000000007b       0x7c Drivers/STM32F1xx_HAL_Driver/Src/stm32f1xx_hal.o
 .comment       0x000000000000007b       0x7c Drivers/STM32F1xx_HAL_Driver/Src/stm32f1xx_hal_cortex.o
 .comment       0x000000000000007b       0x7c Drivers/STM32F1xx_HAL_Driver/Src/stm32f1xx_hal_crc.o
 .comment       0x000000000000007b       0x7c Drivers/STM32F1xx_HAL_Driver/Src/stm32f1xx_hal_gpio.o
 .comment       0x000000000000007b       0x7c Drivers/STM32F1xx_HAL_Driver/Src/stm32f1xx_hal_pcd.o
 .comment       0x000000000000007b       0x7c Drivers/STM32F1xx_HAL_Driver/Src/stm32f1xx_hal_pcd_ex.o
 .comment       0x000000000000007b       0x7c Drivers/STM32F1xx_HAL_Driver/Src/stm32f1xx_hal_rcc.o
 .comment       0x000000000000007b       0x7c Drivers/STM32F1xx_HAL_Driver/Src/stm32f1xx_hal_rcc_ex.o
 .comment       0x000000000000007b       0x7c Drivers/STM32F1xx_HAL_Driver/Src/stm32f1xx_hal_spi.o
 .comment       0x000000000000007b       0x7c Drivers/STM32F1xx_HAL_Driver/Src/stm32f1xx_hal_uart.o
 .comment       0x000000000000007b       0x7c Drivers/STM32F1xx_HAL_Driver/Src/stm32f1xx_ll_usb.o
 .comment       0x000000000000007b       0x7c Middlewares/ST/STM32_USB_Device_Library/Class/CustomHID/Src/usbd_customhid.o
 .comment       0x000000000000007b       0x7c Middlewares/ST/STM32_USB_Device_Library/Core/Src/usbd_core.o
 .comment       0x000000000000007b       0x7c Middlewares/ST/STM32_USB_Device_Library/Core/Src/usbd_ctlreq.o
 .comment       0x000000000000007b       0x7c Middlewares/ST/STM32_USB_Device_Library/Core/Src/usbd_ioreq.o
 .comment       0x000000000000007b       0x7c USB_DEVICE/App/usb_device.o
 .comment       0x000000000000007b       0x7c USB_DEVICE/App/usbd_custom_hid_if.o
 .comment       0x000000000000007b       0x7c USB_DEVICE/App/usbd_desc.o
 .comment       0x000000000000007b       0x7c USB_DEVICE/Target/usbd_conf.o

.debug_frame    0x0000000000000000     0x3a0c
 .debug_frame   0x0000000000000000      0x13c Core/Src/main.o
 .debug_frame   0x000000000000013c      0x118 Core/Src/stm32f1xx_hal_msp.o
 .debug_frame   0x0000000000000254      0x128 Core/Src/stm32f1xx_it.o
 .debug_frame   0x000000000000037c       0x58 Core/Src/system_stm32f1xx.o
 .debug_frame   0x00000000000003d4      0x334 Drivers/STM32F1xx_HAL_Driver/Src/stm32f1xx_hal.o
 .debug_frame   0x0000000000000708      0x428 Drivers/STM32F1xx_HAL_Driver/Src/stm32f1xx_hal_cortex.o
 .debug_frame   0x0000000000000b30      0x120 Drivers/STM32F1xx_HAL_Driver/Src/stm32f1xx_hal_crc.o
 .debug_frame   0x0000000000000c50      0x14c Drivers/STM32F1xx_HAL_Driver/Src/stm32f1xx_hal_gpio.o
 .debug_frame   0x0000000000000d9c      0x500 Drivers/STM32F1xx_HAL_Driver/Src/stm32f1xx_hal_pcd.o
 .debug_frame   0x000000000000129c       0xb0 Drivers/STM32F1xx_HAL_Driver/Src/stm32f1xx_hal_pcd_ex.o
 .debug_frame   0x000000000000134c      0x21c Drivers/STM32F1xx_HAL_Driver/Src/stm32f1xx_hal_rcc.o
 .debug_frame   0x0000000000001568       0x84 Drivers/STM32F1xx_HAL_Driver/Src/stm32f1xx_hal_rcc_ex.o
 .debug_frame   0x00000000000015ec      0x824 Drivers/STM32F1xx_HAL_Driver/Src/stm32f1xx_hal_spi.o
 .debug_frame   0x0000000000001e10      0x834 Drivers/STM32F1xx_HAL_Driver/Src/stm32f1xx_hal_uart.o
 .debug_frame   0x0000000000002644      0x4d8 Drivers/STM32F1xx_HAL_Driver/Src/stm32f1xx_ll_usb.o
 .debug_frame   0x0000000000002b1c      0x1d8 Middlewares/ST/STM32_USB_Device_Library/Class/CustomHID/Src/usbd_customhid.o
 .debug_frame   0x0000000000002cf4      0x300 Middlewares/ST/STM32_USB_Device_Library/Core/Src/usbd_core.o
 .debug_frame   0x0000000000002ff4      0x218 Middlewares/ST/STM32_USB_Device_Library/Core/Src/usbd_ctlreq.o
 .debug_frame   0x000000000000320c      0x10c Middlewares/ST/STM32_USB_Device_Library/Core/Src/usbd_ioreq.o
 .debug_frame   0x0000000000003318       0x2c USB_DEVICE/App/usb_device.o
 .debug_frame   0x0000000000003344       0x78 USB_DEVICE/App/usbd_custom_hid_if.o
 .debug_frame   0x00000000000033bc      0x160 USB_DEVICE/App/usbd_desc.o
 .debug_frame   0x000000000000351c      0x4a4 USB_DEVICE/Target/usbd_conf.o
 .debug_frame   0x00000000000039c0       0x2c c:/st/stm32cubeide_1.3.0/stm32cubeide/plugins/com.st.stm32cube.ide.mcu.externaltools.gnu-tools-for-stm32.7-2018-q2-update.win32_1.0.0.201904181610/tools/bin/../lib/gcc/arm-none-eabi/7.3.1/../../../../arm-none-eabi/lib/thumb/v7-m\libc_nano.a(lib_a-init.o)
 .debug_frame   0x00000000000039ec       0x20 c:/st/stm32cubeide_1.3.0/stm32cubeide/plugins/com.st.stm32cube.ide.mcu.externaltools.gnu-tools-for-stm32.7-2018-q2-update.win32_1.0.0.201904181610/tools/bin/../lib/gcc/arm-none-eabi/7.3.1/../../../../arm-none-eabi/lib/thumb/v7-m\libc_nano.a(lib_a-memset.o)
