Archive member included to satisfy reference by file (symbol)

c:/st/stm32cubeide_1.3.0/stm32cubeide/plugins/com.st.stm32cube.ide.mcu.externaltools.gnu-tools-for-stm32.7-2018-q2-update.win32_1.0.0.201904181610/tools/bin/../lib/gcc/arm-none-eabi/7.3.1/../../../../arm-none-eabi/lib/thumb/v7-m\libc_nano.a(lib_a-errno.o)
                              Core/Src/syscalls.o (__errno)
c:/st/stm32cubeide_1.3.0/stm32cubeide/plugins/com.st.stm32cube.ide.mcu.externaltools.gnu-tools-for-stm32.7-2018-q2-update.win32_1.0.0.201904181610/tools/bin/../lib/gcc/arm-none-eabi/7.3.1/../../../../arm-none-eabi/lib/thumb/v7-m\libc_nano.a(lib_a-exit.o)
                              c:/st/stm32cubeide_1.3.0/stm32cubeide/plugins/com.st.stm32cube.ide.mcu.externaltools.gnu-tools-for-stm32.7-2018-q2-update.win32_1.0.0.201904181610/tools/bin/../lib/gcc/arm-none-eabi/7.3.1/../../../../arm-none-eabi/lib/thumb/v7-m/crt0.o (exit)
c:/st/stm32cubeide_1.3.0/stm32cubeide/plugins/com.st.stm32cube.ide.mcu.externaltools.gnu-tools-for-stm32.7-2018-q2-update.win32_1.0.0.201904181610/tools/bin/../lib/gcc/arm-none-eabi/7.3.1/../../../../arm-none-eabi/lib/thumb/v7-m\libc_nano.a(lib_a-impure.o)
                              c:/st/stm32cubeide_1.3.0/stm32cubeide/plugins/com.st.stm32cube.ide.mcu.externaltools.gnu-tools-for-stm32.7-2018-q2-update.win32_1.0.0.201904181610/tools/bin/../lib/gcc/arm-none-eabi/7.3.1/../../../../arm-none-eabi/lib/thumb/v7-m\libc_nano.a(lib_a-exit.o) (_global_impure_ptr)
c:/st/stm32cubeide_1.3.0/stm32cubeide/plugins/com.st.stm32cube.ide.mcu.externaltools.gnu-tools-for-stm32.7-2018-q2-update.win32_1.0.0.201904181610/tools/bin/../lib/gcc/arm-none-eabi/7.3.1/../../../../arm-none-eabi/lib/thumb/v7-m\libc_nano.a(lib_a-init.o)
                              c:/st/stm32cubeide_1.3.0/stm32cubeide/plugins/com.st.stm32cube.ide.mcu.externaltools.gnu-tools-for-stm32.7-2018-q2-update.win32_1.0.0.201904181610/tools/bin/../lib/gcc/arm-none-eabi/7.3.1/../../../../arm-none-eabi/lib/thumb/v7-m/crt0.o (__libc_init_array)
c:/st/stm32cubeide_1.3.0/stm32cubeide/plugins/com.st.stm32cube.ide.mcu.externaltools.gnu-tools-for-stm32.7-2018-q2-update.win32_1.0.0.201904181610/tools/bin/../lib/gcc/arm-none-eabi/7.3.1/../../../../arm-none-eabi/lib/thumb/v7-m\libc_nano.a(lib_a-memcpy-stub.o)
                              Core/Src/BLE_UART.o (memcpy)
c:/st/stm32cubeide_1.3.0/stm32cubeide/plugins/com.st.stm32cube.ide.mcu.externaltools.gnu-tools-for-stm32.7-2018-q2-update.win32_1.0.0.201904181610/tools/bin/../lib/gcc/arm-none-eabi/7.3.1/../../../../arm-none-eabi/lib/thumb/v7-m\libc_nano.a(lib_a-memset.o)
                              c:/st/stm32cubeide_1.3.0/stm32cubeide/plugins/com.st.stm32cube.ide.mcu.externaltools.gnu-tools-for-stm32.7-2018-q2-update.win32_1.0.0.201904181610/tools/bin/../lib/gcc/arm-none-eabi/7.3.1/../../../../arm-none-eabi/lib/thumb/v7-m/crt0.o (memset)
c:/st/stm32cubeide_1.3.0/stm32cubeide/plugins/com.st.stm32cube.ide.mcu.externaltools.gnu-tools-for-stm32.7-2018-q2-update.win32_1.0.0.201904181610/tools/bin/../lib/gcc/arm-none-eabi/7.3.1/../../../../arm-none-eabi/lib/thumb/v7-m\libc_nano.a(lib_a-sprintf.o)
                              Core/Src/BLE_UART.o (sprintf)
c:/st/stm32cubeide_1.3.0/stm32cubeide/plugins/com.st.stm32cube.ide.mcu.externaltools.gnu-tools-for-stm32.7-2018-q2-update.win32_1.0.0.201904181610/tools/bin/../lib/gcc/arm-none-eabi/7.3.1/../../../../arm-none-eabi/lib/thumb/v7-m\libc_nano.a(lib_a-strchr.o)
                              Core/Src/httpd.o (strchr)
c:/st/stm32cubeide_1.3.0/stm32cubeide/plugins/com.st.stm32cube.ide.mcu.externaltools.gnu-tools-for-stm32.7-2018-q2-update.win32_1.0.0.201904181610/tools/bin/../lib/gcc/arm-none-eabi/7.3.1/../../../../arm-none-eabi/lib/thumb/v7-m\libc_nano.a(lib_a-strcpy.o)
                              Core/Src/httpd.o (strcpy)
c:/st/stm32cubeide_1.3.0/stm32cubeide/plugins/com.st.stm32cube.ide.mcu.externaltools.gnu-tools-for-stm32.7-2018-q2-update.win32_1.0.0.201904181610/tools/bin/../lib/gcc/arm-none-eabi/7.3.1/../../../../arm-none-eabi/lib/thumb/v7-m\libc_nano.a(lib_a-strlen.o)
                              Core/Src/BLE_UART.o (strlen)
c:/st/stm32cubeide_1.3.0/stm32cubeide/plugins/com.st.stm32cube.ide.mcu.externaltools.gnu-tools-for-stm32.7-2018-q2-update.win32_1.0.0.201904181610/tools/bin/../lib/gcc/arm-none-eabi/7.3.1/../../../../arm-none-eabi/lib/thumb/v7-m\libc_nano.a(lib_a-strncmp.o)
                              Core/Src/httpd.o (strncmp)
c:/st/stm32cubeide_1.3.0/stm32cubeide/plugins/com.st.stm32cube.ide.mcu.externaltools.gnu-tools-for-stm32.7-2018-q2-update.win32_1.0.0.201904181610/tools/bin/../lib/gcc/arm-none-eabi/7.3.1/../../../../arm-none-eabi/lib/thumb/v7-m\libc_nano.a(lib_a-nano-svfprintf.o)
[...]
Memory Configuration

Name             Origin             Length             Attributes
RAM              0x0000000020000000 0x0000000000005000 xrw
FLASH            0x0000000008000000 0x0000000000010000 xr
*default*        0x0000000000000000 0xffffffffffffffff

Linker script and memory map

LOAD c:/st/stm32cubeide_1.3.0/stm32cubeide/plugins/com.st.stm32cube.ide.mcu.externaltools.gnu-tools-for-stm32.7-2018-q2-update.win32_1.0.0.201904181610/tools/bin/../lib/gcc/arm-none-eabi/7.3.1/thumb/v7-m/crti.o
LOAD c:/st/stm32cubeide_1.3.0/stm32cubeide/plugins/com.st.stm32cube.ide.mcu.externaltools.gnu-tools-for-stm32.7-2018-q2-update.win32_1.0.0.201904181610/tools/bin/../lib/gcc/arm-none-eabi/7.3.1/thumb/v7-m/crtbegin.o
LOAD c:/st/stm32cubeide_1.3.0/stm32cubeide/plugins/com.st.stm32cube.ide.mcu.externaltools.gnu-tools-for-stm32.7-2018-q2-update.win32_1.0.0.201904181610/tools/bin/../lib/gcc/arm-none-eabi/7.3.1/../../../../arm-none-eabi/lib/thumb/v7-m/crt0.o
LOAD Core/Src/BLE_UART.o
LOAD Core/Src/Logger.o
LOAD Core/Src/httpd.o
LOAD Core/Src/jWrite.o
LOAD Core/Src/main.o
LOAD Core/Src/net.o
LOAD Core/Src/parser_JSON.o
LOAD Core/Src/stm32f1xx_hal_msp.o
LOAD Core/Src/stm32f1xx_it.o
LOAD Core/Src/syscalls.o
LOAD Core/Src/sysmem.o
LOAD Core/Src/system_stm32f1xx.o
LOAD Core/Src/w5500.o
LOAD Core/Startup/startup_stm32f103c8tx.o
LOAD Drivers/STM32F1xx_HAL_Driver/Src/stm32f1xx_hal.o
LOAD Drivers/STM32F1xx_HAL_Driver/Src/stm32f1xx_hal_cortex.o
LOAD Drivers/STM32F1xx_HAL_Driver/Src/stm32f1xx_hal_dma.o
LOAD Drivers/STM32F1xx_HAL_Driver/Src/stm32f1xx_hal_exti.o
LOAD Drivers/STM32F1xx_HAL_Driver/Src/stm32f1xx_hal_flash.o
LOAD Drivers/STM32F1xx_HAL_Driver/Src/stm32f1xx_hal_flash_ex.o
LOAD Drivers/STM32F1xx_HAL_Driver/Src/stm32f1xx_hal_gpio.o
LOAD Drivers/STM32F1xx_HAL_Driver/Src/stm32f1xx_hal_gpio_ex.o
LOAD Drivers/STM32F1xx_HAL_Driver/Src/stm32f1xx_hal_iwdg.o
LOAD Drivers/STM32F1xx_HAL_Driver/Src/stm32f1xx_hal_pwr.o
LOAD Drivers/STM32F1xx_HAL_Driver/Src/stm32f1xx_hal_rcc.o
LOAD Drivers/STM32F1xx_HAL_Driver/Src/stm32f1xx_hal_rcc_ex.o
LOAD Drivers/STM32F1xx_HAL_Driver/Src/stm32f1xx_hal_spi.o
LOAD Drivers/STM32F1xx_HAL_Driver/Src/stm32f1xx_hal_tim.o
LOAD Drivers/STM32F1xx_HAL_Driver/Src/stm32f1xx_hal_tim_ex.o
LOAD Drivers/STM32F1xx_HAL_Driver/Src/stm32f1xx_hal_uart.o
START GROUP
LOAD c:/st/stm32cubeide_1.3.0/stm32cubeide/plugins/com.st.stm32cube.ide.mcu.externaltools.gnu-tools-for-stm32.7-2018-q2-update.win32_1.0.0.201904181610/tools/bin/../lib/gcc/arm-none-eabi/7.3.1/../../../../arm-none-eabi/lib/thumb/v7-m\libc_nano.a
LOAD c:/st/stm32cubeide_1.3.0/stm32cubeide/plugins/com.st.stm32cube.ide.mcu.externaltools.gnu-tools-for-stm32.7-2018-q2-update.win32_1.0.0.201904181610/tools/bin/../lib/gcc/arm-none-eabi/7.3.1/../../../../arm-none-eabi/lib/thumb/v7-m\libm.a
END GROUP
START GROUP
LOAD c:/st/stm32cubeide_1.3.0/stm32cubeide/plugins/com.st.stm32cube.ide.mcu.externaltools.gnu-tools-for-stm32.7-2018-q2-update.win32_1.0.0.201904181610/tools/bin/../lib/gcc/arm-none-eabi/7.3.1/thumb/v7-m\libgcc.a
LOAD c:/st/stm32cubeide_1.3.0/stm32cubeide/plugins/com.st.stm32cube.ide.mcu.externaltools.gnu-tools-for-stm32.7-2018-q2-update.win32_1.0.0.201904181610/tools/bin/../lib/gcc/arm-none-eabi/7.3.1/../../../../arm-none-eabi/lib/thumb/v7-m\libc_nano.a
END GROUP
START GROUP
LOAD c:/st/stm32cubeide_1.3.0/stm32cubeide/plugins/com.st.stm32cube.ide.mcu.externaltools.gnu-tools-for-stm32.7-2018-q2-update.win32_1.0.0.201904181610/tools/bin/../lib/gcc/arm-none-eabi/7.3.1/thumb/v7-m\libgcc.a
LOAD c:/st/stm32cubeide_1.3.0/stm32cubeide/plugins/com.st.stm32cube.ide.mcu.externaltools.gnu-tools-for-stm32.7-2018-q2-update.win32_1.0.0.201904181610/tools/bin/../lib/gcc/arm-none-eabi/7.3.1/../../../../arm-none-eabi/lib/thumb/v7-m\libc_nano.a
LOAD c:/st/stm32cubeide_1.3.0/stm32cubeide/plugins/com.st.stm32cube.ide.mcu.externaltools.gnu-tools-for-stm32.7-2018-q2-update.win32_1.0.0.201904181610/tools/bin/../lib/gcc/arm-none-eabi/7.3.1/../../../../arm-none-eabi/lib/thumb/v7-m\libnosys.a
END GROUP
START GROUP
LOAD c:/st/stm32cubeide_1.3.0/stm32cubeide/plugins/com.st.stm32cube.ide.mcu.externaltools.gnu-tools-for-stm32.7-2018-q2-update.win32_1.0.0.201904181610/tools/bin/../lib/gcc/arm-none-eabi/7.3.1/thumb/v7-m\libgcc.a
LOAD c:/st/stm32cubeide_1.3.0/stm32cubeide/plugins/com.st.stm32cube.ide.mcu.externaltools.gnu-tools-for-stm32.7-2018-q2-update.win32_1.0.0.201904181610/tools/bin/../lib/gcc/arm-none-eabi/7.3.1/../../../../arm-none-eabi/lib/thumb/v7-m\libc_nano.a
LOAD c:/st/stm32cubeide_1.3.0/stm32cubeide/plugins/com.st.stm32cube.ide.mcu.externaltools.gnu-tools-for-stm32.7-2018-q2-update.win32_1.0.0.201904181610/tools/bin/../lib/gcc/arm-none-eabi/7.3.1/../../../../arm-none-eabi/lib/thumb/v7-m\libnosys.a
END GROUP
LOAD c:/st/stm32cubeide_1.3.0/stm32cubeide/plugins/com.st.stm32cube.ide.mcu.externaltools.gnu-tools-for-stm32.7-2018-q2-update.win32_1.0.0.201904181610/tools/bin/../lib/gcc/arm-none-eabi/7.3.1/thumb/v7-m/crtend.o
LOAD c:/st/stm32cubeide_1.3.0/stm32cubeide/plugins/com.st.stm32cube.ide.mcu.externaltools.gnu-tools-for-stm32.7-2018-q2-update.win32_1.0.0.201904181610/tools/bin/../lib/gcc/arm-none-eabi/7.3.1/thumb/v7-m/crtn.o
                0x0000000020005000                _estack = (ORIGIN (RAM) + LENGTH (RAM))
                0x0000000000000200                _Min_Heap_Size = 0x200
                0x0000000000000400                _Min_Stack_Size = 0x400

.isr_vector     0x0000000008000000      0x10c
                0x0000000008000000                . = ALIGN (0x4)
 *(.isr_vector)
 .isr_vector    0x0000000008000000      0x10c Core/Startup/startup_stm32f103c8tx.o
                0x0000000008000000                g_pfnVectors
                0x000000000800010c                . = ALIGN (0x4)

.text           0x000000000800010c     0x5fec
                0x000000000800010c                . = ALIGN (0x4)
 *(.text)
 .text          0x000000000800010c       0x40 c:/st/stm32cubeide_1.3.0/stm32cubeide/plugins/com.st.stm32cube.ide.mcu.externaltools.gnu-tools-for-stm32.7-2018-q2-update.win32_1.0.0.201904181610/tools/bin/../lib/gcc/arm-none-eabi/7.3.1/thumb/v7-m/crtbegin.o
 .text          0x000000000800014c       0x10 c:/st/stm32cubeide_1.3.0/stm32cubeide/plugins/com.st.stm32cube.ide.mcu.externaltools.gnu-tools-for-stm32.7-2018-q2-update.win32_1.0.0.201904181610/tools/bin/../lib/gcc/arm-none-eabi/7.3.1/../../../../arm-none-eabi/lib/thumb/v7-m\libc_nano.a(lib_a-strlen.o)
                0x000000000800014c                strlen
 *(.text*)
 .text.BLE_init
                0x000000000800015c       0x5c Core/Src/BLE_UART.o
                0x000000000800015c                BLE_init
 .text.copyStructBLE_Beacon
                0x00000000080001b8      0x12c Core/Src/BLE_UART.o
                0x00000000080001b8                copyStructBLE_Beacon
 .text.Dcmp     0x00000000080002e4       0x46 Core/Src/BLE_UART.o
                0x00000000080002e4                Dcmp
 *fill*         0x000000000800032a        0x2 
 .text.BLE_Search_Start
                0x000000000800032c       0x20 Core/Src/BLE_UART.o
                0x000000000800032c                BLE_Search_Start
 .text.BLE_Search_up
                0x000000000800034c       0xac Core/Src/BLE_UART.o
                0x000000000800034c                BLE_Search_up
 .text.BLE_CMD_DISI
                0x00000000080003f8      0x3f4 Core/Src/BLE_UART.o
                0x00000000080003f8                BLE_CMD_DISI
 .text.BLE_Callback
                0x00000000080007ec       0x24 Core/Src/BLE_UART.o
                0x00000000080007ec                BLE_Callback
 .text.tcp_send_http_one
                0x0000000008000810      0x138 Core/Src/httpd.o
                0x0000000008000810                tcp_send_http_one
 .text.tcp_send_http_first
                0x0000000008000948      0x210 Core/Src/httpd.o
                0x0000000008000948                tcp_send_http_first
 .text.tcp_send_http_middle
                0x0000000008000b58      0x208 Core/Src/httpd.o
                0x0000000008000b58                tcp_send_http_middle
 .text.tcp_send_http_last
                0x0000000008000d60      0x118 Core/Src/httpd.o
                0x0000000008000d60                tcp_send_http_last
 .text.http_request
                0x0000000008000e78      0x3a0 Core/Src/httpd.o
                0x0000000008000e78                http_request
 .text.jwOpen   0x0000000008001218       0x74 Core/Src/jWrite.o
                0x0000000008001218                jwOpen
 .text.jwClose  0x000000000800128c       0x5c Core/Src/jWrite.o
                0x000000000800128c                jwClose
 .text.jwEnd    0x00000000080012e8       0x54 Core/Src/jWrite.o
                0x00000000080012e8                jwEnd
 .text.jwObj_raw
                0x000000000800133c       0x24 Core/Src/jWrite.o
                0x000000000800133c                jwObj_raw
 .text.jwObj_string
                0x0000000008001360       0x24 Core/Src/jWrite.o
                0x0000000008001360                jwObj_string
 .text.jwObj_int
                0x0000000008001384       0x28 Core/Src/jWrite.o
                0x0000000008001384                jwObj_int
 .text.jwObj_array
                0x00000000080013ac       0x28 Core/Src/jWrite.o
                0x00000000080013ac                jwObj_array
 .text.jwArr_object
                0x00000000080013d4       0x1e Core/Src/jWrite.o
                0x00000000080013d4                jwArr_object
 *fill*         0x00000000080013f2        0x2 
 .text.jwPretty
                0x00000000080013f4       0x48 Core/Src/jWrite.o
                0x00000000080013f4                jwPretty
 .text.jwPush   0x000000000800143c       0x60 Core/Src/jWrite.o
                0x000000000800143c                jwPush
 .text.jwPop    0x000000000800149c       0x48 Core/Src/jWrite.o
                0x000000000800149c                jwPop
 .text.jwPutch  0x00000000080014e4       0x44 Core/Src/jWrite.o
                0x00000000080014e4                jwPutch
 .text.jwPutstr
                0x0000000008001528       0x34 Core/Src/jWrite.o
                0x0000000008001528                jwPutstr
 .text.jwPutraw
                0x000000000800155c       0x28 Core/Src/jWrite.o
                0x000000000800155c                jwPutraw
 .text._jwObj   0x0000000008001584       0x8c Core/Src/jWrite.o
                0x0000000008001584                _jwObj
 .text._jwArr   0x0000000008001610       0x68 Core/Src/jWrite.o
                0x0000000008001610                _jwArr
 .text.strreverse
                0x0000000008001678       0x3a Core/Src/jWrite.o
 *fill*         0x00000000080016b2        0x2 
 .text.modp_itoa10
                0x00000000080016b4       0x7c Core/Src/jWrite.o
                0x00000000080016b4                modp_itoa10
 .text.main     0x0000000008001730      0x15c Core/Src/main.o
                0x0000000008001730                main
 .text.SystemClock_Config
                0x000000000800188c       0x8e Core/Src/main.o
                0x000000000800188c                SystemClock_Config
 *fill*         0x000000000800191a        0x2 
 .text.MX_IWDG_Init
                0x000000000800191c       0x34 Core/Src/main.o
 .text.MX_SPI1_Init
                0x0000000008001950       0x6c Core/Src/main.o
 .text.MX_TIM1_Init
                0x00000000080019bc       0xa4 Core/Src/main.o
 .text.MX_USART1_UART_Init
                0x0000000008001a60       0x54 Core/Src/main.o
 .text.MX_USART2_UART_Init
                0x0000000008001ab4       0x54 Core/Src/main.o
 .text.MX_GPIO_Init
                0x0000000008001b08       0xdc Core/Src/main.o
 .text.HAL_TIM_PeriodElapsedCallback
                0x0000000008001be4       0x5c Core/Src/main.o
                0x0000000008001be4                HAL_TIM_PeriodElapsedCallback
 .text.HAL_UART_RxCpltCallback
                0x0000000008001c40       0x24 Core/Src/main.o
                0x0000000008001c40                HAL_UART_RxCpltCallback
 .text.HAL_UART_ErrorCallback
                0x0000000008001c64       0xd0 Core/Src/main.o
                0x0000000008001c64                HAL_UART_ErrorCallback
 .text.Error_Handler
                0x0000000008001d34       0x30 Core/Src/main.o
                0x0000000008001d34                Error_Handler
 .text.packet_receive
                0x0000000008001d64       0x28 Core/Src/net.o
                0x0000000008001d64                packet_receive
 .text.net_poll
                0x0000000008001d8c        0xc Core/Src/net.o
                0x0000000008001d8c                net_poll
 .text.net_ini  0x0000000008001d98        0xc Core/Src/net.o
                0x0000000008001d98                net_ini
 .text.ParserBeacons
                0x0000000008001da4      0x1cc Core/Src/parser_JSON.o
                0x0000000008001da4                ParserBeacons
 .text.HAL_MspInit
                0x0000000008001f70       0x64 Core/Src/stm32f1xx_hal_msp.o
                0x0000000008001f70                HAL_MspInit
 .text.HAL_SPI_MspInit
                0x0000000008001fd4       0x94 Core/Src/stm32f1xx_hal_msp.o
                0x0000000008001fd4                HAL_SPI_MspInit
 .text.HAL_TIM_Base_MspInit
                0x0000000008002068       0x4c Core/Src/stm32f1xx_hal_msp.o
                0x0000000008002068                HAL_TIM_Base_MspInit
 .text.HAL_UART_MspInit
                0x00000000080020b4      0x118 Core/Src/stm32f1xx_hal_msp.o
                0x00000000080020b4                HAL_UART_MspInit
 .text.NMI_Handler
                0x00000000080021cc        0xc Core/Src/stm32f1xx_it.o
                0x00000000080021cc                NMI_Handler
 .text.HardFault_Handler
                0x00000000080021d8        0x6 Core/Src/stm32f1xx_it.o
                0x00000000080021d8                HardFault_Handler
 .text.MemManage_Handler
                0x00000000080021de        0x6 Core/Src/stm32f1xx_it.o
                0x00000000080021de                MemManage_Handler
 .text.BusFault_Handler
                0x00000000080021e4        0x6 Core/Src/stm32f1xx_it.o
                0x00000000080021e4                BusFault_Handler
 .text.UsageFault_Handler
                0x00000000080021ea        0x6 Core/Src/stm32f1xx_it.o
                0x00000000080021ea                UsageFault_Handler
 .text.SVC_Handler
                0x00000000080021f0        0xc Core/Src/stm32f1xx_it.o
                0x00000000080021f0                SVC_Handler
 .text.DebugMon_Handler
                0x00000000080021fc        0xc Core/Src/stm32f1xx_it.o
                0x00000000080021fc                DebugMon_Handler
 .text.PendSV_Handler
                0x0000000008002208        0xc Core/Src/stm32f1xx_it.o
                0x0000000008002208                PendSV_Handler
 .text.SysTick_Handler
                0x0000000008002214        0xc Core/Src/stm32f1xx_it.o
                0x0000000008002214                SysTick_Handler
 .text.TIM1_UP_IRQHandler
                0x0000000008002220       0x14 Core/Src/stm32f1xx_it.o
                0x0000000008002220                TIM1_UP_IRQHandler
 .text.USART1_IRQHandler
                0x0000000008002234       0x14 Core/Src/stm32f1xx_it.o
                0x0000000008002234                USART1_IRQHandler
 .text._sbrk    0x0000000008002248       0x58 Core/Src/sysmem.o
                0x0000000008002248                _sbrk
 .text.SystemInit
                0x00000000080022a0       0x68 Core/Src/system_stm32f1xx.o
                0x00000000080022a0                SystemInit
 .text.w5500_writeReg
                0x0000000008002308       0x68 Core/Src/w5500.o
                0x0000000008002308                w5500_writeReg
 .text.w5500_writeBuf
                0x0000000008002370       0x44 Core/Src/w5500.o
                0x0000000008002370                w5500_writeBuf
 .text.w5500_writeSockBuf
                0x00000000080023b4       0x5a Core/Src/w5500.o
                0x00000000080023b4                w5500_writeSockBuf
 *fill*         0x000000000800240e        0x2 
 .text.w5500_readReg
                0x0000000008002410       0x6c Core/Src/w5500.o
                0x0000000008002410                w5500_readReg
 .text.w5500_readBuf
                0x000000000800247c       0x50 Core/Src/w5500.o
                0x000000000800247c                w5500_readBuf
 .text.w5500_readSockBufByte
                0x00000000080024cc       0x38 Core/Src/w5500.o
                0x00000000080024cc                w5500_readSockBufByte
 .text.w5500_readSockBuf
                0x0000000008002504       0x56 Core/Src/w5500.o
                0x0000000008002504                w5500_readSockBuf
 .text.SetSockPort
                0x000000000800255a       0x46 Core/Src/w5500.o
                0x000000000800255a                SetSockPort
 .text.OpenSocket
                0x00000000080025a0       0x44 Core/Src/w5500.o
                0x00000000080025a0                OpenSocket
 .text.SocketInitWait
                0x00000000080025e4       0x38 Core/Src/w5500.o
                0x00000000080025e4                SocketInitWait
 .text.ListenSocket
                0x000000000800261c       0x30 Core/Src/w5500.o
                0x000000000800261c                ListenSocket
 .text.SocketListenWait
                0x000000000800264c       0x38 Core/Src/w5500.o
                0x000000000800264c                SocketListenWait
 .text.SocketClosedWait
                0x0000000008002684       0x38 Core/Src/w5500.o
                0x0000000008002684                SocketClosedWait
 .text.DisconnectSocket
                0x00000000080026bc       0x30 Core/Src/w5500.o
                0x00000000080026bc                DisconnectSocket
 .text.GetSocketStatus
                0x00000000080026ec       0x34 Core/Src/w5500.o
                0x00000000080026ec                GetSocketStatus
 .text.RecvSocket
                0x0000000008002720       0x2c Core/Src/w5500.o
                0x0000000008002720                RecvSocket
 .text.SendSocket
                0x000000000800274c       0x2c Core/Src/w5500.o
                0x000000000800274c                SendSocket
 .text.GetSizeRX
                0x0000000008002778       0x4a Core/Src/w5500.o
                0x0000000008002778                GetSizeRX
 .text.GetReadPointer
                0x00000000080027c2       0x46 Core/Src/w5500.o
                0x00000000080027c2                GetReadPointer
 .text.GetWritePointer
                0x0000000008002808       0x46 Core/Src/w5500.o
                0x0000000008002808                GetWritePointer
 .text.SetWritePointer
                0x000000000800284e       0x46 Core/Src/w5500.o
                0x000000000800284e                SetWritePointer
 .text.w5500_ini
                0x0000000008002894      0x1bc Core/Src/w5500.o
                0x0000000008002894                w5500_ini
 .text.w5500_packetReceive
                0x0000000008002a50      0x164 Core/Src/w5500.o
                0x0000000008002a50                w5500_packetReceive
 .text.Reset_Handler
                0x0000000008002bb4       0x48 Core/Startup/startup_stm32f103c8tx.o
                0x0000000008002bb4                Reset_Handler
 .text.Default_Handler
                0x0000000008002bfc        0x2 Core/Startup/startup_stm32f103c8tx.o
                0x0000000008002bfc                RTC_Alarm_IRQHandler
                0x0000000008002bfc                EXTI2_IRQHandler
                0x0000000008002bfc                TIM1_CC_IRQHandler
                0x0000000008002bfc                PVD_IRQHandler
                0x0000000008002bfc                EXTI3_IRQHandler
                0x0000000008002bfc                EXTI0_IRQHandler
                0x0000000008002bfc                I2C2_EV_IRQHandler
                0x0000000008002bfc                ADC1_2_IRQHandler
                0x0000000008002bfc                SPI1_IRQHandler
                0x0000000008002bfc                TAMPER_IRQHandler
                0x0000000008002bfc                DMA1_Channel4_IRQHandler
                0x0000000008002bfc                USART3_IRQHandler
                0x0000000008002bfc                RTC_IRQHandler
                0x0000000008002bfc                DMA1_Channel7_IRQHandler
                0x0000000008002bfc                CAN1_RX1_IRQHandler
                0x0000000008002bfc                TIM4_IRQHandler
                0x0000000008002bfc                I2C1_EV_IRQHandler
                0x0000000008002bfc                DMA1_Channel6_IRQHandler
                0x0000000008002bfc                TIM3_IRQHandler
                0x0000000008002bfc                RCC_IRQHandler
                0x0000000008002bfc                TIM1_TRG_COM_IRQHandler
                0x0000000008002bfc                DMA1_Channel1_IRQHandler
                0x0000000008002bfc                Default_Handler
                0x0000000008002bfc                EXTI15_10_IRQHandler
                0x0000000008002bfc                EXTI9_5_IRQHandler
                0x0000000008002bfc                SPI2_IRQHandler
                0x0000000008002bfc                DMA1_Channel5_IRQHandler
                0x0000000008002bfc                EXTI4_IRQHandler
                0x0000000008002bfc                USB_LP_CAN1_RX0_IRQHandler
                0x0000000008002bfc                USB_HP_CAN1_TX_IRQHandler
                0x0000000008002bfc                DMA1_Channel3_IRQHandler
                0x0000000008002bfc                WWDG_IRQHandler
                0x0000000008002bfc                TIM2_IRQHandler
                0x0000000008002bfc                TIM1_BRK_IRQHandler
                0x0000000008002bfc                EXTI1_IRQHandler
                0x0000000008002bfc                USART2_IRQHandler
                0x0000000008002bfc                I2C2_ER_IRQHandler
                0x0000000008002bfc                DMA1_Channel2_IRQHandler
                0x0000000008002bfc                CAN1_SCE_IRQHandler
                0x0000000008002bfc                FLASH_IRQHandler
                0x0000000008002bfc                I2C1_ER_IRQHandler
                0x0000000008002bfc                USBWakeUp_IRQHandler
 *fill*         0x0000000008002bfe        0x2 
 .text.HAL_Init
                0x0000000008002c00       0x2c Drivers/STM32F1xx_HAL_Driver/Src/stm32f1xx_hal.o
                0x0000000008002c00                HAL_Init
 .text.HAL_InitTick
                0x0000000008002c2c       0x60 Drivers/STM32F1xx_HAL_Driver/Src/stm32f1xx_hal.o
                0x0000000008002c2c                HAL_InitTick
 .text.HAL_IncTick
                0x0000000008002c8c       0x24 Drivers/STM32F1xx_HAL_Driver/Src/stm32f1xx_hal.o
                0x0000000008002c8c                HAL_IncTick
 .text.HAL_GetTick
                0x0000000008002cb0       0x14 Drivers/STM32F1xx_HAL_Driver/Src/stm32f1xx_hal.o
                0x0000000008002cb0                HAL_GetTick
 .text.HAL_Delay
                0x0000000008002cc4       0x44 Drivers/STM32F1xx_HAL_Driver/Src/stm32f1xx_hal.o
                0x0000000008002cc4                HAL_Delay
 .text.__NVIC_SetPriorityGrouping
                0x0000000008002d08       0x48 Drivers/STM32F1xx_HAL_Driver/Src/stm32f1xx_hal_cortex.o
 .text.__NVIC_GetPriorityGrouping
                0x0000000008002d50       0x1c Drivers/STM32F1xx_HAL_Driver/Src/stm32f1xx_hal_cortex.o
 .text.__NVIC_EnableIRQ
                0x0000000008002d6c       0x38 Drivers/STM32F1xx_HAL_Driver/Src/stm32f1xx_hal_cortex.o
 .text.__NVIC_SetPriority
                0x0000000008002da4       0x54 Drivers/STM32F1xx_HAL_Driver/Src/stm32f1xx_hal_cortex.o
 .text.NVIC_EncodePriority
                0x0000000008002df8       0x64 Drivers/STM32F1xx_HAL_Driver/Src/stm32f1xx_hal_cortex.o
 .text.SysTick_Config
                0x0000000008002e5c       0x44 Drivers/STM32F1xx_HAL_Driver/Src/stm32f1xx_hal_cortex.o
 .text.HAL_NVIC_SetPriorityGrouping
                0x0000000008002ea0       0x16 Drivers/STM32F1xx_HAL_Driver/Src/stm32f1xx_hal_cortex.o
                0x0000000008002ea0                HAL_NVIC_SetPriorityGrouping
 .text.HAL_NVIC_SetPriority
                0x0000000008002eb6       0x38 Drivers/STM32F1xx_HAL_Driver/Src/stm32f1xx_hal_cortex.o
                0x0000000008002eb6                HAL_NVIC_SetPriority
 .text.HAL_NVIC_EnableIRQ
                0x0000000008002eee       0x1c Drivers/STM32F1xx_HAL_Driver/Src/stm32f1xx_hal_cortex.o
                0x0000000008002eee                HAL_NVIC_EnableIRQ
 .text.HAL_SYSTICK_Config
                0x0000000008002f0a       0x18 Drivers/STM32F1xx_HAL_Driver/Src/stm32f1xx_hal_cortex.o
                0x0000000008002f0a                HAL_SYSTICK_Config
 *fill*         0x0000000008002f22        0x2 
 .text.HAL_DMA_Abort_IT
                0x0000000008002f24       0xec Drivers/STM32F1xx_HAL_Driver/Src/stm32f1xx_hal_dma.o
                0x0000000008002f24                HAL_DMA_Abort_IT
 .text.HAL_GPIO_Init
                0x0000000008003010      0x2b4 Drivers/STM32F1xx_HAL_Driver/Src/stm32f1xx_hal_gpio.o
                0x0000000008003010                HAL_GPIO_Init
 .text.HAL_GPIO_WritePin
                0x00000000080032c4       0x30 Drivers/STM32F1xx_HAL_Driver/Src/stm32f1xx_hal_gpio.o
                0x00000000080032c4                HAL_GPIO_WritePin
 .text.HAL_IWDG_Init
                0x00000000080032f4       0x72 Drivers/STM32F1xx_HAL_Driver/Src/stm32f1xx_hal_iwdg.o
                0x00000000080032f4                HAL_IWDG_Init
 .text.HAL_IWDG_Refresh
                0x0000000008003366       0x1e Drivers/STM32F1xx_HAL_Driver/Src/stm32f1xx_hal_iwdg.o
                0x0000000008003366                HAL_IWDG_Refresh
 .text.HAL_RCC_OscConfig
                0x0000000008003384      0x500 Drivers/STM32F1xx_HAL_Driver/Src/stm32f1xx_hal_rcc.o
                0x0000000008003384                HAL_RCC_OscConfig
 .text.HAL_RCC_ClockConfig
                0x0000000008003884      0x1d4 Drivers/STM32F1xx_HAL_Driver/Src/stm32f1xx_hal_rcc.o
                0x0000000008003884                HAL_RCC_ClockConfig
 .text.HAL_RCC_GetSysClockFreq
                0x0000000008003a58       0xc4 Drivers/STM32F1xx_HAL_Driver/Src/stm32f1xx_hal_rcc.o
                0x0000000008003a58                HAL_RCC_GetSysClockFreq
 .text.HAL_RCC_GetHCLKFreq
                0x0000000008003b1c       0x14 Drivers/STM32F1xx_HAL_Driver/Src/stm32f1xx_hal_rcc.o
                0x0000000008003b1c                HAL_RCC_GetHCLKFreq
 .text.HAL_RCC_GetPCLK1Freq
                0x0000000008003b30       0x28 Drivers/STM32F1xx_HAL_Driver/Src/stm32f1xx_hal_rcc.o
                0x0000000008003b30                HAL_RCC_GetPCLK1Freq
 .text.HAL_RCC_GetPCLK2Freq
                0x0000000008003b58       0x28 Drivers/STM32F1xx_HAL_Driver/Src/stm32f1xx_hal_rcc.o
                0x0000000008003b58                HAL_RCC_GetPCLK2Freq
 .text.RCC_Delay
                0x0000000008003b80       0x3c Drivers/STM32F1xx_HAL_Driver/Src/stm32f1xx_hal_rcc.o
 .text.HAL_SPI_Init
                0x0000000008003bbc       0xc2 Drivers/STM32F1xx_HAL_Driver/Src/stm32f1xx_hal_spi.o
                0x0000000008003bbc                HAL_SPI_Init
 .text.HAL_SPI_Transmit
                0x0000000008003c7e      0x268 Drivers/STM32F1xx_HAL_Driver/Src/stm32f1xx_hal_spi.o
                0x0000000008003c7e                HAL_SPI_Transmit
 .text.HAL_SPI_Receive
                0x0000000008003ee6      0x212 Drivers/STM32F1xx_HAL_Driver/Src/stm32f1xx_hal_spi.o
                0x0000000008003ee6                HAL_SPI_Receive
 .text.HAL_SPI_TransmitReceive
                0x00000000080040f8      0x344 Drivers/STM32F1xx_HAL_Driver/Src/stm32f1xx_hal_spi.o
                0x00000000080040f8                HAL_SPI_TransmitReceive
 .text.SPI_WaitFlagStateUntilTimeout
                0x000000000800443c       0xd4 Drivers/STM32F1xx_HAL_Driver/Src/stm32f1xx_hal_spi.o
 .text.SPI_EndRxTransaction
                0x0000000008004510       0xa4 Drivers/STM32F1xx_HAL_Driver/Src/stm32f1xx_hal_spi.o
 .text.SPI_EndRxTxTransaction
                0x00000000080045b4       0x3c Drivers/STM32F1xx_HAL_Driver/Src/stm32f1xx_hal_spi.o
 .text.HAL_TIM_Base_Init
                0x00000000080045f0       0x56 Drivers/STM32F1xx_HAL_Driver/Src/stm32f1xx_hal_tim.o
                0x00000000080045f0                HAL_TIM_Base_Init
 .text.HAL_TIM_Base_Start_IT
                0x0000000008004646       0x46 Drivers/STM32F1xx_HAL_Driver/Src/stm32f1xx_hal_tim.o
                0x0000000008004646                HAL_TIM_Base_Start_IT
 .text.HAL_TIM_IRQHandler
                0x000000000800468c      0x210 Drivers/STM32F1xx_HAL_Driver/Src/stm32f1xx_hal_tim.o
                0x000000000800468c                HAL_TIM_IRQHandler
 .text.HAL_TIM_ConfigClockSource
                0x000000000800489c      0x16e Drivers/STM32F1xx_HAL_Driver/Src/stm32f1xx_hal_tim.o
                0x000000000800489c                HAL_TIM_ConfigClockSource
 .text.HAL_TIM_OC_DelayElapsedCallback
                0x0000000008004a0a       0x12 Drivers/STM32F1xx_HAL_Driver/Src/stm32f1xx_hal_tim.o
                0x0000000008004a0a                HAL_TIM_OC_DelayElapsedCallback
 .text.HAL_TIM_IC_CaptureCallback
                0x0000000008004a1c       0x12 Drivers/STM32F1xx_HAL_Driver/Src/stm32f1xx_hal_tim.o
                0x0000000008004a1c                HAL_TIM_IC_CaptureCallback
 .text.HAL_TIM_PWM_PulseFinishedCallback
                0x0000000008004a2e       0x12 Drivers/STM32F1xx_HAL_Driver/Src/stm32f1xx_hal_tim.o
                0x0000000008004a2e                HAL_TIM_PWM_PulseFinishedCallback
 .text.HAL_TIM_TriggerCallback
                0x0000000008004a40       0x12 Drivers/STM32F1xx_HAL_Driver/Src/stm32f1xx_hal_tim.o
                0x0000000008004a40                HAL_TIM_TriggerCallback
 *fill*         0x0000000008004a52        0x2 
 .text.TIM_Base_SetConfig
                0x0000000008004a54       0xc4 Drivers/STM32F1xx_HAL_Driver/Src/stm32f1xx_hal_tim.o
                0x0000000008004a54                TIM_Base_SetConfig
 .text.TIM_TI1_ConfigInputStage
                0x0000000008004b18       0x5c Drivers/STM32F1xx_HAL_Driver/Src/stm32f1xx_hal_tim.o
 .text.TIM_TI2_ConfigInputStage
                0x0000000008004b74       0x5e Drivers/STM32F1xx_HAL_Driver/Src/stm32f1xx_hal_tim.o
 .text.TIM_ITRx_SetConfig
                0x0000000008004bd2       0x34 Drivers/STM32F1xx_HAL_Driver/Src/stm32f1xx_hal_tim.o
 .text.TIM_ETR_SetConfig
                0x0000000008004c06       0x3e Drivers/STM32F1xx_HAL_Driver/Src/stm32f1xx_hal_tim.o
                0x0000000008004c06                TIM_ETR_SetConfig
 .text.HAL_TIMEx_MasterConfigSynchronization
                0x0000000008004c44       0x88 Drivers/STM32F1xx_HAL_Driver/Src/stm32f1xx_hal_tim_ex.o
                0x0000000008004c44                HAL_TIMEx_MasterConfigSynchronization
 .text.HAL_TIMEx_CommutCallback
                0x0000000008004ccc       0x12 Drivers/STM32F1xx_HAL_Driver/Src/stm32f1xx_hal_tim_ex.o
                0x0000000008004ccc                HAL_TIMEx_CommutCallback
 .text.HAL_TIMEx_BreakCallback
                0x0000000008004cde       0x12 Drivers/STM32F1xx_HAL_Driver/Src/stm32f1xx_hal_tim_ex.o
                0x0000000008004cde                HAL_TIMEx_BreakCallback
 .text.HAL_UART_Init
                0x0000000008004cf0       0x9a Drivers/STM32F1xx_HAL_Driver/Src/stm32f1xx_hal_uart.o
                0x0000000008004cf0                HAL_UART_Init
 .text.HAL_UART_Transmit
                0x0000000008004d8a      0x132 Drivers/STM32F1xx_HAL_Driver/Src/stm32f1xx_hal_uart.o
                0x0000000008004d8a                HAL_UART_Transmit
 .text.HAL_UART_Receive_IT
                0x0000000008004ebc       0xa8 Drivers/STM32F1xx_HAL_Driver/Src/stm32f1xx_hal_uart.o
                0x0000000008004ebc                HAL_UART_Receive_IT
 .text.HAL_UART_Abort_IT
                0x0000000008004f64      0x148 Drivers/STM32F1xx_HAL_Driver/Src/stm32f1xx_hal_uart.o
                0x0000000008004f64                HAL_UART_Abort_IT
 .text.HAL_UART_IRQHandler
                0x00000000080050ac      0x1f8 Drivers/STM32F1xx_HAL_Driver/Src/stm32f1xx_hal_uart.o
                0x00000000080050ac                HAL_UART_IRQHandler
 .text.HAL_UART_TxCpltCallback
                0x00000000080052a4       0x12 Drivers/STM32F1xx_HAL_Driver/Src/stm32f1xx_hal_uart.o
                0x00000000080052a4                HAL_UART_TxCpltCallback
 .text.HAL_UART_AbortCpltCallback
                0x00000000080052b6       0x12 Drivers/STM32F1xx_HAL_Driver/Src/stm32f1xx_hal_uart.o
                0x00000000080052b6                HAL_UART_AbortCpltCallback
 .text.UART_WaitOnFlagUntilTimeout
                0x00000000080052c8       0x94 Drivers/STM32F1xx_HAL_Driver/Src/stm32f1xx_hal_uart.o
 .text.UART_EndRxTransfer
                0x000000000800535c       0x3a Drivers/STM32F1xx_HAL_Driver/Src/stm32f1xx_hal_uart.o
 .text.UART_DMAAbortOnError
                0x0000000008005396       0x28 Drivers/STM32F1xx_HAL_Driver/Src/stm32f1xx_hal_uart.o
 .text.UART_DMATxAbortCallback
                0x00000000080053be       0x5a Drivers/STM32F1xx_HAL_Driver/Src/stm32f1xx_hal_uart.o
 .text.UART_DMARxAbortCallback
                0x0000000008005418       0x5a Drivers/STM32F1xx_HAL_Driver/Src/stm32f1xx_hal_uart.o
 .text.UART_Transmit_IT
                0x0000000008005472       0xaa Drivers/STM32F1xx_HAL_Driver/Src/stm32f1xx_hal_uart.o
 .text.UART_EndTransmit_IT
                0x000000000800551c       0x30 Drivers/STM32F1xx_HAL_Driver/Src/stm32f1xx_hal_uart.o
 .text.UART_Receive_IT
                0x000000000800554c      0x102 Drivers/STM32F1xx_HAL_Driver/Src/stm32f1xx_hal_uart.o
 *fill*         0x000000000800564e        0x2 
 .text.UART_SetConfig
                0x0000000008005650      0x1b4 Drivers/STM32F1xx_HAL_Driver/Src/stm32f1xx_hal_uart.o
 .text.__errno  0x0000000008005804        0xc c:/st/stm32cubeide_1.3.0/stm32cubeide/plugins/com.st.stm32cube.ide.mcu.externaltools.gnu-tools-for-stm32.7-2018-q2-update.win32_1.0.0.201904181610/tools/bin/../lib/gcc/arm-none-eabi/7.3.1/../../../../arm-none-eabi/lib/thumb/v7-m\libc_nano.a(lib_a-errno.o)
                0x0000000008005804                __errno
 .text.__libc_init_array
                0x0000000008005810       0x48 c:/st/stm32cubeide_1.3.0/stm32cubeide/plugins/com.st.stm32cube.ide.mcu.externaltools.gnu-tools-for-stm32.7-2018-q2-update.win32_1.0.0.201904181610/tools/bin/../lib/gcc/arm-none-eabi/7.3.1/../../../../arm-none-eabi/lib/thumb/v7-m\libc_nano.a(lib_a-init.o)
                0x0000000008005810                __libc_init_array
 .text.memcpy   0x0000000008005858       0x16 c:/st/stm32cubeide_1.3.0/stm32cubeide/plugins/com.st.stm32cube.ide.mcu.externaltools.gnu-tools-for-stm32.7-2018-q2-update.win32_1.0.0.201904181610/tools/bin/../lib/gcc/arm-none-eabi/7.3.1/../../../../arm-none-eabi/lib/thumb/v7-m\libc_nano.a(lib_a-memcpy-stub.o)
                0x0000000008005858                memcpy
 .text.memset   0x000000000800586e       0x10 c:/st/stm32cubeide_1.3.0/stm32cubeide/plugins/com.st.stm32cube.ide.mcu.externaltools.gnu-tools-for-stm32.7-2018-q2-update.win32_1.0.0.201904181610/tools/bin/../lib/gcc/arm-none-eabi/7.3.1/../../../../arm-none-eabi/lib/thumb/v7-m\libc_nano.a(lib_a-memset.o)
                0x000000000800586e                memset
 *fill*         0x000000000800587e        0x2 
 .text.sprintf  0x0000000008005880       0x40 c:/st/stm32cubeide_1.3.0/stm32cubeide/plugins/com.st.stm32cube.ide.mcu.externaltools.gnu-tools-for-stm32.7-2018-q2-update.win32_1.0.0.201904181610/tools/bin/../lib/gcc/arm-none-eabi/7.3.1/../../../../arm-none-eabi/lib/thumb/v7-m\libc_nano.a(lib_a-sprintf.o)
                0x0000000008005880                siprintf
                0x0000000008005880                sprintf
 .text.strchr   0x00000000080058c0       0x1a c:/st/stm32cubeide_1.3.0/stm32cubeide/plugins/com.st.stm32cube.ide.mcu.externaltools.gnu-tools-for-stm32.7-2018-q2-update.win32_1.0.0.201904181610/tools/bin/../lib/gcc/arm-none-eabi/7.3.1/../../../../arm-none-eabi/lib/thumb/v7-m\libc_nano.a(lib_a-strchr.o)
                0x00000000080058c0                strchr
 .text.strcpy   0x00000000080058da       0x10 c:/st/stm32cubeide_1.3.0/stm32cubeide/plugins/com.st.stm32cube.ide.mcu.externaltools.gnu-tools-for-stm32.7-2018-q2-update.win32_1.0.0.201904181610/tools/bin/../lib/gcc/arm-none-eabi/7.3.1/../../../../arm-none-eabi/lib/thumb/v7-m\libc_nano.a(lib_a-strcpy.o)
                0x00000000080058da                strcpy
 .text.strncmp  0x00000000080058ea       0x24 c:/st/stm32cubeide_1.3.0/stm32cubeide/plugins/com.st.stm32cube.ide.mcu.externaltools.gnu-tools-for-stm32.7-2018-q2-update.win32_1.0.0.201904181610/tools/bin/../lib/gcc/arm-none-eabi/7.3.1/../../../../arm-none-eabi/lib/thumb/v7-m\libc_nano.a(lib_a-strncmp.o)
                0x00000000080058ea                strncmp
 .text.__ssputs_r
                0x000000000800590e       0xb4 c:/st/stm32cubeide_1.3.0/stm32cubeide/plugins/com.st.stm32cube.ide.mcu.externaltools.gnu-tools-for-stm32.7-2018-q2-update.win32_1.0.0.201904181610/tools/bin/../lib/gcc/arm-none-eabi/7.3.1/../../../../arm-none-eabi/lib/thumb/v7-m\libc_nano.a(lib_a-nano-svfprintf.o)
                0x000000000800590e                __ssputs_r
 *fill*         0x00000000080059c2        0x2 
 .text._svfprintf_r
                0x00000000080059c4      0x1f0 c:/st/stm32cubeide_1.3.0/stm32cubeide/plugins/com.st.stm32cube.ide.mcu.externaltools.gnu-tools-for-stm32.7-2018-q2-update.win32_1.0.0.201904181610/tools/bin/../lib/gcc/arm-none-eabi/7.3.1/../../../../arm-none-eabi/lib/thumb/v7-m\libc_nano.a(lib_a-nano-svfprintf.o)
                0x00000000080059c4                _svfiprintf_r
                0x00000000080059c4                _svfprintf_r
 .text._printf_common
                0x0000000008005bb4       0xec c:/st/stm32cubeide_1.3.0/stm32cubeide/plugins/com.st.stm32cube.ide.mcu.externaltools.gnu-tools-for-stm32.7-2018-q2-update.win32_1.0.0.201904181610/tools/bin/../lib/gcc/arm-none-eabi/7.3.1/../../../../arm-none-eabi/lib/thumb/v7-m\libc_nano.a(lib_a-nano-vfprintf_i.o)
                0x0000000008005bb4                _printf_common
 .text._printf_i
                0x0000000008005ca0      0x224 c:/st/stm32cubeide_1.3.0/stm32cubeide/plugins/com.st.stm32cube.ide.mcu.externaltools.gnu-tools-for-stm32.7-2018-q2-update.win32_1.0.0.201904181610/tools/bin/../lib/gcc/arm-none-eabi/7.3.1/../../../../arm-none-eabi/lib/thumb/v7-m\libc_nano.a(lib_a-nano-vfprintf_i.o)
                0x0000000008005ca0                _printf_i
 .text.memchr   0x0000000008005ec4       0x1c c:/st/stm32cubeide_1.3.0/stm32cubeide/plugins/com.st.stm32cube.ide.mcu.externaltools.gnu-tools-for-stm32.7-2018-q2-update.win32_1.0.0.201904181610/tools/bin/../lib/gcc/arm-none-eabi/7.3.1/../../../../arm-none-eabi/lib/thumb/v7-m\libc_nano.a(lib_a-memchr-stub.o)
                0x0000000008005ec4                memchr
 .text.memmove  0x0000000008005ee0       0x32 c:/st/stm32cubeide_1.3.0/stm32cubeide/plugins/com.st.stm32cube.ide.mcu.externaltools.gnu-tools-for-stm32.7-2018-q2-update.win32_1.0.0.201904181610/tools/bin/../lib/gcc/arm-none-eabi/7.3.1/../../../../arm-none-eabi/lib/thumb/v7-m\libc_nano.a(lib_a-memmove.o)
                0x0000000008005ee0                memmove
 *fill*         0x0000000008005f12        0x2 
 .text._free_r  0x0000000008005f14       0x98 c:/st/stm32cubeide_1.3.0/stm32cubeide/plugins/com.st.stm32cube.ide.mcu.externaltools.gnu-tools-for-stm32.7-2018-q2-update.win32_1.0.0.201904181610/tools/bin/../lib/gcc/arm-none-eabi/7.3.1/../../../../arm-none-eabi/lib/thumb/v7-m\libc_nano.a(lib_a-nano-freer.o)
                0x0000000008005f14                _free_r
 .text._malloc_r
                0x0000000008005fac       0xb4 c:/st/stm32cubeide_1.3.0/stm32cubeide/plugins/com.st.stm32cube.ide.mcu.externaltools.gnu-tools-for-stm32.7-2018-q2-update.win32_1.0.0.201904181610/tools/bin/../lib/gcc/arm-none-eabi/7.3.1/../../../../arm-none-eabi/lib/thumb/v7-m\libc_nano.a(lib_a-nano-mallocr.o)
                0x0000000008005fac                _malloc_r
 .text._realloc_r
                0x0000000008006060       0x4c c:/st/stm32cubeide_1.3.0/stm32cubeide/plugins/com.st.stm32cube.ide.mcu.externaltools.gnu-tools-for-stm32.7-2018-q2-update.win32_1.0.0.201904181610/tools/bin/../lib/gcc/arm-none-eabi/7.3.1/../../../../arm-none-eabi/lib/thumb/v7-m\libc_nano.a(lib_a-nano-reallocr.o)
                0x0000000008006060                _realloc_r
 .text._sbrk_r  0x00000000080060ac       0x20 c:/st/stm32cubeide_1.3.0/stm32cubeide/plugins/com.st.stm32cube.ide.mcu.externaltools.gnu-tools-for-stm32.7-2018-q2-update.win32_1.0.0.201904181610/tools/bin/../lib/gcc/arm-none-eabi/7.3.1/../../../../arm-none-eabi/lib/thumb/v7-m\libc_nano.a(lib_a-sbrkr.o)
                0x00000000080060ac                _sbrk_r
 .text.__malloc_lock
                0x00000000080060cc        0x2 c:/st/stm32cubeide_1.3.0/stm32cubeide/plugins/com.st.stm32cube.ide.mcu.externaltools.gnu-tools-for-stm32.7-2018-q2-update.win32_1.0.0.201904181610/tools/bin/../lib/gcc/arm-none-eabi/7.3.1/../../../../arm-none-eabi/lib/thumb/v7-m\libc_nano.a(lib_a-mlock.o)
                0x00000000080060cc                __malloc_lock
 .text.__malloc_unlock
                0x00000000080060ce        0x2 c:/st/stm32cubeide_1.3.0/stm32cubeide/plugins/com.st.stm32cube.ide.mcu.externaltools.gnu-tools-for-stm32.7-2018-q2-update.win32_1.0.0.201904181610/tools/bin/../lib/gcc/arm-none-eabi/7.3.1/../../../../arm-none-eabi/lib/thumb/v7-m\libc_nano.a(lib_a-mlock.o)
                0x00000000080060ce                __malloc_unlock
 .text._malloc_usable_size_r
                0x00000000080060d0       0x10 c:/st/stm32cubeide_1.3.0/stm32cubeide/plugins/com.st.stm32cube.ide.mcu.externaltools.gnu-tools-for-stm32.7-2018-q2-update.win32_1.0.0.201904181610/tools/bin/../lib/gcc/arm-none-eabi/7.3.1/../../../../arm-none-eabi/lib/thumb/v7-m\libc_nano.a(lib_a-nano-msizer.o)
                0x00000000080060d0                _malloc_usable_size_r
 *(.glue_7)
 .glue_7        0x00000000080060e0        0x0 linker stubs
 *(.glue_7t)
 .glue_7t       0x00000000080060e0        0x0 linker stubs
 *(.eh_frame)
 .eh_frame      0x00000000080060e0        0x0 c:/st/stm32cubeide_1.3.0/stm32cubeide/plugins/com.st.stm32cube.ide.mcu.externaltools.gnu-tools-for-stm32.7-2018-q2-update.win32_1.0.0.201904181610/tools/bin/../lib/gcc/arm-none-eabi/7.3.1/thumb/v7-m/crtbegin.o
 *(.init)
 .init          0x00000000080060e0        0x4 c:/st/stm32cubeide_1.3.0/stm32cubeide/plugins/com.st.stm32cube.ide.mcu.externaltools.gnu-tools-for-stm32.7-2018-q2-update.win32_1.0.0.201904181610/tools/bin/../lib/gcc/arm-none-eabi/7.3.1/thumb/v7-m/crti.o
                0x00000000080060e0                _init
 .init          0x00000000080060e4        0x8 c:/st/stm32cubeide_1.3.0/stm32cubeide/plugins/com.st.stm32cube.ide.mcu.externaltools.gnu-tools-for-stm32.7-2018-q2-update.win32_1.0.0.201904181610/tools/bin/../lib/gcc/arm-none-eabi/7.3.1/thumb/v7-m/crtn.o
 *(.fini)
 .fini          0x00000000080060ec        0x4 c:/st/stm32cubeide_1.3.0/stm32cubeide/plugins/com.st.stm32cube.ide.mcu.externaltools.gnu-tools-for-stm32.7-2018-q2-update.win32_1.0.0.201904181610/tools/bin/../lib/gcc/arm-none-eabi/7.3.1/thumb/v7-m/crti.o
                0x00000000080060ec                _fini
 .fini          0x00000000080060f0        0x8 c:/st/stm32cubeide_1.3.0/stm32cubeide/plugins/com.st.stm32cube.ide.mcu.externaltools.gnu-tools-for-stm32.7-2018-q2-update.win32_1.0.0.201904181610/tools/bin/../lib/gcc/arm-none-eabi/7.3.1/thumb/v7-m/crtn.o
                0x00000000080060f8                . = ALIGN (0x4)
                0x00000000080060f8                _etext = .

.vfp11_veneer   0x00000000080060f8        0x0
 .vfp11_veneer  0x00000000080060f8        0x0 linker stubs

.v4_bx          0x00000000080060f8        0x0
 .v4_bx         0x00000000080060f8        0x0 linker stubs

.iplt           0x00000000080060f8        0x0
 .iplt          0x00000000080060f8        0x0 c:/st/stm32cubeide_1.3.0/stm32cubeide/plugins/com.st.stm32cube.ide.mcu.externaltools.gnu-tools-for-stm32.7-2018-q2-update.win32_1.0.0.201904181610/tools/bin/../lib/gcc/arm-none-eabi/7.3.1/thumb/v7-m/crtbegin.o

.rodata         0x00000000080060f8      0x30c
                0x00000000080060f8                . = ALIGN (0x4)
 *(.rodata)
 .rodata        0x00000000080060f8       0x93 Core/Src/BLE_UART.o
 *fill*         0x000000000800618b        0x1 
 .rodata        0x000000000800618c       0x14 Core/Src/httpd.o
 .rodata        0x00000000080061a0      0x12f Core/Src/jWrite.o
 *fill*         0x00000000080062cf        0x1 
 .rodata        0x00000000080062d0       0x1b Core/Src/main.o
 *fill*         0x00000000080062eb        0x1 
 .rodata        0x00000000080062ec       0x80 Core/Src/parser_JSON.o
 .rodata        0x000000000800636c        0x6 Core/Src/w5500.o
 *fill*         0x0000000008006372        0x2 
 .rodata        0x0000000008006374       0x12 Drivers/STM32F1xx_HAL_Driver/Src/stm32f1xx_hal_rcc.o
 *(.rodata*)
 *fill*         0x0000000008006386        0x2 
 .rodata.http_header
                0x0000000008006388       0x2d Core/Src/httpd.o
                0x0000000008006388                http_header
 *fill*         0x00000000080063b5        0x3 
 .rodata.AHBPrescTable
                0x00000000080063b8       0x10 Core/Src/system_stm32f1xx.o
                0x00000000080063b8                AHBPrescTable
 .rodata.APBPrescTable
                0x00000000080063c8        0x8 Core/Src/system_stm32f1xx.o
                0x00000000080063c8                APBPrescTable
 .rodata._svfprintf_r.str1.1
                0x00000000080063d0       0x11 c:/st/stm32cubeide_1.3.0/stm32cubeide/plugins/com.st.stm32cube.ide.mcu.externaltools.gnu-tools-for-stm32.7-2018-q2-update.win32_1.0.0.201904181610/tools/bin/../lib/gcc/arm-none-eabi/7.3.1/../../../../arm-none-eabi/lib/thumb/v7-m\libc_nano.a(lib_a-nano-svfprintf.o)
 .rodata._printf_i.str1.1
                0x00000000080063e1       0x22 c:/st/stm32cubeide_1.3.0/stm32cubeide/plugins/com.st.stm32cube.ide.mcu.externaltools.gnu-tools-for-stm32.7-2018-q2-update.win32_1.0.0.201904181610/tools/bin/../lib/gcc/arm-none-eabi/7.3.1/../../../../arm-none-eabi/lib/thumb/v7-m\libc_nano.a(lib_a-nano-vfprintf_i.o)
                0x0000000008006404                . = ALIGN (0x4)
 *fill*         0x0000000008006403        0x1 

.rel.dyn        0x0000000008006404        0x0
 .rel.iplt      0x0000000008006404        0x0 c:/st/stm32cubeide_1.3.0/stm32cubeide/plugins/com.st.stm32cube.ide.mcu.externaltools.gnu-tools-for-stm32.7-2018-q2-update.win32_1.0.0.201904181610/tools/bin/../lib/gcc/arm-none-eabi/7.3.1/thumb/v7-m/crtbegin.o

.ARM.extab      0x0000000008006404        0x0
                0x0000000008006404                . = ALIGN (0x4)
 *(.ARM.extab* .gnu.linkonce.armextab.*)
                0x0000000008006404                . = ALIGN (0x4)

.ARM            0x0000000008006404        0x0
                0x0000000008006404                . = ALIGN (0x4)
                0x0000000008006404                __exidx_start = .
 *(.ARM.exidx*)
                0x0000000008006404                __exidx_end = .
                0x0000000008006404                . = ALIGN (0x4)

.preinit_array  0x0000000008006404        0x0
                0x0000000008006404                . = ALIGN (0x4)
                0x0000000008006404                PROVIDE (__preinit_array_start = .)
 *(.preinit_array*)
                0x0000000008006404                PROVIDE (__preinit_array_end = .)
                0x0000000008006404                . = ALIGN (0x4)

.init_array     0x0000000008006404        0x4
                0x0000000008006404                . = ALIGN (0x4)
                0x0000000008006404                PROVIDE (__init_array_start = .)
 *(SORT_BY_NAME(.init_array.*))
 *(.init_array*)
 .init_array    0x0000000008006404        0x4 c:/st/stm32cubeide_1.3.0/stm32cubeide/plugins/com.st.stm32cube.ide.mcu.externaltools.gnu-tools-for-stm32.7-2018-q2-update.win32_1.0.0.201904181610/tools/bin/../lib/gcc/arm-none-eabi/7.3.1/thumb/v7-m/crtbegin.o
                0x0000000008006408                PROVIDE (__init_array_end = .)
                0x0000000008006408                . = ALIGN (0x4)

.fini_array     0x0000000008006408        0x4
                0x0000000008006408                . = ALIGN (0x4)
                [!provide]                        PROVIDE (__fini_array_start = .)
 *(SORT_BY_NAME(.fini_array.*))
 *(.fini_array*)
 .fini_array    0x0000000008006408        0x4 c:/st/stm32cubeide_1.3.0/stm32cubeide/plugins/com.st.stm32cube.ide.mcu.externaltools.gnu-tools-for-stm32.7-2018-q2-update.win32_1.0.0.201904181610/tools/bin/../lib/gcc/arm-none-eabi/7.3.1/thumb/v7-m/crtbegin.o
                [!provide]                        PROVIDE (__fini_array_end = .)
                0x000000000800640c                . = ALIGN (0x4)
                0x000000000800640c                _sidata = LOADADDR (.data)

.data           0x0000000020000000       0x90 load address 0x000000000800640c
                0x0000000020000000                . = ALIGN (0x4)
                0x0000000020000000                _sdata = .
 *(.data)
 *(.data*)
 .data.tcp_size_wnd
                0x0000000020000000        0x2 Core/Src/httpd.o
                0x0000000020000000                tcp_size_wnd
 *fill*         0x0000000020000002        0x2 
 .data.ipaddr   0x0000000020000004        0x4 Core/Src/net.o
                0x0000000020000004                ipaddr
 .data.ipgate   0x0000000020000008        0x4 Core/Src/net.o
                0x0000000020000008                ipgate
 .data.ipmask   0x000000002000000c        0x4 Core/Src/net.o
                0x000000002000000c                ipmask
 .data.local_port
                0x0000000020000010        0x2 Core/Src/net.o
                0x0000000020000010                local_port
 *fill*         0x0000000020000012        0x2 
 .data.__UniqueID
                0x0000000020000014        0x4 Core/Src/parser_JSON.o
                0x0000000020000014                __UniqueID
 .data.SystemCoreClock
                0x0000000020000018        0x4 Core/Src/system_stm32f1xx.o
                0x0000000020000018                SystemCoreClock
 .data.macaddr  0x000000002000001c        0x6 Core/Src/w5500.o
                0x000000002000001c                macaddr
 *fill*         0x0000000020000022        0x2 
 .data.uwTickPrio
                0x0000000020000024        0x4 Drivers/STM32F1xx_HAL_Driver/Src/stm32f1xx_hal.o
                0x0000000020000024                uwTickPrio
 .data.uwTickFreq
                0x0000000020000028        0x1 Drivers/STM32F1xx_HAL_Driver/Src/stm32f1xx_hal.o
                0x0000000020000028                uwTickFreq
 *fill*         0x0000000020000029        0x3 
 .data._impure_ptr
                0x000000002000002c        0x4 c:/st/stm32cubeide_1.3.0/stm32cubeide/plugins/com.st.stm32cube.ide.mcu.externaltools.gnu-tools-for-stm32.7-2018-q2-update.win32_1.0.0.201904181610/tools/bin/../lib/gcc/arm-none-eabi/7.3.1/../../../../arm-none-eabi/lib/thumb/v7-m\libc_nano.a(lib_a-impure.o)
                0x000000002000002c                _impure_ptr
 .data.impure_data
                0x0000000020000030       0x60 c:/st/stm32cubeide_1.3.0/stm32cubeide/plugins/com.st.stm32cube.ide.mcu.externaltools.gnu-tools-for-stm32.7-2018-q2-update.win32_1.0.0.201904181610/tools/bin/../lib/gcc/arm-none-eabi/7.3.1/../../../../arm-none-eabi/lib/thumb/v7-m\libc_nano.a(lib_a-impure.o)
                0x0000000020000090                . = ALIGN (0x4)
                0x0000000020000090                _edata = .

.igot.plt       0x0000000020000090        0x0 load address 0x000000000800649c
 .igot.plt      0x0000000020000090        0x0 c:/st/stm32cubeide_1.3.0/stm32cubeide/plugins/com.st.stm32cube.ide.mcu.externaltools.gnu-tools-for-stm32.7-2018-q2-update.win32_1.0.0.201904181610/tools/bin/../lib/gcc/arm-none-eabi/7.3.1/thumb/v7-m/crtbegin.o
                0x0000000020000090                . = ALIGN (0x4)

.bss            0x0000000020000090     0x2df0 load address 0x000000000800649c
                0x0000000020000090                _sbss = .
                0x0000000020000090                __bss_start__ = _sbss
 *(.bss)
 .bss           0x0000000020000090       0x1c c:/st/stm32cubeide_1.3.0/stm32cubeide/plugins/com.st.stm32cube.ide.mcu.externaltools.gnu-tools-for-stm32.7-2018-q2-update.win32_1.0.0.201904181610/tools/bin/../lib/gcc/arm-none-eabi/7.3.1/thumb/v7-m/crtbegin.o
 *(.bss*)
 .bss.str1      0x00000000200000ac      0x424 Core/Src/net.o
                0x00000000200000ac                str1
 .bss.heap_end.5149
                0x00000000200004d0        0x4 Core/Src/sysmem.o
 .bss.__malloc_free_list
                0x00000000200004d4        0x4 c:/st/stm32cubeide_1.3.0/stm32cubeide/plugins/com.st.stm32cube.ide.mcu.externaltools.gnu-tools-for-stm32.7-2018-q2-update.win32_1.0.0.201904181610/tools/bin/../lib/gcc/arm-none-eabi/7.3.1/../../../../arm-none-eabi/lib/thumb/v7-m\libc_nano.a(lib_a-nano-mallocr.o)
                0x00000000200004d4                __malloc_free_list
 .bss.__malloc_sbrk_start
                0x00000000200004d8        0x4 c:/st/stm32cubeide_1.3.0/stm32cubeide/plugins/com.st.stm32cube.ide.mcu.externaltools.gnu-tools-for-stm32.7-2018-q2-update.win32_1.0.0.201904181610/tools/bin/../lib/gcc/arm-none-eabi/7.3.1/../../../../arm-none-eabi/lib/thumb/v7-m\libc_nano.a(lib_a-nano-mallocr.o)
                0x00000000200004d8                __malloc_sbrk_start
 *(COMMON)
 COMMON         0x00000000200004dc      0x91c Core/Src/BLE_UART.o
                0x00000000200004dc                Data_RCV_buf_uart
                0x0000000020000540                RCV_Status
                0x0000000020000541                NadoPodnyat
                0x0000000020000544                Beacons
                0x0000000020000d88                Data_RCV
                0x0000000020000dec                BLE_UART
                0x0000000020000df0                reboot_min
                0x0000000020000df4                kk
 COMMON         0x0000000020000df8      0x16c Core/Src/httpd.o
                0x0000000020000df8                bytesread
                0x0000000020000dfc                header_send
                0x0000000020000e00                httpsockprop
                0x0000000020000f60                data_send
 COMMON         0x0000000020000f64      0x13c Core/Src/jWrite.o
                0x0000000020000f64                g_jWriteControl
 COMMON         0x00000000200010a0      0x124 Core/Src/main.o
                0x00000000200010a0                hiwdg
                0x00000000200010ac                huart1
                0x00000000200010ec                htim1
                0x000000002000112c                hspi1
                0x0000000020001184                huart2
 COMMON         0x00000000200011c4     0x1a90 Core/Src/parser_JSON.o
                0x00000000200011c4                JSON_DATA_SEND
                0x0000000020002a60                str2
 COMMON         0x0000000020002c54      0x223 Core/Src/w5500.o
                0x0000000020002c54                tmpbuf
                0x0000000020002c74                sect
 *fill*         0x0000000020002e77        0x1 
 COMMON         0x0000000020002e78        0x4 Drivers/STM32F1xx_HAL_Driver/Src/stm32f1xx_hal.o
                0x0000000020002e78                uwTick
 COMMON         0x0000000020002e7c        0x4 c:/st/stm32cubeide_1.3.0/stm32cubeide/plugins/com.st.stm32cube.ide.mcu.externaltools.gnu-tools-for-stm32.7-2018-q2-update.win32_1.0.0.201904181610/tools/bin/../lib/gcc/arm-none-eabi/7.3.1/../../../../arm-none-eabi/lib/thumb/v7-m\libc_nano.a(lib_a-reent.o)
                0x0000000020002e7c                errno
                0x0000000020002e80                . = ALIGN (0x4)
                0x0000000020002e80                _ebss = .
                0x0000000020002e80                __bss_end__ = _ebss

._user_heap_stack
                0x0000000020002e80      0x600 load address 0x000000000800649c
                0x0000000020002e80                . = ALIGN (0x8)
                0x0000000020002e80                PROVIDE (end = .)
                [!provide]                        PROVIDE (_end = .)
                0x0000000020003080                . = (. + _Min_Heap_Size)
 *fill*         0x0000000020002e80      0x200 
                0x0000000020003480                . = (. + _Min_Stack_Size)
 *fill*         0x0000000020003080      0x400 
                0x0000000020003480                . = ALIGN (0x8)

/DISCARD/
 libc.a(*)
 libm.a(*)
 libgcc.a(*)

.ARM.attributes
                0x0000000000000000       0x29
 *(.ARM.attributes)
 .ARM.attributes
                0x0000000000000000       0x1d c:/st/stm32cubeide_1.3.0/stm32cubeide/plugins/com.st.stm32cube.ide.mcu.externaltools.gnu-tools-for-stm32.7-2018-q2-update.win32_1.0.0.201904181610/tools/bin/../lib/gcc/arm-none-eabi/7.3.1/thumb/v7-m/crti.o
 .ARM.attributes
                0x000000000000001d       0x2d c:/st/stm32cubeide_1.3.0/stm32cubeide/plugins/com.st.stm32cube.ide.mcu.externaltools.gnu-tools-for-stm32.7-2018-q2-update.win32_1.0.0.201904181610/tools/bin/../lib/gcc/arm-none-eabi/7.3.1/thumb/v7-m/crtbegin.o
 .ARM.attributes
                0x000000000000004a       0x33 Core/Src/BLE_UART.o
 .ARM.attributes
                0x000000000000007d       0x33 Core/Src/httpd.o
 .ARM.attributes
                0x00000000000000b0       0x33 Core/Src/jWrite.o
 .ARM.attributes
                0x00000000000000e3       0x33 Core/Src/main.o
 .ARM.attributes
                0x0000000000000116       0x33 Core/Src/net.o
 .ARM.attributes
                0x0000000000000149       0x33 Core/Src/parser_JSON.o
 .ARM.attributes
                0x000000000000017c       0x33 Core/Src/stm32f1xx_hal_msp.o
 .ARM.attributes
                0x00000000000001af       0x33 Core/Src/stm32f1xx_it.o
 .ARM.attributes
                0x00000000000001e2       0x33 Core/Src/sysmem.o
 .ARM.attributes
                0x0000000000000215       0x33 Core/Src/system_stm32f1xx.o
 .ARM.attributes
                0x0000000000000248       0x33 Core/Src/w5500.o
 .ARM.attributes
                0x000000000000027b       0x21 Core/Startup/startup_stm32f103c8tx.o
 .ARM.attributes
                0x000000000000029c       0x33 Drivers/STM32F1xx_HAL_Driver/Src/stm32f1xx_hal.o
 .ARM.attributes
                0x00000000000002cf       0x33 Drivers/STM32F1xx_HAL_Driver/Src/stm32f1xx_hal_cortex.o
 .ARM.attributes
                0x0000000000000302       0x33 Drivers/STM32F1xx_HAL_Driver/Src/stm32f1xx_hal_dma.o
 .ARM.attributes
                0x0000000000000335       0x33 Drivers/STM32F1xx_HAL_Driver/Src/stm32f1xx_hal_gpio.o
 .ARM.attributes
                0x0000000000000368       0x33 Drivers/STM32F1xx_HAL_Driver/Src/stm32f1xx_hal_iwdg.o
 .ARM.attributes
                0x000000000000039b       0x33 Drivers/STM32F1xx_HAL_Driver/Src/stm32f1xx_hal_rcc.o
 .ARM.attributes
                0x00000000000003ce       0x33 Drivers/STM32F1xx_HAL_Driver/Src/stm32f1xx_hal_spi.o
 .ARM.attributes
                0x0000000000000401       0x33 Drivers/STM32F1xx_HAL_Driver/Src/stm32f1xx_hal_tim.o
 .ARM.attributes
                0x0000000000000434       0x33 Drivers/STM32F1xx_HAL_Driver/Src/stm32f1xx_hal_tim_ex.o
 .ARM.attributes
                0x0000000000000467       0x33 Drivers/STM32F1xx_HAL_Driver/Src/stm32f1xx_hal_uart.o
 .ARM.attributes
                0x000000000000049a       0x2d c:/st/stm32cubeide_1.3.0/stm32cubeide/plugins/com.st.stm32cube.ide.mcu.externaltools.gnu-tools-for-stm32.7-2018-q2-update.win32_1.0.0.201904181610/tools/bin/../lib/gcc/arm-none-eabi/7.3.1/../../../../arm-none-eabi/lib/thumb/v7-m\libc_nano.a(lib_a-errno.o)
 .ARM.attributes
                0x00000000000004c7       0x2d c:/st/stm32cubeide_1.3.0/stm32cubeide/plugins/com.st.stm32cube.ide.mcu.externaltools.gnu-tools-for-stm32.7-2018-q2-update.win32_1.0.0.201904181610/tools/bin/../lib/gcc/arm-none-eabi/7.3.1/../../../../arm-none-eabi/lib/thumb/v7-m\libc_nano.a(lib_a-impure.o)
 .ARM.attributes
                0x00000000000004f4       0x2d c:/st/stm32cubeide_1.3.0/stm32cubeide/plugins/com.st.stm32cube.ide.mcu.externaltools.gnu-tools-for-stm32.7-2018-q2-update.win32_1.0.0.201904181610/tools/bin/../lib/gcc/arm-none-eabi/7.3.1/../../../../arm-none-eabi/lib/thumb/v7-m\libc_nano.a(lib_a-init.o)
 .ARM.attributes
                0x0000000000000521       0x2d c:/st/stm32cubeide_1.3.0/stm32cubeide/plugins/com.st.stm32cube.ide.mcu.externaltools.gnu-tools-for-stm32.7-2018-q2-update.win32_1.0.0.201904181610/tools/bin/../lib/gcc/arm-none-eabi/7.3.1/../../../../arm-none-eabi/lib/thumb/v7-m\libc_nano.a(lib_a-memcpy-stub.o)
 .ARM.attributes
                0x000000000000054e       0x2d c:/st/stm32cubeide_1.3.0/stm32cubeide/plugins/com.st.stm32cube.ide.mcu.externaltools.gnu-tools-for-stm32.7-2018-q2-update.win32_1.0.0.201904181610/tools/bin/../lib/gcc/arm-none-eabi/7.3.1/../../../../arm-none-eabi/lib/thumb/v7-m\libc_nano.a(lib_a-memset.o)
 .ARM.attributes
                0x000000000000057b       0x2d c:/st/stm32cubeide_1.3.0/stm32cubeide/plugins/com.st.stm32cube.ide.mcu.externaltools.gnu-tools-for-stm32.7-2018-q2-update.win32_1.0.0.201904181610/tools/bin/../lib/gcc/arm-none-eabi/7.3.1/../../../../arm-none-eabi/lib/thumb/v7-m\libc_nano.a(lib_a-sprintf.o)
 .ARM.attributes
                0x00000000000005a8       0x2d c:/st/stm32cubeide_1.3.0/stm32cubeide/plugins/com.st.stm32cube.ide.mcu.externaltools.gnu-tools-for-stm32.7-2018-q2-update.win32_1.0.0.201904181610/tools/bin/../lib/gcc/arm-none-eabi/7.3.1/../../../../arm-none-eabi/lib/thumb/v7-m\libc_nano.a(lib_a-strchr.o)
 .ARM.attributes
                0x00000000000005d5       0x2d c:/st/stm32cubeide_1.3.0/stm32cubeide/plugins/com.st.stm32cube.ide.mcu.externaltools.gnu-tools-for-stm32.7-2018-q2-update.win32_1.0.0.201904181610/tools/bin/../lib/gcc/arm-none-eabi/7.3.1/../../../../arm-none-eabi/lib/thumb/v7-m\libc_nano.a(lib_a-strcpy.o)
 .ARM.attributes
                0x0000000000000602       0x17 c:/st/stm32cubeide_1.3.0/stm32cubeide/plugins/com.st.stm32cube.ide.mcu.externaltools.gnu-tools-for-stm32.7-2018-q2-update.win32_1.0.0.201904181610/tools/bin/../lib/gcc/arm-none-eabi/7.3.1/../../../../arm-none-eabi/lib/thumb/v7-m\libc_nano.a(lib_a-strlen.o)
 .ARM.attributes
                0x0000000000000619       0x2d c:/st/stm32cubeide_1.3.0/stm32cubeide/plugins/com.st.stm32cube.ide.mcu.externaltools.gnu-tools-for-stm32.7-2018-q2-update.win32_1.0.0.201904181610/tools/bin/../lib/gcc/arm-none-eabi/7.3.1/../../../../arm-none-eabi/lib/thumb/v7-m\libc_nano.a(lib_a-strncmp.o)
 .ARM.attributes
                0x0000000000000646       0x2d c:/st/stm32cubeide_1.3.0/stm32cubeide/plugins/com.st.stm32cube.ide.mcu.externaltools.gnu-tools-for-stm32.7-2018-q2-update.win32_1.0.0.201904181610/tools/bin/../lib/gcc/arm-none-eabi/7.3.1/../../../../arm-none-eabi/lib/thumb/v7-m\libc_nano.a(lib_a-nano-svfprintf.o)
 .ARM.attributes
                0x0000000000000673       0x2d c:/st/stm32cubeide_1.3.0/stm32cubeide/plugins/com.st.stm32cube.ide.mcu.externaltools.gnu-tools-for-stm32.7-2018-q2-update.win32_1.0.0.201904181610/tools/bin/../lib/gcc/arm-none-eabi/7.3.1/../../../../arm-none-eabi/lib/thumb/v7-m\libc_nano.a(lib_a-nano-vfprintf_i.o)
 .ARM.attributes
                0x00000000000006a0       0x2d c:/st/stm32cubeide_1.3.0/stm32cubeide/plugins/com.st.stm32cube.ide.mcu.externaltools.gnu-tools-for-stm32.7-2018-q2-update.win32_1.0.0.201904181610/tools/bin/../lib/gcc/arm-none-eabi/7.3.1/../../../../arm-none-eabi/lib/thumb/v7-m\libc_nano.a(lib_a-memchr-stub.o)
 .ARM.attributes
                0x00000000000006cd       0x2d c:/st/stm32cubeide_1.3.0/stm32cubeide/plugins/com.st.stm32cube.ide.mcu.externaltools.gnu-tools-for-stm32.7-2018-q2-update.win32_1.0.0.201904181610/tools/bin/../lib/gcc/arm-none-eabi/7.3.1/../../../../arm-none-eabi/lib/thumb/v7-m\libc_nano.a(lib_a-memmove.o)
 .ARM.attributes
                0x00000000000006fa       0x2d c:/st/stm32cubeide_1.3.0/stm32cubeide/plugins/com.st.stm32cube.ide.mcu.externaltools.gnu-tools-for-stm32.7-2018-q2-update.win32_1.0.0.201904181610/tools/bin/../lib/gcc/arm-none-eabi/7.3.1/../../../../arm-none-eabi/lib/thumb/v7-m\libc_nano.a(lib_a-nano-freer.o)
 .ARM.attributes
                0x0000000000000727       0x2d c:/st/stm32cubeide_1.3.0/stm32cubeide/plugins/com.st.stm32cube.ide.mcu.externaltools.gnu-tools-for-stm32.7-2018-q2-update.win32_1.0.0.201904181610/tools/bin/../lib/gcc/arm-none-eabi/7.3.1/../../../../arm-none-eabi/lib/thumb/v7-m\libc_nano.a(lib_a-nano-mallocr.o)
 .ARM.attributes
                0x0000000000000754       0x2d c:/st/stm32cubeide_1.3.0/stm32cubeide/plugins/com.st.stm32cube.ide.mcu.externaltools.gnu-tools-for-stm32.7-2018-q2-update.win32_1.0.0.201904181610/tools/bin/../lib/gcc/arm-none-eabi/7.3.1/../../../../arm-none-eabi/lib/thumb/v7-m\libc_nano.a(lib_a-nano-reallocr.o)
 .ARM.attributes
                0x0000000000000781       0x2d c:/st/stm32cubeide_1.3.0/stm32cubeide/plugins/com.st.stm32cube.ide.mcu.externaltools.gnu-tools-for-stm32.7-2018-q2-update.win32_1.0.0.201904181610/tools/bin/../lib/gcc/arm-none-eabi/7.3.1/../../../../arm-none-eabi/lib/thumb/v7-m\libc_nano.a(lib_a-sbrkr.o)
 .ARM.attributes
                0x00000000000007ae       0x2d c:/st/stm32cubeide_1.3.0/stm32cubeide/plugins/com.st.stm32cube.ide.mcu.externaltools.gnu-tools-for-stm32.7-2018-q2-update.win32_1.0.0.201904181610/tools/bin/../lib/gcc/arm-none-eabi/7.3.1/../../../../arm-none-eabi/lib/thumb/v7-m\libc_nano.a(lib_a-mlock.o)
 .ARM.attributes
                0x00000000000007db       0x2d c:/st/stm32cubeide_1.3.0/stm32cubeide/plugins/com.st.stm32cube.ide.mcu.externaltools.gnu-tools-for-stm32.7-2018-q2-update.win32_1.0.0.201904181610/tools/bin/../lib/gcc/arm-none-eabi/7.3.1/../../../../arm-none-eabi/lib/thumb/v7-m\libc_nano.a(lib_a-nano-msizer.o)
 .ARM.attributes
                0x0000000000000808       0x2d c:/st/stm32cubeide_1.3.0/stm32cubeide/plugins/com.st.stm32cube.ide.mcu.externaltools.gnu-tools-for-stm32.7-2018-q2-update.win32_1.0.0.201904181610/tools/bin/../lib/gcc/arm-none-eabi/7.3.1/../../../../arm-none-eabi/lib/thumb/v7-m\libc_nano.a(lib_a-reent.o)
 .ARM.attributes
                0x0000000000000835       0x1d c:/st/stm32cubeide_1.3.0/stm32cubeide/plugins/com.st.stm32cube.ide.mcu.externaltools.gnu-tools-for-stm32.7-2018-q2-update.win32_1.0.0.201904181610/tools/bin/../lib/gcc/arm-none-eabi/7.3.1/thumb/v7-m/crtn.o
OUTPUT(BLE_SCAN.elf elf32-littlearm)

.debug_info     0x0000000000000000    0x13cbc
 .debug_info    0x0000000000000000     0x12a0 Core/Src/BLE_UART.o
 .debug_info    0x00000000000012a0      0xe58 Core/Src/httpd.o
 .debug_info    0x00000000000020f8      0xf9a Core/Src/jWrite.o
 .debug_info    0x0000000000003092     0x1a30 Core/Src/main.o
 .debug_info    0x0000000000004ac2      0xe6a Core/Src/net.o
 .debug_info    0x000000000000592c     0x1013 Core/Src/parser_JSON.o
 .debug_info    0x000000000000693f     0x177b Core/Src/stm32f1xx_hal_msp.o
 .debug_info    0x00000000000080ba     0x10e1 Core/Src/stm32f1xx_it.o
 .debug_info    0x000000000000919b      0x91c Core/Src/sysmem.o
 .debug_info    0x0000000000009ab7      0x433 Core/Src/system_stm32f1xx.o
 .debug_info    0x0000000000009eea     0x1614 Core/Src/w5500.o
 .debug_info    0x000000000000b4fe       0x22 Core/Startup/startup_stm32f103c8tx.o
 .debug_info    0x000000000000b520      0x6fe Drivers/STM32F1xx_HAL_Driver/Src/stm32f1xx_hal.o
 .debug_info    0x000000000000bc1e      0xb46 Drivers/STM32F1xx_HAL_Driver/Src/stm32f1xx_hal_cortex.o
 .debug_info    0x000000000000c764      0x7a6 Drivers/STM32F1xx_HAL_Driver/Src/stm32f1xx_hal_dma.o
 .debug_info    0x000000000000cf0a      0x681 Drivers/STM32F1xx_HAL_Driver/Src/stm32f1xx_hal_gpio.o
 .debug_info    0x000000000000d58b      0x2b6 Drivers/STM32F1xx_HAL_Driver/Src/stm32f1xx_hal_iwdg.o
 .debug_info    0x000000000000d841      0x804 Drivers/STM32F1xx_HAL_Driver/Src/stm32f1xx_hal_rcc.o
 .debug_info    0x000000000000e045     0x153a Drivers/STM32F1xx_HAL_Driver/Src/stm32f1xx_hal_spi.o
 .debug_info    0x000000000000f57f     0x2456 Drivers/STM32F1xx_HAL_Driver/Src/stm32f1xx_hal_tim.o
 .debug_info    0x00000000000119d5     0x1104 Drivers/STM32F1xx_HAL_Driver/Src/stm32f1xx_hal_tim_ex.o
 .debug_info    0x0000000000012ad9     0x11e3 Drivers/STM32F1xx_HAL_Driver/Src/stm32f1xx_hal_uart.o

.debug_abbrev   0x0000000000000000     0x2d5c
 .debug_abbrev  0x0000000000000000      0x2e3 Core/Src/BLE_UART.o
 .debug_abbrev  0x00000000000002e3      0x242 Core/Src/httpd.o
 .debug_abbrev  0x0000000000000525      0x332 Core/Src/jWrite.o
 .debug_abbrev  0x0000000000000857      0x2c3 Core/Src/main.o
 .debug_abbrev  0x0000000000000b1a      0x1e3 Core/Src/net.o
 .debug_abbrev  0x0000000000000cfd      0x205 Core/Src/parser_JSON.o
 .debug_abbrev  0x0000000000000f02      0x242 Core/Src/stm32f1xx_hal_msp.o
 .debug_abbrev  0x0000000000001144      0x1dc Core/Src/stm32f1xx_it.o
 .debug_abbrev  0x0000000000001320      0x1bb Core/Src/sysmem.o
 .debug_abbrev  0x00000000000014db      0x134 Core/Src/system_stm32f1xx.o
 .debug_abbrev  0x000000000000160f      0x27c Core/Src/w5500.o
 .debug_abbrev  0x000000000000188b       0x12 Core/Startup/startup_stm32f103c8tx.o
 .debug_abbrev  0x000000000000189d      0x1d8 Drivers/STM32F1xx_HAL_Driver/Src/stm32f1xx_hal.o
 .debug_abbrev  0x0000000000001a75      0x2d5 Drivers/STM32F1xx_HAL_Driver/Src/stm32f1xx_hal_cortex.o
 .debug_abbrev  0x0000000000001d4a      0x1fe Drivers/STM32F1xx_HAL_Driver/Src/stm32f1xx_hal_dma.o
 .debug_abbrev  0x0000000000001f48      0x1c0 Drivers/STM32F1xx_HAL_Driver/Src/stm32f1xx_hal_gpio.o
 .debug_abbrev  0x0000000000002108      0x141 Drivers/STM32F1xx_HAL_Driver/Src/stm32f1xx_hal_iwdg.o
 .debug_abbrev  0x0000000000002249      0x243 Drivers/STM32F1xx_HAL_Driver/Src/stm32f1xx_hal_rcc.o
 .debug_abbrev  0x000000000000248c      0x240 Drivers/STM32F1xx_HAL_Driver/Src/stm32f1xx_hal_spi.o
 .debug_abbrev  0x00000000000026cc      0x230 Drivers/STM32F1xx_HAL_Driver/Src/stm32f1xx_hal_tim.o
 .debug_abbrev  0x00000000000028fc      0x21e Drivers/STM32F1xx_HAL_Driver/Src/stm32f1xx_hal_tim_ex.o
 .debug_abbrev  0x0000000000002b1a      0x242 Drivers/STM32F1xx_HAL_Driver/Src/stm32f1xx_hal_uart.o

.debug_aranges  0x0000000000000000     0x1088
 .debug_aranges
                0x0000000000000000       0x60 Core/Src/BLE_UART.o
 .debug_aranges
                0x0000000000000060       0x40 Core/Src/httpd.o
 .debug_aranges
                0x00000000000000a0      0x118 Core/Src/jWrite.o
 .debug_aranges
                0x00000000000001b8       0x78 Core/Src/main.o
 .debug_aranges
                0x0000000000000230       0x30 Core/Src/net.o
 .debug_aranges
                0x0000000000000260       0x20 Core/Src/parser_JSON.o
 .debug_aranges
                0x0000000000000280       0x50 Core/Src/stm32f1xx_hal_msp.o
 .debug_aranges
                0x00000000000002d0       0x70 Core/Src/stm32f1xx_it.o
 .debug_aranges
                0x0000000000000340       0x20 Core/Src/sysmem.o
 .debug_aranges
                0x0000000000000360       0x28 Core/Src/system_stm32f1xx.o
 .debug_aranges
                0x0000000000000388       0xd0 Core/Src/w5500.o
 .debug_aranges
                0x0000000000000458       0x28 Core/Startup/startup_stm32f103c8tx.o
 .debug_aranges
                0x0000000000000480       0xe0 Drivers/STM32F1xx_HAL_Driver/Src/stm32f1xx_hal.o
 .debug_aranges
                0x0000000000000560      0x100 Drivers/STM32F1xx_HAL_Driver/Src/stm32f1xx_hal_cortex.o
 .debug_aranges
                0x0000000000000660       0x80 Drivers/STM32F1xx_HAL_Driver/Src/stm32f1xx_hal_dma.o
 .debug_aranges
                0x00000000000006e0       0x58 Drivers/STM32F1xx_HAL_Driver/Src/stm32f1xx_hal_gpio.o
 .debug_aranges
                0x0000000000000738       0x28 Drivers/STM32F1xx_HAL_Driver/Src/stm32f1xx_hal_iwdg.o
 .debug_aranges
                0x0000000000000760       0x90 Drivers/STM32F1xx_HAL_Driver/Src/stm32f1xx_hal_rcc.o
 .debug_aranges
                0x00000000000007f0      0x1d0 Drivers/STM32F1xx_HAL_Driver/Src/stm32f1xx_hal_spi.o
 .debug_aranges
                0x00000000000009c0      0x3a8 Drivers/STM32F1xx_HAL_Driver/Src/stm32f1xx_hal_tim.o
 .debug_aranges
                0x0000000000000d68      0x150 Drivers/STM32F1xx_HAL_Driver/Src/stm32f1xx_hal_tim_ex.o
 .debug_aranges
                0x0000000000000eb8      0x1d0 Drivers/STM32F1xx_HAL_Driver/Src/stm32f1xx_hal_uart.o

.debug_ranges   0x0000000000000000      0xf30
 .debug_ranges  0x0000000000000000       0x50 Core/Src/BLE_UART.o
 .debug_ranges  0x0000000000000050       0x30 Core/Src/httpd.o
 .debug_ranges  0x0000000000000080      0x108 Core/Src/jWrite.o
 .debug_ranges  0x0000000000000188       0x68 Core/Src/main.o
 .debug_ranges  0x00000000000001f0       0x20 Core/Src/net.o
 .debug_ranges  0x0000000000000210       0x10 Core/Src/parser_JSON.o
 .debug_ranges  0x0000000000000220       0x40 Core/Src/stm32f1xx_hal_msp.o
 .debug_ranges  0x0000000000000260       0x60 Core/Src/stm32f1xx_it.o
 .debug_ranges  0x00000000000002c0       0x10 Core/Src/sysmem.o
 .debug_ranges  0x00000000000002d0       0x18 Core/Src/system_stm32f1xx.o
 .debug_ranges  0x00000000000002e8       0xc0 Core/Src/w5500.o
 .debug_ranges  0x00000000000003a8       0x20 Core/Startup/startup_stm32f103c8tx.o
 .debug_ranges  0x00000000000003c8       0xd0 Drivers/STM32F1xx_HAL_Driver/Src/stm32f1xx_hal.o
 .debug_ranges  0x0000000000000498       0xf0 Drivers/STM32F1xx_HAL_Driver/Src/stm32f1xx_hal_cortex.o
 .debug_ranges  0x0000000000000588       0x70 Drivers/STM32F1xx_HAL_Driver/Src/stm32f1xx_hal_dma.o
 .debug_ranges  0x00000000000005f8       0x48 Drivers/STM32F1xx_HAL_Driver/Src/stm32f1xx_hal_gpio.o
 .debug_ranges  0x0000000000000640       0x18 Drivers/STM32F1xx_HAL_Driver/Src/stm32f1xx_hal_iwdg.o
 .debug_ranges  0x0000000000000658       0x80 Drivers/STM32F1xx_HAL_Driver/Src/stm32f1xx_hal_rcc.o
 .debug_ranges  0x00000000000006d8      0x1c0 Drivers/STM32F1xx_HAL_Driver/Src/stm32f1xx_hal_spi.o
 .debug_ranges  0x0000000000000898      0x398 Drivers/STM32F1xx_HAL_Driver/Src/stm32f1xx_hal_tim.o
 .debug_ranges  0x0000000000000c30      0x140 Drivers/STM32F1xx_HAL_Driver/Src/stm32f1xx_hal_tim_ex.o
 .debug_ranges  0x0000000000000d70      0x1c0 Drivers/STM32F1xx_HAL_Driver/Src/stm32f1xx_hal_uart.o

.debug_macro    0x0000000000000000    0x16d59
 .debug_macro   0x0000000000000000      0x358 Core/Src/BLE_UART.o
 .debug_macro   0x0000000000000358      0xa5a Core/Src/BLE_UART.o
 .debug_macro   0x0000000000000db2      0x227 Core/Src/BLE_UART.o
 .debug_macro   0x0000000000000fd9       0x2e Core/Src/BLE_UART.o
 .debug_macro   0x0000000000001007       0x22 Core/Src/BLE_UART.o
 .debug_macro   0x0000000000001029       0x22 Core/Src/BLE_UART.o
 .debug_macro   0x000000000000104b       0x8e Core/Src/BLE_UART.o
 .debug_macro   0x00000000000010d9       0x51 Core/Src/BLE_UART.o
 .debug_macro   0x000000000000112a       0xef Core/Src/BLE_UART.o
 .debug_macro   0x0000000000001219       0x6a Core/Src/BLE_UART.o
 .debug_macro   0x0000000000001283      0x1df Core/Src/BLE_UART.o
 .debug_macro   0x0000000000001462       0x1c Core/Src/BLE_UART.o
 .debug_macro   0x000000000000147e       0x22 Core/Src/BLE_UART.o
 .debug_macro   0x00000000000014a0       0xc3 Core/Src/BLE_UART.o
 .debug_macro   0x0000000000001563      0xd23 Core/Src/BLE_UART.o
 .debug_macro   0x0000000000002286     0xe09e Core/Src/BLE_UART.o
 .debug_macro   0x0000000000010324       0x43 Core/Src/BLE_UART.o
 .debug_macro   0x0000000000010367      0x174 Core/Src/BLE_UART.o
 .debug_macro   0x00000000000104db       0x5a Core/Src/BLE_UART.o
 .debug_macro   0x0000000000010535      0x5be Core/Src/BLE_UART.o
 .debug_macro   0x0000000000010af3      0x289 Core/Src/BLE_UART.o
 .debug_macro   0x0000000000010d7c      0x1cb Core/Src/BLE_UART.o
 .debug_macro   0x0000000000010f47      0x114 Core/Src/BLE_UART.o
 .debug_macro   0x000000000001105b      0x1b2 Core/Src/BLE_UART.o
 .debug_macro   0x000000000001120d       0x27 Core/Src/BLE_UART.o
 .debug_macro   0x0000000000011234      0x136 Core/Src/BLE_UART.o
 .debug_macro   0x000000000001136a      0x1bc Core/Src/BLE_UART.o
 .debug_macro   0x0000000000011526       0x34 Core/Src/BLE_UART.o
 .debug_macro   0x000000000001155a       0x3c Core/Src/BLE_UART.o
 .debug_macro   0x0000000000011596       0x57 Core/Src/BLE_UART.o
 .debug_macro   0x00000000000115ed       0x88 Core/Src/BLE_UART.o
 .debug_macro   0x0000000000011675      0x241 Core/Src/BLE_UART.o
 .debug_macro   0x00000000000118b6       0x78 Core/Src/BLE_UART.o
 .debug_macro   0x000000000001192e      0x141 Core/Src/BLE_UART.o
 .debug_macro   0x0000000000011a6f      0x217 Core/Src/BLE_UART.o
 .debug_macro   0x0000000000011c86      0x88b Core/Src/BLE_UART.o
 .debug_macro   0x0000000000012511      0x26b Core/Src/BLE_UART.o
 .debug_macro   0x000000000001277c       0x83 Core/Src/BLE_UART.o
 .debug_macro   0x00000000000127ff       0x46 Core/Src/BLE_UART.o
 .debug_macro   0x0000000000012845       0x18 Core/Src/BLE_UART.o
 .debug_macro   0x000000000001285d       0x3c Core/Src/BLE_UART.o
 .debug_macro   0x0000000000012899       0x34 Core/Src/BLE_UART.o
 .debug_macro   0x00000000000128cd       0x16 Core/Src/BLE_UART.o
 .debug_macro   0x00000000000128e3       0x35 Core/Src/BLE_UART.o
 .debug_macro   0x0000000000012918      0x32a Core/Src/BLE_UART.o
 .debug_macro   0x0000000000012c42       0x10 Core/Src/BLE_UART.o
 .debug_macro   0x0000000000012c52       0x52 Core/Src/BLE_UART.o
 .debug_macro   0x0000000000012ca4       0x1f Core/Src/BLE_UART.o
 .debug_macro   0x0000000000012cc3       0x43 Core/Src/BLE_UART.o
 .debug_macro   0x0000000000012d06       0x20 Core/Src/BLE_UART.o
 .debug_macro   0x0000000000012d26      0x1a3 Core/Src/BLE_UART.o
 .debug_macro   0x0000000000012ec9       0x10 Core/Src/BLE_UART.o
 .debug_macro   0x0000000000012ed9       0x1c Core/Src/BLE_UART.o
 .debug_macro   0x0000000000012ef5       0x52 Core/Src/BLE_UART.o
 .debug_macro   0x0000000000012f47       0x40 Core/Src/BLE_UART.o
 .debug_macro   0x0000000000012f87       0x10 Core/Src/BLE_UART.o
 .debug_macro   0x0000000000012f97       0x40 Core/Src/BLE_UART.o
 .debug_macro   0x0000000000012fd7       0xd7 Core/Src/BLE_UART.o
 .debug_macro   0x00000000000130ae       0x1c Core/Src/BLE_UART.o
 .debug_macro   0x00000000000130ca       0x3d Core/Src/BLE_UART.o
 .debug_macro   0x0000000000013107       0x16 Core/Src/BLE_UART.o
 .debug_macro   0x000000000001311d      0x145 Core/Src/BLE_UART.o
 .debug_macro   0x0000000000013262       0x16 Core/Src/BLE_UART.o
 .debug_macro   0x0000000000013278       0x20 Core/Src/BLE_UART.o
 .debug_macro   0x0000000000013298       0x28 Core/Src/BLE_UART.o
 .debug_macro   0x00000000000132c0       0x10 Core/Src/BLE_UART.o
 .debug_macro   0x00000000000132d0      0x394 Core/Src/httpd.o
 .debug_macro   0x0000000000013664       0x10 Core/Src/httpd.o
 .debug_macro   0x0000000000013674       0x16 Core/Src/httpd.o
 .debug_macro   0x000000000001368a       0x16 Core/Src/httpd.o
 .debug_macro   0x00000000000136a0       0x29 Core/Src/httpd.o
 .debug_macro   0x00000000000136c9       0x1c Core/Src/httpd.o
 .debug_macro   0x00000000000136e5      0x1ae Core/Src/httpd.o
 .debug_macro   0x0000000000013893       0x1c Core/Src/httpd.o
 .debug_macro   0x00000000000138af      0x1f7 Core/Src/jWrite.o
 .debug_macro   0x0000000000013aa6       0x40 Core/Src/jWrite.o
 .debug_macro   0x0000000000013ae6       0x94 Core/Src/jWrite.o
 .debug_macro   0x0000000000013b7a       0x57 Core/Src/jWrite.o
 .debug_macro   0x0000000000013bd1      0x330 Core/Src/jWrite.o
 .debug_macro   0x0000000000013f01       0x4c Core/Src/jWrite.o
 .debug_macro   0x0000000000013f4d      0x3cc Core/Src/main.o
 .debug_macro   0x0000000000014319       0x22 Core/Src/main.o
 .debug_macro   0x000000000001433b       0x10 Core/Src/main.o
 .debug_macro   0x000000000001434b       0x16 Core/Src/main.o
 .debug_macro   0x0000000000014361      0x3a3 Core/Src/net.o
 .debug_macro   0x0000000000014704      0x365 Core/Src/parser_JSON.o
 .debug_macro   0x0000000000014a69      0x343 Core/Src/stm32f1xx_hal_msp.o
 .debug_macro   0x0000000000014dac      0x34d Core/Src/stm32f1xx_it.o
 .debug_macro   0x00000000000150f9      0x1ae Core/Src/sysmem.o
 .debug_macro   0x00000000000152a7      0x23b Core/Src/sysmem.o
 .debug_macro   0x00000000000154e2      0x1b4 Core/Src/system_stm32f1xx.o
 .debug_macro   0x0000000000015696      0x39e Core/Src/w5500.o
 .debug_macro   0x0000000000015a34      0x1a8 Core/Src/w5500.o
 .debug_macro   0x0000000000015bdc      0x1d2 Drivers/STM32F1xx_HAL_Driver/Src/stm32f1xx_hal.o
 .debug_macro   0x0000000000015dae      0x1ae Drivers/STM32F1xx_HAL_Driver/Src/stm32f1xx_hal_cortex.o
 .debug_macro   0x0000000000015f5c      0x1ae Drivers/STM32F1xx_HAL_Driver/Src/stm32f1xx_hal_dma.o
 .debug_macro   0x000000000001610a      0x219 Drivers/STM32F1xx_HAL_Driver/Src/stm32f1xx_hal_gpio.o
 .debug_macro   0x0000000000016323      0x1b4 Drivers/STM32F1xx_HAL_Driver/Src/stm32f1xx_hal_iwdg.o
 .debug_macro   0x00000000000164d7      0x1c0 Drivers/STM32F1xx_HAL_Driver/Src/stm32f1xx_hal_rcc.o
 .debug_macro   0x0000000000016697      0x1b6 Drivers/STM32F1xx_HAL_Driver/Src/stm32f1xx_hal_spi.o
 .debug_macro   0x000000000001684d      0x1af Drivers/STM32F1xx_HAL_Driver/Src/stm32f1xx_hal_tim.o
 .debug_macro   0x00000000000169fc      0x1ae Drivers/STM32F1xx_HAL_Driver/Src/stm32f1xx_hal_tim_ex.o
 .debug_macro   0x0000000000016baa      0x1af Drivers/STM32F1xx_HAL_Driver/Src/stm32f1xx_hal_uart.o

.debug_line     0x0000000000000000     0xd9fc
 .debug_line    0x0000000000000000      0xa63 Core/Src/BLE_UART.o
 .debug_line    0x0000000000000a63      0xa3b Core/Src/httpd.o
 .debug_line    0x000000000000149e      0x90f Core/Src/jWrite.o
 .debug_line    0x0000000000001dad      0xa5b Core/Src/main.o
 .debug_line    0x0000000000002808      0x8d2 Core/Src/net.o
 .debug_line    0x00000000000030da      0x926 Core/Src/parser_JSON.o
 .debug_line    0x0000000000003a00      0x913 Core/Src/stm32f1xx_hal_msp.o
 .debug_line    0x0000000000004313      0x934 Core/Src/stm32f1xx_it.o
 .debug_line    0x0000000000004c47      0x55e Core/Src/sysmem.o
 .debug_line    0x00000000000051a5      0x696 Core/Src/system_stm32f1xx.o
 .debug_line    0x000000000000583b      0xac5 Core/Src/w5500.o
 .debug_line    0x0000000000006300       0x84 Core/Startup/startup_stm32f103c8tx.o
 .debug_line    0x0000000000006384      0x83e Drivers/STM32F1xx_HAL_Driver/Src/stm32f1xx_hal.o
 .debug_line    0x0000000000006bc2      0x917 Drivers/STM32F1xx_HAL_Driver/Src/stm32f1xx_hal_cortex.o
 .debug_line    0x00000000000074d9      0xaa5 Drivers/STM32F1xx_HAL_Driver/Src/stm32f1xx_hal_dma.o
 .debug_line    0x0000000000007f7e      0x83e Drivers/STM32F1xx_HAL_Driver/Src/stm32f1xx_hal_gpio.o
 .debug_line    0x00000000000087bc      0x696 Drivers/STM32F1xx_HAL_Driver/Src/stm32f1xx_hal_iwdg.o
 .debug_line    0x0000000000008e52      0x900 Drivers/STM32F1xx_HAL_Driver/Src/stm32f1xx_hal_rcc.o
 .debug_line    0x0000000000009752     0x100c Drivers/STM32F1xx_HAL_Driver/Src/stm32f1xx_hal_spi.o
 .debug_line    0x000000000000a75e     0x1704 Drivers/STM32F1xx_HAL_Driver/Src/stm32f1xx_hal_tim.o
 .debug_line    0x000000000000be62      0xc51 Drivers/STM32F1xx_HAL_Driver/Src/stm32f1xx_hal_tim_ex.o
 .debug_line    0x000000000000cab3      0xf49 Drivers/STM32F1xx_HAL_Driver/Src/stm32f1xx_hal_uart.o

.debug_str      0x0000000000000000    0x75016
 .debug_str     0x0000000000000000    0x70695 Core/Src/BLE_UART.o
                                      0x70a35 (size before relaxing)
 .debug_str     0x0000000000070695      0x7a3 Core/Src/httpd.o
                                      0x70b54 (size before relaxing)
 .debug_str     0x0000000000070e38      0x397 Core/Src/jWrite.o
                                       0x7a50 (size before relaxing)
 .debug_str     0x00000000000711cf      0x6f2 Core/Src/main.o
                                      0x716fa (size before relaxing)
 .debug_str     0x00000000000718c1       0x52 Core/Src/net.o
                                      0x70d9a (size before relaxing)
 .debug_str     0x0000000000071913       0x4f Core/Src/parser_JSON.o
                                      0x70a39 (size before relaxing)
 .debug_str     0x0000000000071962      0x33f Core/Src/stm32f1xx_hal_msp.o
                                      0x70eb0 (size before relaxing)
 .debug_str     0x0000000000071ca1       0xcf Core/Src/stm32f1xx_it.o
                                      0x709dc (size before relaxing)
 .debug_str     0x0000000000071d70      0x4be Core/Src/sysmem.o
                                       0x7acb (size before relaxing)
 .debug_str     0x000000000007222e       0xc2 Core/Src/system_stm32f1xx.o
                                      0x6c2ba (size before relaxing)
 .debug_str     0x00000000000722f0      0x1b6 Core/Src/w5500.o
                                      0x70fd8 (size before relaxing)
 .debug_str     0x00000000000724a6       0x36 Core/Startup/startup_stm32f103c8tx.o
                                         0x70 (size before relaxing)
 .debug_str     0x00000000000724dc      0x3b3 Drivers/STM32F1xx_HAL_Driver/Src/stm32f1xx_hal.o
                                      0x6c8cb (size before relaxing)
 .debug_str     0x000000000007288f      0x2c8 Drivers/STM32F1xx_HAL_Driver/Src/stm32f1xx_hal_cortex.o
                                      0x6c8d9 (size before relaxing)
 .debug_str     0x0000000000072b57      0x23f Drivers/STM32F1xx_HAL_Driver/Src/stm32f1xx_hal_dma.o
                                      0x6c61b (size before relaxing)
 .debug_str     0x0000000000072d96      0x31f Drivers/STM32F1xx_HAL_Driver/Src/stm32f1xx_hal_gpio.o
                                      0x6c604 (size before relaxing)
 .debug_str     0x00000000000730b5       0x75 Drivers/STM32F1xx_HAL_Driver/Src/stm32f1xx_hal_iwdg.o
                                      0x6c2bc (size before relaxing)
 .debug_str     0x000000000007312a      0x263 Drivers/STM32F1xx_HAL_Driver/Src/stm32f1xx_hal_rcc.o
                                      0x6c63d (size before relaxing)
 .debug_str     0x000000000007338d      0x529 Drivers/STM32F1xx_HAL_Driver/Src/stm32f1xx_hal_spi.o
                                      0x6cb2b (size before relaxing)
 .debug_str     0x00000000000738b6      0xd59 Drivers/STM32F1xx_HAL_Driver/Src/stm32f1xx_hal_tim.o
                                      0x6d408 (size before relaxing)
 .debug_str     0x000000000007460f      0x52f Drivers/STM32F1xx_HAL_Driver/Src/stm32f1xx_hal_tim_ex.o
                                      0x6cc08 (size before relaxing)
 .debug_str     0x0000000000074b3e      0x4d8 Drivers/STM32F1xx_HAL_Driver/Src/stm32f1xx_hal_uart.o
                                      0x6cb2c (size before relaxing)

.comment        0x0000000000000000       0x7b
 .comment       0x0000000000000000       0x7b Core/Src/BLE_UART.o
                                         0x7c (size before relaxing)
 .comment       0x000000000000007b       0x7c Core/Src/httpd.o
 .comment       0x000000000000007b       0x7c Core/Src/jWrite.o
 .comment       0x000000000000007b       0x7c Core/Src/main.o
 .comment       0x000000000000007b       0x7c Core/Src/net.o
 .comment       0x000000000000007b       0x7c Core/Src/parser_JSON.o
 .comment       0x000000000000007b       0x7c Core/Src/stm32f1xx_hal_msp.o
 .comment       0x000000000000007b       0x7c Core/Src/stm32f1xx_it.o
 .comment       0x000000000000007b       0x7c Core/Src/sysmem.o
 .comment       0x000000000000007b       0x7c Core/Src/system_stm32f1xx.o
 .comment       0x000000000000007b       0x7c Core/Src/w5500.o
 .comment       0x000000000000007b       0x7c Drivers/STM32F1xx_HAL_Driver/Src/stm32f1xx_hal.o
 .comment       0x000000000000007b       0x7c Drivers/STM32F1xx_HAL_Driver/Src/stm32f1xx_hal_cortex.o
 .comment       0x000000000000007b       0x7c Drivers/STM32F1xx_HAL_Driver/Src/stm32f1xx_hal_dma.o
 .comment       0x000000000000007b       0x7c Drivers/STM32F1xx_HAL_Driver/Src/stm32f1xx_hal_gpio.o
 .comment       0x000000000000007b       0x7c Drivers/STM32F1xx_HAL_Driver/Src/stm32f1xx_hal_iwdg.o
 .comment       0x000000000000007b       0x7c Drivers/STM32F1xx_HAL_Driver/Src/stm32f1xx_hal_rcc.o
 .comment       0x000000000000007b       0x7c Drivers/STM32F1xx_HAL_Driver/Src/stm32f1xx_hal_spi.o
 .comment       0x000000000000007b       0x7c Drivers/STM32F1xx_HAL_Driver/Src/stm32f1xx_hal_tim.o
 .comment       0x000000000000007b       0x7c Drivers/STM32F1xx_HAL_Driver/Src/stm32f1xx_hal_tim_ex.o
 .comment       0x000000000000007b       0x7c Drivers/STM32F1xx_HAL_Driver/Src/stm32f1xx_hal_uart.o

.debug_frame    0x0000000000000000     0x4764
 .debug_frame   0x0000000000000000      0x150 Core/Src/BLE_UART.o
 .debug_frame   0x0000000000000150       0xcc Core/Src/httpd.o
 .debug_frame   0x000000000000021c      0x490 Core/Src/jWrite.o
 .debug_frame   0x00000000000006ac      0x198 Core/Src/main.o
 .debug_frame   0x0000000000000844       0x6c Core/Src/net.o
 .debug_frame   0x00000000000008b0       0x34 Core/Src/parser_JSON.o
 .debug_frame   0x00000000000008e4      0x110 Core/Src/stm32f1xx_hal_msp.o
 .debug_frame   0x00000000000009f4      0x144 Core/Src/stm32f1xx_it.o
 .debug_frame   0x0000000000000b38       0x34 Core/Src/sysmem.o
 .debug_frame   0x0000000000000b6c       0x58 Core/Src/system_stm32f1xx.o
 .debug_frame   0x0000000000000bc4      0x358 Core/Src/w5500.o
 .debug_frame   0x0000000000000f1c      0x334 Drivers/STM32F1xx_HAL_Driver/Src/stm32f1xx_hal.o
 .debug_frame   0x0000000000001250      0x428 Drivers/STM32F1xx_HAL_Driver/Src/stm32f1xx_hal_cortex.o
 .debug_frame   0x0000000000001678      0x208 Drivers/STM32F1xx_HAL_Driver/Src/stm32f1xx_hal_dma.o
 .debug_frame   0x0000000000001880      0x14c Drivers/STM32F1xx_HAL_Driver/Src/stm32f1xx_hal_gpio.o
 .debug_frame   0x00000000000019cc       0x5c Drivers/STM32F1xx_HAL_Driver/Src/stm32f1xx_hal_iwdg.o
 .debug_frame   0x0000000000001a28      0x21c Drivers/STM32F1xx_HAL_Driver/Src/stm32f1xx_hal_rcc.o
 .debug_frame   0x0000000000001c44      0x824 Drivers/STM32F1xx_HAL_Driver/Src/stm32f1xx_hal_spi.o
 .debug_frame   0x0000000000002468     0x10e8 Drivers/STM32F1xx_HAL_Driver/Src/stm32f1xx_hal_tim.o
 .debug_frame   0x0000000000003550      0x5c0 Drivers/STM32F1xx_HAL_Driver/Src/stm32f1xx_hal_tim_ex.o
 .debug_frame   0x0000000000003b10      0x834 Drivers/STM32F1xx_HAL_Driver/Src/stm32f1xx_hal_uart.o
 .debug_frame   0x0000000000004344       0x20 c:/st/stm32cubeide_1.3.0/stm32cubeide/plugins/com.st.stm32cube.ide.mcu.externaltools.gnu-tools-for-stm32.7-2018-q2-update.win32_1.0.0.201904181610/tools/bin/../lib/gcc/arm-none-eabi/7.3.1/../../../../arm-none-eabi/lib/thumb/v7-m\libc_nano.a(lib_a-errno.o)
 .debug_frame   0x0000000000004364       0x2c c:/st/stm32cubeide_1.3.0/stm32cubeide/plugins/com.st.stm32cube.ide.mcu.externaltools.gnu-tools-for-stm32.7-2018-q2-update.win32_1.0.0.201904181610/tools/bin/../lib/gcc/arm-none-eabi/7.3.1/../../../../arm-none-eabi/lib/thumb/v7-m\libc_nano.a(lib_a-init.o)
 .debug_frame   0x0000000000004390       0x28 c:/st/stm32cubeide_1.3.0/stm32cubeide/plugins/com.st.stm32cube.ide.mcu.externaltools.gnu-tools-for-stm32.7-2018-q2-update.win32_1.0.0.201904181610/tools/bin/../lib/gcc/arm-none-eabi/7.3.1/../../../../arm-none-eabi/lib/thumb/v7-m\libc_nano.a(lib_a-memcpy-stub.o)
 .debug_frame   0x00000000000043b8       0x20 c:/st/stm32cubeide_1.3.0/stm32cubeide/plugins/com.st.stm32cube.ide.mcu.externaltools.gnu-tools-for-stm32.7-2018-q2-update.win32_1.0.0.201904181610/tools/bin/../lib/gcc/arm-none-eabi/7.3.1/../../../../arm-none-eabi/lib/thumb/v7-m\libc_nano.a(lib_a-memset.o)
 .debug_frame   0x00000000000043d8       0x6c c:/st/stm32cubeide_1.3.0/stm32cubeide/plugins/com.st.stm32cube.ide.mcu.externaltools.gnu-tools-for-stm32.7-2018-q2-update.win32_1.0.0.201904181610/tools/bin/../lib/gcc/arm-none-eabi/7.3.1/../../../../arm-none-eabi/lib/thumb/v7-m\libc_nano.a(lib_a-sprintf.o)
 .debug_frame   0x0000000000004444       0x20 c:/st/stm32cubeide_1.3.0/stm32cubeide/plugins/com.st.stm32cube.ide.mcu.externaltools.gnu-tools-for-stm32.7-2018-q2-update.win32_1.0.0.201904181610/tools/bin/../lib/gcc/arm-none-eabi/7.3.1/../../../../arm-none-eabi/lib/thumb/v7-m\libc_nano.a(lib_a-strchr.o)
 .debug_frame   0x0000000000004464       0x20 c:/st/stm32cubeide_1.3.0/stm32cubeide/plugins/com.st.stm32cube.ide.mcu.externaltools.gnu-tools-for-stm32.7-2018-q2-update.win32_1.0.0.201904181610/tools/bin/../lib/gcc/arm-none-eabi/7.3.1/../../../../arm-none-eabi/lib/thumb/v7-m\libc_nano.a(lib_a-strcpy.o)
 .debug_frame   0x0000000000004484       0x28 c:/st/stm32cubeide_1.3.0/stm32cubeide/plugins/com.st.stm32cube.ide.mcu.externaltools.gnu-tools-for-stm32.7-2018-q2-update.win32_1.0.0.201904181610/tools/bin/../lib/gcc/arm-none-eabi/7.3.1/../../../../arm-none-eabi/lib/thumb/v7-m\libc_nano.a(lib_a-strncmp.o)
 .debug_frame   0x00000000000044ac       0x90 c:/st/stm32cubeide_1.3.0/stm32cubeide/plugins/com.st.stm32cube.ide.mcu.externaltools.gnu-tools-for-stm32.7-2018-q2-update.win32_1.0.0.201904181610/tools/bin/../lib/gcc/arm-none-eabi/7.3.1/../../../../arm-none-eabi/lib/thumb/v7-m\libc_nano.a(lib_a-nano-svfprintf.o)
 .debug_frame   0x000000000000453c       0x60 c:/st/stm32cubeide_1.3.0/stm32cubeide/plugins/com.st.stm32cube.ide.mcu.externaltools.gnu-tools-for-stm32.7-2018-q2-update.win32_1.0.0.201904181610/tools/bin/../lib/gcc/arm-none-eabi/7.3.1/../../../../arm-none-eabi/lib/thumb/v7-m\libc_nano.a(lib_a-nano-vfprintf_i.o)
 .debug_frame   0x000000000000459c       0x28 c:/st/stm32cubeide_1.3.0/stm32cubeide/plugins/com.st.stm32cube.ide.mcu.externaltools.gnu-tools-for-stm32.7-2018-q2-update.win32_1.0.0.201904181610/tools/bin/../lib/gcc/arm-none-eabi/7.3.1/../../../../arm-none-eabi/lib/thumb/v7-m\libc_nano.a(lib_a-memchr-stub.o)
 .debug_frame   0x00000000000045c4       0x28 c:/st/stm32cubeide_1.3.0/stm32cubeide/plugins/com.st.stm32cube.ide.mcu.externaltools.gnu-tools-for-stm32.7-2018-q2-update.win32_1.0.0.201904181610/tools/bin/../lib/gcc/arm-none-eabi/7.3.1/../../../../arm-none-eabi/lib/thumb/v7-m\libc_nano.a(lib_a-memmove.o)
 .debug_frame   0x00000000000045ec       0x38 c:/st/stm32cubeide_1.3.0/stm32cubeide/plugins/com.st.stm32cube.ide.mcu.externaltools.gnu-tools-for-stm32.7-2018-q2-update.win32_1.0.0.201904181610/tools/bin/../lib/gcc/arm-none-eabi/7.3.1/../../../../arm-none-eabi/lib/thumb/v7-m\libc_nano.a(lib_a-nano-freer.o)
 .debug_frame   0x0000000000004624       0x2c c:/st/stm32cubeide_1.3.0/stm32cubeide/plugins/com.st.stm32cube.ide.mcu.externaltools.gnu-tools-for-stm32.7-2018-q2-update.win32_1.0.0.201904181610/tools/bin/../lib/gcc/arm-none-eabi/7.3.1/../../../../arm-none-eabi/lib/thumb/v7-m\libc_nano.a(lib_a-nano-mallocr.o)
 .debug_frame   0x0000000000004650       0x3c c:/st/stm32cubeide_1.3.0/stm32cubeide/plugins/com.st.stm32cube.ide.mcu.externaltools.gnu-tools-for-stm32.7-2018-q2-update.win32_1.0.0.201904181610/tools/bin/../lib/gcc/arm-none-eabi/7.3.1/../../../../arm-none-eabi/lib/thumb/v7-m\libc_nano.a(lib_a-nano-reallocr.o)